<html>
<body>
<pre>
<h1>µVision Build Log</h1>
<h2>Tool Versions:</h2>
IDE-Version: µVision V5.43.1.0
Copyright (C) 2025 ARM Ltd and ARM Germany GmbH. All rights reserved.
License Information: Mit gandhi
Inline hydraulik GmbH
User-based license: Keil MDK Community (non-commercial free of charge)
Valid until: Jun 1 2033. Cached until: Jan 12 2026
 
Tool Versions:
Toolchain:       Keil MDK Community (non-commercial free of charge  Version: 5.43.0.0
Toolchain Path:  C:\Users\m.gandhi\AppData\Local\Keil_v5\ARM\ARMCLANG\Bin
C Compiler:      ArmClang.exe V6.24
Assembler:       Armasm.exe V6.24
Linker/Locator:  ArmLink.exe V6.24
Library Manager: ArmAr.exe V6.24
Hex Converter:   FromElf.exe V6.24
CPU DLL:         SARMCM3.DLL V5.43.0.0
Dialog DLL:      DCM.DLL V1.17.5.0
Target DLL:      STLink\ST-LINKIII-KEIL_SWO.dll V3.3.1.0
Dialog DLL:      TCM.DLL V1.56.6.0
 
<h2>Project:</h2>
H:\PumpBoard_Controller\PumpBoard_Car_PPQ1_Single_V0.0.0.2_2025.10.27\USER\PumpCtrl.uvprojx
Project File Date:  01/05/2026

<h2>Output:</h2>
*** Using Compiler 'V6.24', folder: 'C:\Users\m.gandhi\AppData\Local\Keil_v5\ARM\ARMCLANG\Bin'
Build target 'PPQ_Ctrl'
assembling startup_stm32f40_41xxx.s...
compiling misc.c...
compiling system_stm32f4xx.c...
compiling stm32f4xx_crc.c...
compiling stm32f4xx_cryp.c...
compiling stm32f4xx_adc.c...
compiling main.c...
compiling stm32f4xx_can.c...
compiling stm32f4xx_cryp_des.c...
compiling stm32f4xx_dbgmcu.c...
compiling stm32f4xx_dac.c...
compiling stm32f4xx_cryp_tdes.c...
compiling stm32f4xx_dcmi.c...
compiling stm32f4xx_dma2d.c...
compiling stm32f4xx_cryp_aes.c...
compiling stm32f4xx_exti.c...
compiling stm32f4xx_flash_ramfunc.c...
compiling stm32f4xx_dma.c...
compiling stm32f4xx_hash_md5.c...
compiling stm32f4xx_fsmc.c...
compiling stm32f4xx_flash.c...
compiling stm32f4xx_gpio.c...
compiling stm32f4xx_hash_sha1.c...
compiling stm32f4xx_hash.c...
compiling stm32f4xx_i2c.c...
compiling stm32f4xx_iwdg.c...
compiling stm32f4xx_ltdc.c...
compiling stm32f4xx_pwr.c...
compiling stm32f4xx_rcc.c...
compiling stm32f4xx_rng.c...
compiling stm32f4xx_sai.c...
compiling stm32f4xx_sdio.c...
compiling stm32f4xx_syscfg.c...
compiling stm32f4xx_spi.c...
compiling stm32f4xx_rtc.c...
compiling stm32f4xx_wwdg.c...
compiling stm32f4xx_usart.c...
compiling Hw_SPI.c...
compiling stm32f4xx_tim.c...
compiling Hw_ADC.c...
compiling Hw_GPIO.c...
compiling Hw_TIM.c...
compiling algorithm.c...
compiling Hw_CAN.c...
compiling AD7689.c...
compiling analog_input.c...
compiling stm32f4xx_it.c...
compiling Task.c...
compiling application.c...
compiling flash.c...
compiling limit.c...
compiling CheckTable.c...
compiling Diagnose.c...
compiling can_protocol.c...
linking...
Program Size: Code=27520 RO-data=218244 RW-data=228 ZI-data=3164  
FromELF: creating hex file...
After Build - User command #1: fromelf.exe --bin -o "PumpCtrl_V0.1.0.4.bin" "..\OBJ\Template.axf"
"..\OBJ\Template.axf" - 0 Error(s), 0 Warning(s).

<h2>Software Packages used:</h2>

Package Vendor: Keil
                https://www.keil.com/pack/Keil.STM32F4xx_DFP.3.1.1.pack
                Keil::STM32F4xx_DFP@3.1.1
                STMicroelectronics STM32F4 Series Device Support

<h2>Collection of Component include folders:</h2>

<h2>Collection of Component Files used:</h2>
Build Time Elapsed:  00:00:15
</pre>
</body>
</html>
