Component: Arm Compiler for Embedded 6.24 Tool: armlink [5f371500]

==============================================================================

Section Cross References

    main.o(.text) refers to stm32f4xx_iwdg.o(.text) for IWDG_WriteAccessCmd
    main.o(.text) refers to misc.o(.text) for NVIC_PriorityGroupConfig
    main.o(.text) refers to hw_gpio.o(.text) for GPIO_Init_Func
    main.o(.text) refers to flash.o(.text) for InitUserParaProcess
    main.o(.text) refers to system_stm32f4xx.o(.data.SystemCoreClock) for SystemCoreClock
    main.o(.text) refers to hw_spi.o(.text) for SPI3_Int
    main.o(.text) refers to hw_tim.o(.text) for TIM2_init
    main.o(.text) refers to hw_adc.o(.text) for Adc1_Analog_Input_Init
    main.o(.text) refers to ad7689.o(.text) for AD7689InitFunc
    main.o(.text) refers to application.o(.text) for SensorModeChangeFunc
    main.o(.text) refers to task.o(.text) for TaskParmInit
    main.o(.text) refers to main.o(.bss.g_u8_SimulationMode) for g_u8_SimulationMode
    main.o(.text) refers to application.o(.data..L_MergedGlobals) for User_Parameter
    main.o(.text) refers to analog_input.o(.bss..L_MergedGlobals) for DetectorFdbVal
    main.o(.ARM.exidx) refers to main.o(.text) for [Anonymous Symbol]
    startup_stm32f40_41xxx.o(RESET) refers to startup_stm32f40_41xxx.o(STACK) for __initial_sp
    startup_stm32f40_41xxx.o(RESET) refers to startup_stm32f40_41xxx.o(.text) for Reset_Handler
    startup_stm32f40_41xxx.o(RESET) refers to stm32f4xx_it.o(.text) for NMI_Handler
    startup_stm32f40_41xxx.o(.text) refers to system_stm32f4xx.o(.text) for SystemInit
    startup_stm32f40_41xxx.o(.text) refers to entry.o(.ARM.Collect$$$$00000000) for __main
    system_stm32f4xx.o(.text) refers to system_stm32f4xx.o(.data.SystemCoreClock) for SystemCoreClock
    system_stm32f4xx.o(.text) refers to system_stm32f4xx.o(.rodata.AHBPrescTable) for AHBPrescTable
    system_stm32f4xx.o(.ARM.exidx) refers to system_stm32f4xx.o(.text) for [Anonymous Symbol]
    misc.o(.ARM.exidx) refers to misc.o(.text) for [Anonymous Symbol]
    stm32f4xx_adc.o(.text) refers to stm32f4xx_rcc.o(.text) for RCC_APB2PeriphResetCmd
    stm32f4xx_adc.o(.ARM.exidx) refers to stm32f4xx_adc.o(.text) for [Anonymous Symbol]
    stm32f4xx_can.o(.text) refers to stm32f4xx_rcc.o(.text) for RCC_APB1PeriphResetCmd
    stm32f4xx_can.o(.text) refers to stm32f4xx_can.o(.rodata..Lswitch.table.CAN_TransmitStatus) for .Lswitch.table.CAN_TransmitStatus
    stm32f4xx_can.o(.text) refers to stm32f4xx_can.o(.rodata..Lswitch.table.CAN_CancelTransmit) for .Lswitch.table.CAN_CancelTransmit
    stm32f4xx_can.o(.ARM.exidx) refers to stm32f4xx_can.o(.text) for [Anonymous Symbol]
    stm32f4xx_crc.o(.ARM.exidx) refers to stm32f4xx_crc.o(.text) for [Anonymous Symbol]
    stm32f4xx_cryp.o(.text) refers to stm32f4xx_rcc.o(.text) for RCC_AHB2PeriphResetCmd
    stm32f4xx_cryp.o(.ARM.exidx) refers to stm32f4xx_cryp.o(.text) for [Anonymous Symbol]
    stm32f4xx_cryp_aes.o(.text) refers to stm32f4xx_cryp.o(.text) for CRYP_KeyStructInit
    stm32f4xx_cryp_aes.o(.text) refers to memseta.o(.text) for __aeabi_memclr
    stm32f4xx_cryp_aes.o(.text) refers to memcpya.o(.text) for __aeabi_memcpy
    stm32f4xx_cryp_aes.o(.ARM.exidx) refers to stm32f4xx_cryp_aes.o(.text) for [Anonymous Symbol]
    stm32f4xx_cryp_des.o(.text) refers to stm32f4xx_cryp.o(.text) for CRYP_KeyStructInit
    stm32f4xx_cryp_des.o(.ARM.exidx) refers to stm32f4xx_cryp_des.o(.text) for [Anonymous Symbol]
    stm32f4xx_cryp_tdes.o(.text) refers to stm32f4xx_cryp.o(.text) for CRYP_KeyStructInit
    stm32f4xx_cryp_tdes.o(.ARM.exidx) refers to stm32f4xx_cryp_tdes.o(.text) for [Anonymous Symbol]
    stm32f4xx_dac.o(.text) refers to stm32f4xx_rcc.o(.text) for RCC_APB1PeriphResetCmd
    stm32f4xx_dac.o(.ARM.exidx) refers to stm32f4xx_dac.o(.text) for [Anonymous Symbol]
    stm32f4xx_dbgmcu.o(.ARM.exidx) refers to stm32f4xx_dbgmcu.o(.text) for [Anonymous Symbol]
    stm32f4xx_dcmi.o(.ARM.exidx) refers to stm32f4xx_dcmi.o(.text) for [Anonymous Symbol]
    stm32f4xx_dma2d.o(.text) refers to stm32f4xx_rcc.o(.text) for RCC_AHB1PeriphResetCmd
    stm32f4xx_dma2d.o(.text) refers to memseta.o(.text) for __aeabi_memclr4
    stm32f4xx_dma2d.o(.ARM.exidx) refers to stm32f4xx_dma2d.o(.text) for [Anonymous Symbol]
    stm32f4xx_dma.o(.text) refers to memseta.o(.text) for __aeabi_memclr4
    stm32f4xx_dma.o(.ARM.exidx) refers to stm32f4xx_dma.o(.text) for [Anonymous Symbol]
    stm32f4xx_exti.o(.ARM.exidx) refers to stm32f4xx_exti.o(.text) for [Anonymous Symbol]
    stm32f4xx_flash.o(.ARM.exidx) refers to stm32f4xx_flash.o(.text) for [Anonymous Symbol]
    stm32f4xx_flash_ramfunc.o(.ARM.exidx.RamFunc) refers to stm32f4xx_flash_ramfunc.o(.RamFunc) for [Anonymous Symbol]
    stm32f4xx_fsmc.o(.text) refers to stm32f4xx_fsmc.o(.rodata.FSMC_DefaultTimingStruct) for FSMC_DefaultTimingStruct
    stm32f4xx_fsmc.o(.ARM.exidx) refers to stm32f4xx_fsmc.o(.text) for [Anonymous Symbol]
[...]

==============================================================================

Image Symbol Table

    Local Symbols

    Symbol Name                              Value     Ov Type        Size  Object(Section)

    ../clib/microlib/errno.c                 0x00000000   Number         0  errno.o ABSOLUTE
    ../clib/microlib/init/entry.s            0x00000000   Number         0  entry.o ABSOLUTE
    ../clib/microlib/init/entry.s            0x00000000   Number         0  entry2.o ABSOLUTE
    ../clib/microlib/init/entry.s            0x00000000   Number         0  entry5.o ABSOLUTE
    ../clib/microlib/init/entry.s            0x00000000   Number         0  entry7a.o ABSOLUTE
    ../clib/microlib/init/entry.s            0x00000000   Number         0  entry7b.o ABSOLUTE
    ../clib/microlib/init/entry.s            0x00000000   Number         0  entry8a.o ABSOLUTE
    ../clib/microlib/init/entry.s            0x00000000   Number         0  entry8b.o ABSOLUTE
    ../clib/microlib/init/entry.s            0x00000000   Number         0  entry9a.o ABSOLUTE
    ../clib/microlib/init/entry.s            0x00000000   Number         0  entry9b.o ABSOLUTE
    ../clib/microlib/init/entry.s            0x00000000   Number         0  entry10a.o ABSOLUTE
    ../clib/microlib/init/entry.s            0x00000000   Number         0  entry10b.o ABSOLUTE
    ../clib/microlib/init/entry.s            0x00000000   Number         0  entry11a.o ABSOLUTE
    ../clib/microlib/init/entry.s            0x00000000   Number         0  entry11b.o ABSOLUTE
    ../clib/microlib/string/memcpy.c         0x00000000   Number         0  memcpya.o ABSOLUTE
    ../clib/microlib/string/memcpy.c         0x00000000   Number         0  memcpyb.o ABSOLUTE
    ../clib/microlib/string/memset.c         0x00000000   Number         0  memseta.o ABSOLUTE
    ../clib/microlib/stubs.s                 0x00000000   Number         0  iusefp.o ABSOLUTE
    ../fplib/microlib/fpepilogue.c           0x00000000   Number         0  fepilogue.o ABSOLUTE
    ../fplib/microlib/fpfix.c                0x00000000   Number         0  ffixir.o ABSOLUTE
    ../fplib/microlib/fprnd.c                0x00000000   Number         0  frnd.o ABSOLUTE
    ../mathlib/lrint.c                       0x00000000   Number         0  lrintf.o ABSOLUTE
    ..\CORE\startup_stm32f40_41xxx.s         0x00000000   Number         0  startup_stm32f40_41xxx.o ABSOLUTE
    ..\Function\PID.c                        0x00000000   Number         0  pid.o ABSOLUTE
    ..\Function\deadzone_current.c           0x00000000   Number         0  deadzone_current.o ABSOLUTE
    ..\\Function\\PID.c                      0x00000000   Number         0  pid.o ABSOLUTE
    AD7689.c                                 0x00000000   Number         0  ad7689.o ABSOLUTE
    CheckTable.c                             0x00000000   Number         0  checktable.o ABSOLUTE
    Diagnose.c                               0x00000000   Number         0  diagnose.o ABSOLUTE
    Hw_ADC.c                                 0x00000000   Number         0  hw_adc.o ABSOLUTE
    Hw_GPIO.c                                0x00000000   Number         0  hw_gpio.o ABSOLUTE
    Hw_SPI.c                                 0x00000000   Number         0  hw_spi.o ABSOLUTE
    Hw_TIM.c                                 0x00000000   Number         0  hw_tim.o ABSOLUTE
    Task.c                                   0x00000000   Number         0  task.o ABSOLUTE
    algorithm.c                              0x00000000   Number         0  algorithm.o ABSOLUTE
    analog_input.c                           0x00000000   Number         0  analog_input.o ABSOLUTE
    application.c                            0x00000000   Number         0  application.o ABSOLUTE
    dc.s                                     0x00000000   Number         0  dc.o ABSOLUTE
    flash.c                                  0x00000000   Number         0  flash.o ABSOLUTE
    handlers.s                               0x00000000   Number         0  handlers.o ABSOLUTE
    init.s                                   0x00000000   Number         0  init.o ABSOLUTE
    limit.c                                  0x00000000   Number         0  limit.o ABSOLUTE
    main.c                                   0x00000000   Number         0  main.o ABSOLUTE
    misc.c                                   0x00000000   Number         0  misc.o ABSOLUTE
    stm32f4xx_adc.c                          0x00000000   Number         0  stm32f4xx_adc.o ABSOLUTE
    stm32f4xx_can.c                          0x00000000   Number         0  stm32f4xx_can.o ABSOLUTE
    stm32f4xx_crc.c                          0x00000000   Number         0  stm32f4xx_crc.o ABSOLUTE
    stm32f4xx_cryp.c                         0x00000000   Number         0  stm32f4xx_cryp.o ABSOLUTE
    stm32f4xx_cryp_aes.c                     0x00000000   Number         0  stm32f4xx_cryp_aes.o ABSOLUTE
    stm32f4xx_cryp_des.c                     0x00000000   Number         0  stm32f4xx_cryp_des.o ABSOLUTE
    stm32f4xx_cryp_tdes.c                    0x00000000   Number         0  stm32f4xx_cryp_tdes.o ABSOLUTE
    stm32f4xx_dac.c                          0x00000000   Number         0  stm32f4xx_dac.o ABSOLUTE
    stm32f4xx_dbgmcu.c                       0x00000000   Number         0  stm32f4xx_dbgmcu.o ABSOLUTE
    stm32f4xx_dcmi.c                         0x00000000   Number         0  stm32f4xx_dcmi.o ABSOLUTE
    stm32f4xx_dma.c                          0x00000000   Number         0  stm32f4xx_dma.o ABSOLUTE
    stm32f4xx_dma2d.c                        0x00000000   Number         0  stm32f4xx_dma2d.o ABSOLUTE
    stm32f4xx_exti.c                         0x00000000   Number         0  stm32f4xx_exti.o ABSOLUTE
    stm32f4xx_flash.c                        0x00000000   Number         0  stm32f4xx_flash.o ABSOLUTE
    stm32f4xx_flash_ramfunc.c                0x00000000   Number         0  stm32f4xx_flash_ramfunc.o ABSOLUTE
    stm32f4xx_fsmc.c                         0x00000000   Number         0  stm32f4xx_fsmc.o ABSOLUTE
    stm32f4xx_gpio.c                         0x00000000   Number         0  stm32f4xx_gpio.o ABSOLUTE
    stm32f4xx_hash.c                         0x00000000   Number         0  stm32f4xx_hash.o ABSOLUTE
    stm32f4xx_hash_md5.c                     0x00000000   Number         0  stm32f4xx_hash_md5.o ABSOLUTE
    stm32f4xx_hash_sha1.c                    0x00000000   Number         0  stm32f4xx_hash_sha1.o ABSOLUTE
    stm32f4xx_i2c.c                          0x00000000   Number         0  stm32f4xx_i2c.o ABSOLUTE
    stm32f4xx_it.c                           0x00000000   Number         0  stm32f4xx_it.o ABSOLUTE
    stm32f4xx_iwdg.c                         0x00000000   Number         0  stm32f4xx_iwdg.o ABSOLUTE
    stm32f4xx_ltdc.c                         0x00000000   Number         0  stm32f4xx_ltdc.o ABSOLUTE
    stm32f4xx_pwr.c                          0x00000000   Number         0  stm32f4xx_pwr.o ABSOLUTE
    stm32f4xx_rcc.c                          0x00000000   Number         0  stm32f4xx_rcc.o ABSOLUTE
    stm32f4xx_rng.c                          0x00000000   Number         0  stm32f4xx_rng.o ABSOLUTE
    stm32f4xx_rtc.c                          0x00000000   Number         0  stm32f4xx_rtc.o ABSOLUTE
    stm32f4xx_sai.c                          0x00000000   Number         0  stm32f4xx_sai.o ABSOLUTE
    stm32f4xx_sdio.c                         0x00000000   Number         0  stm32f4xx_sdio.o ABSOLUTE
    stm32f4xx_spi.c                          0x00000000   Number         0  stm32f4xx_spi.o ABSOLUTE
    stm32f4xx_syscfg.c                       0x00000000   Number         0  stm32f4xx_syscfg.o ABSOLUTE
    stm32f4xx_tim.c                          0x00000000   Number         0  stm32f4xx_tim.o ABSOLUTE
    stm32f4xx_usart.c                        0x00000000   Number         0  stm32f4xx_usart.o ABSOLUTE
    stm32f4xx_wwdg.c                         0x00000000   Number         0  stm32f4xx_wwdg.o ABSOLUTE
    system_stm32f4xx.c                       0x00000000   Number         0  system_stm32f4xx.o ABSOLUTE
    RESET                                    0x08000000   Section      392  startup_stm32f40_41xxx.o(RESET)
    .ARM.Collect$$$$00000000                 0x08000188   Section        0  entry.o(.ARM.Collect$$$$00000000)
    .ARM.Collect$$$$00000001                 0x08000188   Section        4  entry2.o(.ARM.Collect$$$$00000001)
    .ARM.Collect$$$$00000004                 0x0800018c   Section        4  entry5.o(.ARM.Collect$$$$00000004)
    .ARM.Collect$$$$00000008                 0x08000190   Section        0  entry7b.o(.ARM.Collect$$$$00000008)
    .ARM.Collect$$$$0000000A                 0x08000190   Section        0  entry8b.o(.ARM.Collect$$$$0000000A)
    .ARM.Collect$$$$0000000B                 0x08000190   Section        8  entry9a.o(.ARM.Collect$$$$0000000B)
    __lit__00000000                          0x08000198   Data           4  entry2.o(.ARM.Collect$$$$00002712)
    .ARM.Collect$$$$0000000D                 0x08000198   Section        0  entry10a.o(.ARM.Collect$$$$0000000D)
    .ARM.Collect$$$$0000000F                 0x08000198   Section        0  entry11a.o(.ARM.Collect$$$$0000000F)
    .ARM.Collect$$$$00002712                 0x08000198   Section        4  entry2.o(.ARM.Collect$$$$00002712)
    [Anonymous Symbol]                       0x0800019c   Section        0  main.o(.text)
    $v0                                      0x0800029c   Number         0  startup_stm32f40_41xxx.o(.text)
    .text                                    0x0800029c   Section       36  startup_stm32f40_41xxx.o(.text)
    [Anonymous Symbol]                       0x080002c0   Section        0  system_stm32f4xx.o(.text)
    [Anonymous Symbol]                       0x08000480   Section        0  misc.o(.text)
    [Anonymous Symbol]                       0x08000540   Section        0  stm32f4xx_adc.o(.text)
    [Anonymous Symbol]                       0x080008dc   Section        0  stm32f4xx_dma.o(.text)
    [Anonymous Symbol]                       0x08000da4   Section        0  stm32f4xx_flash.o(.text)
    [Anonymous Symbol]                       0x08001ef0   Section        0  stm32f4xx_gpio.o(.text)
    [Anonymous Symbol]                       0x080020c4   Section        0  stm32f4xx_iwdg.o(.text)
    [Anonymous Symbol]                       0x0800211c   Section        0  stm32f4xx_rcc.o(.text)
    [Anonymous Symbol]                       0x080026e8   Section        0  stm32f4xx_spi.o(.text)
    [Anonymous Symbol]                       0x08002a94   Section        0  stm32f4xx_tim.o(.text)
    [Anonymous Symbol]                       0x08003640   Section        0  hw_spi.o(.text)
    [Anonymous Symbol]                       0x08003714   Section        0  hw_adc.o(.text)
    [Anonymous Symbol]                       0x0800387c   Section        0  hw_gpio.o(.text)
    [Anonymous Symbol]                       0x08003a50   Section        0  hw_tim.o(.text)
    [Anonymous Symbol]                       0x08003b20   Section        0  ad7689.o(.text)
    [Anonymous Symbol]                       0x08004008   Section        0  analog_input.o(.text)
    [Anonymous Symbol]                       0x080045ec   Section        0  application.o(.text)
    [Anonymous Symbol]                       0x08005220   Section        0  flash.o(.text)
    [Anonymous Symbol]                       0x08005d08   Section        0  stm32f4xx_it.o(.text)
    [Anonymous Symbol]                       0x08005d74   Section        0  task.o(.text)
    [Anonymous Symbol]                       0x08005e88   Section        0  limit.o(.text)
    [Anonymous Symbol]                       0x08005fec   Section        0  diagnose.o(.text)
    .text                                    0x080061d2   Section        0  memseta.o(.text)
    .text                                    0x080061f6   Section        0  iusefp.o(.text)
    .text                                    0x080061f6   Section        0  frnd.o(.text)
    .text                                    0x08006232   Section        0  ffixir.o(.text)
    .text                                    0x08006280   Section       48  init.o(.text)
    .text                                    0x080062b0   Section        0  fepilogue.o(.text)
    i.Angle_PID_Regulator                    0x08006320   Section        0  pid.o(i.Angle_PID_Regulator)
    i.Compute_Cur_B_Ref                      0x080065e0   Section        0  deadzone_current.o(i.Compute_Cur_B_Ref)
    i.PID_Regulator                          0x080067f4   Section        0  pid.o(i.PID_Regulator)
    i.Pressure_PID_Regulator                 0x080068c8   Section        0  pid.o(i.Pressure_PID_Regulator)
    i.__hardfp_lrintf                        0x08006c98   Section        0  lrintf.o(i.__hardfp_lrintf)
    i.__scatterload_copy                     0x08006ce0   Section       14  handlers.o(i.__scatterload_copy)
    i.__scatterload_null                     0x08006cee   Section        2  handlers.o(i.__scatterload_null)
    i.__scatterload_zeroinit                 0x08006cf0   Section       14  handlers.o(i.__scatterload_zeroinit)
    i.__set_errno                            0x08006d00   Section        0  errno.o(i.__set_errno)
    clampf                                   0x08006d0d   Thumb Code    42  deadzone_current.o(i.clampf)
    i.clampf                                 0x08006d0c   Section        0  deadzone_current.o(i.clampf)
    .Lswitch.table.GPIO_DeInit               0x08006d38   Data          44  stm32f4xx_gpio.o(.rodata..Lswitch.table.GPIO_DeInit)
    APBAHBPrescTable                         0x08006d74   Data          16  stm32f4xx_rcc.o(.rodata.APBAHBPrescTable)
    [Anonymous Symbol]                       0x08006d74   Section        0  stm32f4xx_rcc.o(.rodata.APBAHBPrescTable)
    .Lswitch.table.I2S_FullDuplexConfig      0x08006d84   Data           8  stm32f4xx_spi.o(.rodata.cst8)
    .data                                    0x20000000   Section       32  pid.o(.data)
    cnt                                      0x20000018   Data           2  pid.o(.data)
    s_s16_D_Error                            0x2000001a   Data           2  pid.o(.data)
    cnt                                      0x2000001c   Data           2  pid.o(.data)
    s_s16_D_Error                            0x2000001e   Data           2  pid.o(.data)
    _errno                                   0x20000020   Data           4  errno.o(.data)
    .data                                    0x20000020   Section        4  errno.o(.data)
    .L_MergedGlobals                         0x20000024   Data          88  application.o(.data..L_MergedGlobals)
    [Anonymous Symbol]                       0x20000024   Section        0  application.o(.data..L_MergedGlobals)
    .L_MergedGlobals                         0x2000007c   Data          14  task.o(.data..L_MergedGlobals)
    TaskComps.1                              0x2000007c   Data           2  task.o(.data..L_MergedGlobals)
    [Anonymous Symbol]                       0x2000007c   Section        0  task.o(.data..L_MergedGlobals)
    TaskComps.5                              0x20000080   Data           2  task.o(.data..L_MergedGlobals)
    TaskComps.9                              0x20000084   Data           2  task.o(.data..L_MergedGlobals)
    TaskComps.13                             0x20000088   Data           2  task.o(.data..L_MergedGlobals)
    .bss                                     0x200000e8   Section      256  pid.o(.bss)
    .L_MergedGlobals                         0x200001e8   Data         112  analog_input.o(.bss..L_MergedGlobals)
    [Anonymous Symbol]                       0x200001e8   Section        0  analog_input.o(.bss..L_MergedGlobals)
    Cal_AngFbkDiff_Func.s_s32_Pre_AngFdb     0x200001ec   Data           4  analog_input.o(.bss..L_MergedGlobals)
    CalAngFbkDiff_InPrsLoop_Func.s_s32_Pre_AngFdb 0x200001f0   Data           4  analog_input.o(.bss..L_MergedGlobals)
    Cal_PrsFbkDiff_Func.s_s32_Pre_PressureFdb 0x200001f4   Data           4  analog_input.o(.bss..L_MergedGlobals)
    CalAD7689AvgAngPrsData.s_f32_Pre_Pressure_01 0x200001f8   Data           4  analog_input.o(.bss..L_MergedGlobals)
    CalAD7689AvgAngPrsData.s_f32_Pre_Pressure_02 0x200001fc   Data           4  analog_input.o(.bss..L_MergedGlobals)
    CalAD7689AvgAngPrsData.s_f32_Pre_SwivelAngle_01 0x20000200   Data           4  analog_input.o(.bss..L_MergedGlobals)
    CalAD7689AvgAngPrsData.s_f32_Pre_SwivelAngle_02 0x20000204   Data           4  analog_input.o(.bss..L_MergedGlobals)
    .L_MergedGlobals                         0x20000258   Data          22  diagnose.o(.bss..L_MergedGlobals)
    [Anonymous Symbol]                       0x20000258   Section        0  diagnose.o(.bss..L_MergedGlobals)
    DiagnoseCurFdbASensorErr.s_u16_SetErrDlyCnt 0x2000025a   Data           2  diagnose.o(.bss..L_MergedGlobals)
    DiagnoseCurFdbASensorErr.s_u16_ClrErrDlyCnt 0x2000025c   Data           2  diagnose.o(.bss..L_MergedGlobals)
    DiagnoseCurFdbBSensorErr.s_u16_SetErrDlyCnt 0x2000025e   Data           2  diagnose.o(.bss..L_MergedGlobals)
    DiagnoseCurFdbBSensorErr.s_u16_ClrErrDlyCnt 0x20000260   Data           2  diagnose.o(.bss..L_MergedGlobals)
    DiagnosePressure01SensorErr.s_u16_SetErrDlyCnt 0x20000262   Data           2  diagnose.o(.bss..L_MergedGlobals)
    DiagnosePressure01SensorErr.s_u16_ClrErrDlyCnt 0x20000264   Data           2  diagnose.o(.bss..L_MergedGlobals)
    DiagnosePressure02SensorErr.s_u16_SetErrDlyCnt 0x20000266   Data           2  diagnose.o(.bss..L_MergedGlobals)
    DiagnosePressure02SensorErr.s_u16_ClrErrDlyCnt 0x20000268   Data           2  diagnose.o(.bss..L_MergedGlobals)
    DiagnoseAngleSensorErr.s_u16_SetErrDlyCnt 0x2000026a   Data           2  diagnose.o(.bss..L_MergedGlobals)
    DiagnoseAngleSensorErr.s_u16_ClrErrDlyCnt 0x2000026c   Data           2  diagnose.o(.bss..L_MergedGlobals)
    .L_MergedGlobals.1                       0x20000270   Data          80  application.o(.bss..L_MergedGlobals.1)
    [Anonymous Symbol]                       0x20000270   Section        0  application.o(.bss..L_MergedGlobals.1)
    LimitAngLoopOutput.s_u8_Flag             0x20000271   Data           1  application.o(.bss..L_MergedGlobals.1)
    UpdateAngleLoopMaxMinErrSum.s_u8_Flag    0x20000272   Data           1  application.o(.bss..L_MergedGlobals.1)
    TiltAng_B_FreqShakeFunc.u16CycleCnt      0x20000274   Data           2  application.o(.bss..L_MergedGlobals.1)
    TiltAngleLoop_Func.s_s16_Cur_B_Ref       0x2000027e   Data           2  application.o(.bss..L_MergedGlobals.1)
    TiltAngleLoop_Func.s_s16_AngLoopOutput_OffsetCur 0x20000280   Data           2  application.o(.bss..L_MergedGlobals.1)
    TiltAngleLoop_Func.s_s16_PrsLoopOutput_OffsetCur 0x20000282   Data           2  application.o(.bss..L_MergedGlobals.1)
    LimitAngLoopOutput.s_u16_500ms_DlyCnt    0x20000284   Data           2  application.o(.bss..L_MergedGlobals.1)
    LimitAngLoopOutput.s_u16_PreTiltAngleRef 0x20000286   Data           2  application.o(.bss..L_MergedGlobals.1)
    LimitAngLoopOutput.s_u16_PreCurRef       0x20000288   Data           2  application.o(.bss..L_MergedGlobals.1)
    UpdateAngleLoopMaxMinErrSum.s_u16_500ms_DlyCnt 0x2000028a   Data           2  application.o(.bss..L_MergedGlobals.1)
    UpdateAngleLoopMaxMinErrSum.s_u16_PreTiltAngleRef 0x2000028c   Data           2  application.o(.bss..L_MergedGlobals.1)
    TiltAngleLoop_Func.s_f32_AngRef          0x200002a0   Data           4  application.o(.bss..L_MergedGlobals.1)
    .L_MergedGlobals.1                       0x200002c0   Data          13  task.o(.bss..L_MergedGlobals.1)
    TaskComps.0                              0x200002c0   Data           1  task.o(.bss..L_MergedGlobals.1)
    [Anonymous Symbol]                       0x200002c0   Section        0  task.o(.bss..L_MergedGlobals.1)
    TaskComps.4                              0x200002c4   Data           1  task.o(.bss..L_MergedGlobals.1)
    TaskComps.8                              0x200002c8   Data           1  task.o(.bss..L_MergedGlobals.1)
    TaskComps.12                             0x200002cc   Data           1  task.o(.bss..L_MergedGlobals.1)
    Cur_A_B_RefFilterFunc.s_f32_Pre_Cur_B    0x200002d0   Data           4  analog_input.o(.bss.Cur_A_B_RefFilterFunc.s_f32_Pre_Cur_B)
    [Anonymous Symbol]                       0x200002d0   Section        0  analog_input.o(.bss.Cur_A_B_RefFilterFunc.s_f32_Pre_Cur_B)
    TiltAng_A_FreqShakeFunc.u16CycleCnt      0x200002da   Data           2  application.o(.bss.TiltAng_A_FreqShakeFunc.u16CycleCnt)
    [Anonymous Symbol]                       0x200002da   Section        0  application.o(.bss.TiltAng_A_FreqShakeFunc.u16CycleCnt)
    STACK                                    0x20000940   Section     1024  startup_stm32f40_41xxx.o(STACK)

    Global Symbols

    Symbol Name                              Value     Ov Type        Size  Object(Section)

    BuildAttributes$$THM_ISAv4$E$P$D$K$B$S$7EM$VFPi3$EXTD16$VFPS$VFMA$PE$A:L22UL41UL21$X:L11$S22US41US21$IEEE1$IW$~IW$USESV6$~STKCKD$USESV7$~SHL$OTIME$ROPI$IEEEJ$EBA8$MICROLIB$REQ8$PRES8$EABIv2 0x00000000   Number         0  anon$$obj.o ABSOLUTE
    __cpp_initialize__aeabi_                  - Undefined Weak Reference
    __cxa_finalize                            - Undefined Weak Reference
    __decompress                              - Undefined Weak Reference
    _clock_init                               - Undefined Weak Reference
    _microlib_exit                            - Undefined Weak Reference
    __Vectors_Size                           0x00000188   Number         0  startup_stm32f40_41xxx.o ABSOLUTE
    __Vectors                                0x08000000   Data           4  startup_stm32f40_41xxx.o(RESET)
    __Vectors_End                            0x08000188   Data           0  startup_stm32f40_41xxx.o(RESET)
    __main                                   0x08000189   Thumb Code     0  entry.o(.ARM.Collect$$$$00000000)
    _main_stk                                0x08000189   Thumb Code     0  entry2.o(.ARM.Collect$$$$00000001)
    _main_scatterload                        0x0800018d   Thumb Code     0  entry5.o(.ARM.Collect$$$$00000004)
    __main_after_scatterload                 0x08000191   Thumb Code     0  entry5.o(.ARM.Collect$$$$00000004)
    _main_clock                              0x08000191   Thumb Code     0  entry7b.o(.ARM.Collect$$$$00000008)
    _main_cpp_init                           0x08000191   Thumb Code     0  entry8b.o(.ARM.Collect$$$$0000000A)
    _main_init                               0x08000191   Thumb Code     0  entry9a.o(.ARM.Collect$$$$0000000B)
    __rt_final_cpp                           0x08000199   Thumb Code     0  entry10a.o(.ARM.Collect$$$$0000000D)
    __rt_final_exit                          0x08000199   Thumb Code     0  entry11a.o(.ARM.Collect$$$$0000000F)
    IWDG_Init                                0x0800019d   Thumb Code    38  main.o(.text)
    IWDG_Feed                                0x080001c5   Thumb Code     4  main.o(.text)
    main                                     0x080001c9   Thumb Code   210  main.o(.text)
    Reset_Handler                            0x0800029d   Thumb Code     8  startup_stm32f40_41xxx.o(.text)
    CAN1_RX1_IRQHandler                      0x080002b7   Thumb Code     0  startup_stm32f40_41xxx.o(.text)
    CAN1_SCE_IRQHandler                      0x080002b7   Thumb Code     0  startup_stm32f40_41xxx.o(.text)
    CAN1_TX_IRQHandler                       0x080002b7   Thumb Code     0  startup_stm32f40_41xxx.o(.text)
    CAN2_RX1_IRQHandler                      0x080002b7   Thumb Code     0  startup_stm32f40_41xxx.o(.text)
    CAN2_SCE_IRQHandler                      0x080002b7   Thumb Code     0  startup_stm32f40_41xxx.o(.text)
    CAN2_TX_IRQHandler                       0x080002b7   Thumb Code     0  startup_stm32f40_41xxx.o(.text)
    CRYP_IRQHandler                          0x080002b7   Thumb Code     0  startup_stm32f40_41xxx.o(.text)
    DCMI_IRQHandler                          0x080002b7   Thumb Code     0  startup_stm32f40_41xxx.o(.text)
    DMA1_Stream0_IRQHandler                  0x080002b7   Thumb Code     0  startup_stm32f40_41xxx.o(.text)
    DMA1_Stream1_IRQHandler                  0x080002b7   Thumb Code     0  startup_stm32f40_41xxx.o(.text)
    DMA1_Stream2_IRQHandler                  0x080002b7   Thumb Code     0  startup_stm32f40_41xxx.o(.text)
    DMA1_Stream3_IRQHandler                  0x080002b7   Thumb Code     0  startup_stm32f40_41xxx.o(.text)
    DMA1_Stream4_IRQHandler                  0x080002b7   Thumb Code     0  startup_stm32f40_41xxx.o(.text)
    DMA1_Stream5_IRQHandler                  0x080002b7   Thumb Code     0  startup_stm32f40_41xxx.o(.text)
    DMA1_Stream6_IRQHandler                  0x080002b7   Thumb Code     0  startup_stm32f40_41xxx.o(.text)
    DMA1_Stream7_IRQHandler                  0x080002b7   Thumb Code     0  startup_stm32f40_41xxx.o(.text)
    DMA2_Stream0_IRQHandler                  0x080002b7   Thumb Code     0  startup_stm32f40_41xxx.o(.text)
    DMA2_Stream1_IRQHandler                  0x080002b7   Thumb Code     0  startup_stm32f40_41xxx.o(.text)
    DMA2_Stream2_IRQHandler                  0x080002b7   Thumb Code     0  startup_stm32f40_41xxx.o(.text)
    DMA2_Stream3_IRQHandler                  0x080002b7   Thumb Code     0  startup_stm32f40_41xxx.o(.text)
    DMA2_Stream4_IRQHandler                  0x080002b7   Thumb Code     0  startup_stm32f40_41xxx.o(.text)
    DMA2_Stream5_IRQHandler                  0x080002b7   Thumb Code     0  startup_stm32f40_41xxx.o(.text)
    DMA2_Stream6_IRQHandler                  0x080002b7   Thumb Code     0  startup_stm32f40_41xxx.o(.text)
    DMA2_Stream7_IRQHandler                  0x080002b7   Thumb Code     0  startup_stm32f40_41xxx.o(.text)
    ETH_IRQHandler                           0x080002b7   Thumb Code     0  startup_stm32f40_41xxx.o(.text)
    ETH_WKUP_IRQHandler                      0x080002b7   Thumb Code     0  startup_stm32f40_41xxx.o(.text)
    EXTI0_IRQHandler                         0x080002b7   Thumb Code     0  startup_stm32f40_41xxx.o(.text)
    EXTI15_10_IRQHandler                     0x080002b7   Thumb Code     0  startup_stm32f40_41xxx.o(.text)
    EXTI1_IRQHandler                         0x080002b7   Thumb Code     0  startup_stm32f40_41xxx.o(.text)
    EXTI2_IRQHandler                         0x080002b7   Thumb Code     0  startup_stm32f40_41xxx.o(.text)
    EXTI3_IRQHandler                         0x080002b7   Thumb Code     0  startup_stm32f40_41xxx.o(.text)
    EXTI4_IRQHandler                         0x080002b7   Thumb Code     0  startup_stm32f40_41xxx.o(.text)
    EXTI9_5_IRQHandler                       0x080002b7   Thumb Code     0  startup_stm32f40_41xxx.o(.text)
    FLASH_IRQHandler                         0x080002b7   Thumb Code     0  startup_stm32f40_41xxx.o(.text)
    FPU_IRQHandler                           0x080002b7   Thumb Code     0  startup_stm32f40_41xxx.o(.text)
    FSMC_IRQHandler                          0x080002b7   Thumb Code     0  startup_stm32f40_41xxx.o(.text)
    HASH_RNG_IRQHandler                      0x080002b7   Thumb Code     0  startup_stm32f40_41xxx.o(.text)
    I2C1_ER_IRQHandler                       0x080002b7   Thumb Code     0  startup_stm32f40_41xxx.o(.text)
    I2C1_EV_IRQHandler                       0x080002b7   Thumb Code     0  startup_stm32f40_41xxx.o(.text)
    I2C2_ER_IRQHandler                       0x080002b7   Thumb Code     0  startup_stm32f40_41xxx.o(.text)
    I2C2_EV_IRQHandler                       0x080002b7   Thumb Code     0  startup_stm32f40_41xxx.o(.text)
    I2C3_ER_IRQHandler                       0x080002b7   Thumb Code     0  startup_stm32f40_41xxx.o(.text)
    I2C3_EV_IRQHandler                       0x080002b7   Thumb Code     0  startup_stm32f40_41xxx.o(.text)
    OTG_FS_IRQHandler                        0x080002b7   Thumb Code     0  startup_stm32f40_41xxx.o(.text)
    OTG_FS_WKUP_IRQHandler                   0x080002b7   Thumb Code     0  startup_stm32f40_41xxx.o(.text)
    OTG_HS_EP1_IN_IRQHandler                 0x080002b7   Thumb Code     0  startup_stm32f40_41xxx.o(.text)
    OTG_HS_EP1_OUT_IRQHandler                0x080002b7   Thumb Code     0  startup_stm32f40_41xxx.o(.text)
    OTG_HS_IRQHandler                        0x080002b7   Thumb Code     0  startup_stm32f40_41xxx.o(.text)
    OTG_HS_WKUP_IRQHandler                   0x080002b7   Thumb Code     0  startup_stm32f40_41xxx.o(.text)
    PVD_IRQHandler                           0x080002b7   Thumb Code     0  startup_stm32f40_41xxx.o(.text)
    RCC_IRQHandler                           0x080002b7   Thumb Code     0  startup_stm32f40_41xxx.o(.text)
    RTC_Alarm_IRQHandler                     0x080002b7   Thumb Code     0  startup_stm32f40_41xxx.o(.text)
    RTC_WKUP_IRQHandler                      0x080002b7   Thumb Code     0  startup_stm32f40_41xxx.o(.text)
    SDIO_IRQHandler                          0x080002b7   Thumb Code     0  startup_stm32f40_41xxx.o(.text)
    SPI1_IRQHandler                          0x080002b7   Thumb Code     0  startup_stm32f40_41xxx.o(.text)
    SPI2_IRQHandler                          0x080002b7   Thumb Code     0  startup_stm32f40_41xxx.o(.text)
    SPI3_IRQHandler                          0x080002b7   Thumb Code     0  startup_stm32f40_41xxx.o(.text)
    TAMP_STAMP_IRQHandler                    0x080002b7   Thumb Code     0  startup_stm32f40_41xxx.o(.text)
    TIM1_CC_IRQHandler                       0x080002b7   Thumb Code     0  startup_stm32f40_41xxx.o(.text)
    TIM1_TRG_COM_TIM11_IRQHandler            0x080002b7   Thumb Code     0  startup_stm32f40_41xxx.o(.text)
    TIM2_IRQHandler                          0x080002b7   Thumb Code     0  startup_stm32f40_41xxx.o(.text)
    TIM4_IRQHandler                          0x080002b7   Thumb Code     0  startup_stm32f40_41xxx.o(.text)
    TIM6_DAC_IRQHandler                      0x080002b7   Thumb Code     0  startup_stm32f40_41xxx.o(.text)
    TIM7_IRQHandler                          0x080002b7   Thumb Code     0  startup_stm32f40_41xxx.o(.text)
    TIM8_BRK_TIM12_IRQHandler                0x080002b7   Thumb Code     0  startup_stm32f40_41xxx.o(.text)
    TIM8_CC_IRQHandler                       0x080002b7   Thumb Code     0  startup_stm32f40_41xxx.o(.text)
    TIM8_TRG_COM_TIM14_IRQHandler            0x080002b7   Thumb Code     0  startup_stm32f40_41xxx.o(.text)
    TIM8_UP_TIM13_IRQHandler                 0x080002b7   Thumb Code     0  startup_stm32f40_41xxx.o(.text)
    UART4_IRQHandler                         0x080002b7   Thumb Code     0  startup_stm32f40_41xxx.o(.text)
    UART5_IRQHandler                         0x080002b7   Thumb Code     0  startup_stm32f40_41xxx.o(.text)
    USART1_IRQHandler                        0x080002b7   Thumb Code     0  startup_stm32f40_41xxx.o(.text)
    USART2_IRQHandler                        0x080002b7   Thumb Code     0  startup_stm32f40_41xxx.o(.text)
    USART3_IRQHandler                        0x080002b7   Thumb Code     0  startup_stm32f40_41xxx.o(.text)
    USART6_IRQHandler                        0x080002b7   Thumb Code     0  startup_stm32f40_41xxx.o(.text)
    WWDG_IRQHandler                          0x080002b7   Thumb Code     0  startup_stm32f40_41xxx.o(.text)
    SystemInit                               0x080002c1   Thumb Code   292  system_stm32f4xx.o(.text)
    SystemCoreClockUpdate                    0x080003e5   Thumb Code   154  system_stm32f4xx.o(.text)
    NVIC_PriorityGroupConfig                 0x08000481   Thumb Code    20  misc.o(.text)
    NVIC_Init                                0x08000495   Thumb Code   100  misc.o(.text)
    NVIC_SetVectorTable                      0x080004f9   Thumb Code    24  misc.o(.text)
    NVIC_SystemLPConfig                      0x08000511   Thumb Code    24  misc.o(.text)
    SysTick_CLKSourceConfig                  0x08000529   Thumb Code    24  misc.o(.text)
    ADC_DeInit                               0x08000541   Thumb Code    26  stm32f4xx_adc.o(.text)
    ADC_Init                                 0x0800055d   Thumb Code    88  stm32f4xx_adc.o(.text)
    ADC_StructInit                           0x080005b5   Thumb Code    18  stm32f4xx_adc.o(.text)
    ADC_CommonInit                           0x080005c9   Thumb Code    50  stm32f4xx_adc.o(.text)
    ADC_CommonStructInit                     0x080005fd   Thumb Code    12  stm32f4xx_adc.o(.text)
    ADC_Cmd                                  0x08000609   Thumb Code    16  stm32f4xx_adc.o(.text)
    ADC_AnalogWatchdogCmd                    0x08000619   Thumb Code    18  stm32f4xx_adc.o(.text)
    ADC_AnalogWatchdogThresholdsConfig       0x0800062d   Thumb Code     6  stm32f4xx_adc.o(.text)
    ADC_AnalogWatchdogSingleChannelConfig    0x08000635   Thumb Code    12  stm32f4xx_adc.o(.text)
    ADC_TempSensorVrefintCmd                 0x08000641   Thumb Code    26  stm32f4xx_adc.o(.text)
    ADC_VBATCmd                              0x0800065d   Thumb Code    26  stm32f4xx_adc.o(.text)
    ADC_RegularChannelConfig                 0x08000679   Thumb Code    96  stm32f4xx_adc.o(.text)
    ADC_SoftwareStartConv                    0x080006d9   Thumb Code    10  stm32f4xx_adc.o(.text)
    ADC_GetSoftwareStartConvStatus           0x080006e5   Thumb Code     8  stm32f4xx_adc.o(.text)
    ADC_EOCOnEachRegularChannelCmd           0x080006ed   Thumb Code    18  stm32f4xx_adc.o(.text)
    ADC_ContinuousModeCmd                    0x08000701   Thumb Code    16  stm32f4xx_adc.o(.text)
    ADC_DiscModeChannelCountConfig           0x08000711   Thumb Code    24  stm32f4xx_adc.o(.text)
    ADC_DiscModeCmd                          0x08000729   Thumb Code    18  stm32f4xx_adc.o(.text)
    ADC_GetConversionValue                   0x0800073d   Thumb Code     6  stm32f4xx_adc.o(.text)
    ADC_GetMultiModeConversionValue          0x08000745   Thumb Code    12  stm32f4xx_adc.o(.text)
    ADC_DMACmd                               0x08000751   Thumb Code    18  stm32f4xx_adc.o(.text)
    ADC_DMARequestAfterLastTransferCmd       0x08000765   Thumb Code    18  stm32f4xx_adc.o(.text)
    ADC_MultiModeDMARequestAfterLastTransferCmd 0x08000779   Thumb Code    26  stm32f4xx_adc.o(.text)
    ADC_InjectedChannelConfig                0x08000795   Thumb Code    80  stm32f4xx_adc.o(.text)
    ADC_InjectedSequencerLengthConfig        0x080007e5   Thumb Code    22  stm32f4xx_adc.o(.text)
    ADC_SetInjectedOffset                    0x080007fd   Thumb Code    22  stm32f4xx_adc.o(.text)
    ADC_ExternalTrigInjectedConvConfig       0x08000815   Thumb Code    12  stm32f4xx_adc.o(.text)
    ADC_ExternalTrigInjectedConvEdgeConfig   0x08000821   Thumb Code    12  stm32f4xx_adc.o(.text)
    ADC_SoftwareStartInjectedConv            0x0800082d   Thumb Code    10  stm32f4xx_adc.o(.text)
    ADC_GetSoftwareStartInjectedConvCmdStatus 0x08000839   Thumb Code     8  stm32f4xx_adc.o(.text)
    ADC_AutoInjectedConvCmd                  0x08000841   Thumb Code    18  stm32f4xx_adc.o(.text)
    ADC_InjectedDiscModeCmd                  0x08000855   Thumb Code    18  stm32f4xx_adc.o(.text)
    ADC_GetInjectedConversionValue           0x08000869   Thumb Code    26  stm32f4xx_adc.o(.text)
    ADC_ITConfig                             0x08000885   Thumb Code    24  stm32f4xx_adc.o(.text)
    ADC_GetFlagStatus                        0x0800089d   Thumb Code    10  stm32f4xx_adc.o(.text)
    ADC_ClearFlag                            0x080008a9   Thumb Code     6  stm32f4xx_adc.o(.text)
    ADC_GetITStatus                          0x080008b1   Thumb Code    34  stm32f4xx_adc.o(.text)
    ADC_ClearITPendingBit                    0x080008d5   Thumb Code     8  stm32f4xx_adc.o(.text)
    DMA_DeInit                               0x080008dd   Thumb Code   606  stm32f4xx_dma.o(.text)
    DMA_Init                                 0x08000b3d   Thumb Code   102  stm32f4xx_dma.o(.text)
    DMA_StructInit                           0x08000ba5   Thumb Code    10  stm32f4xx_dma.o(.text)
    DMA_Cmd                                  0x08000bb1   Thumb Code    16  stm32f4xx_dma.o(.text)
    DMA_PeriphIncOffsetSizeConfig            0x08000bc1   Thumb Code    18  stm32f4xx_dma.o(.text)
    DMA_FlowControllerConfig                 0x08000bd5   Thumb Code    16  stm32f4xx_dma.o(.text)
    DMA_SetCurrDataCounter                   0x08000be5   Thumb Code     4  stm32f4xx_dma.o(.text)
    DMA_GetCurrDataCounter                   0x08000be9   Thumb Code     6  stm32f4xx_dma.o(.text)
    DMA_DoubleBufferModeConfig               0x08000bf1   Thumb Code    20  stm32f4xx_dma.o(.text)
    DMA_DoubleBufferModeCmd                  0x08000c05   Thumb Code    18  stm32f4xx_dma.o(.text)
    DMA_MemoryTargetConfig                   0x08000c19   Thumb Code    12  stm32f4xx_dma.o(.text)
    DMA_GetCurrentMemoryTarget               0x08000c25   Thumb Code     8  stm32f4xx_dma.o(.text)
    DMA_GetCmdStatus                         0x08000c2d   Thumb Code     8  stm32f4xx_dma.o(.text)
    DMA_GetFIFOStatus                        0x08000c35   Thumb Code     8  stm32f4xx_dma.o(.text)
    DMA_GetFlagStatus                        0x08000c3d   Thumb Code    68  stm32f4xx_dma.o(.text)
    DMA_ClearFlag                            0x08000c81   Thumb Code    62  stm32f4xx_dma.o(.text)
    DMA_ITConfig                             0x08000cc1   Thumb Code    60  stm32f4xx_dma.o(.text)
    DMA_GetITStatus                          0x08000cfd   Thumb Code   104  stm32f4xx_dma.o(.text)
    DMA_ClearITPendingBit                    0x08000d65   Thumb Code    62  stm32f4xx_dma.o(.text)
    FLASH_SetLatency                         0x08000da5   Thumb Code    12  stm32f4xx_flash.o(.text)
    FLASH_PrefetchBufferCmd                  0x08000db1   Thumb Code    26  stm32f4xx_flash.o(.text)
    FLASH_InstructionCacheCmd                0x08000dcd   Thumb Code    26  stm32f4xx_flash.o(.text)
    FLASH_DataCacheCmd                       0x08000de9   Thumb Code    26  stm32f4xx_flash.o(.text)
    FLASH_InstructionCacheReset              0x08000e05   Thumb Code    18  stm32f4xx_flash.o(.text)
    FLASH_DataCacheReset                     0x08000e19   Thumb Code    18  stm32f4xx_flash.o(.text)
    FLASH_Unlock                             0x08000e2d   Thumb Code    40  stm32f4xx_flash.o(.text)
    FLASH_Lock                               0x08000e55   Thumb Code    18  stm32f4xx_flash.o(.text)
    FLASH_EraseSector                        0x08000e69   Thumb Code   334  stm32f4xx_flash.o(.text)
    FLASH_WaitForLastOperation               0x08000fb9   Thumb Code   136  stm32f4xx_flash.o(.text)
    FLASH_EraseAllSectors                    0x08001041   Thumb Code   314  stm32f4xx_flash.o(.text)
    FLASH_EraseAllBank1Sectors               0x0800117d   Thumb Code   314  stm32f4xx_flash.o(.text)
    FLASH_EraseAllBank2Sectors               0x080012b9   Thumb Code   314  stm32f4xx_flash.o(.text)
    FLASH_ProgramDoubleWord                  0x080013f5   Thumb Code   406  stm32f4xx_flash.o(.text)
    FLASH_ProgramWord                        0x0800158d   Thumb Code   298  stm32f4xx_flash.o(.text)
    FLASH_ProgramHalfWord                    0x080016b9   Thumb Code   298  stm32f4xx_flash.o(.text)
    FLASH_ProgramByte                        0x080017e5   Thumb Code   294  stm32f4xx_flash.o(.text)
    FLASH_OB_Unlock                          0x0800190d   Thumb Code    38  stm32f4xx_flash.o(.text)
    FLASH_OB_Lock                            0x08001935   Thumb Code    18  stm32f4xx_flash.o(.text)
    FLASH_OB_WRPConfig                       0x08001949   Thumb Code   158  stm32f4xx_flash.o(.text)
    FLASH_OB_WRP1Config                      0x080019e9   Thumb Code   158  stm32f4xx_flash.o(.text)
    FLASH_OB_PCROPSelectionConfig            0x08001a89   Thumb Code    20  stm32f4xx_flash.o(.text)
    FLASH_OB_PCROPConfig                     0x08001a9d   Thumb Code   158  stm32f4xx_flash.o(.text)
    FLASH_OB_PCROP1Config                    0x08001b3d   Thumb Code   158  stm32f4xx_flash.o(.text)
    FLASH_OB_RDPConfig                       0x08001bdd   Thumb Code   142  stm32f4xx_flash.o(.text)
    FLASH_OB_UserConfig                      0x08001c6d   Thumb Code   230  stm32f4xx_flash.o(.text)
    FLASH_OB_BootConfig                      0x08001d55   Thumb Code    24  stm32f4xx_flash.o(.text)
    FLASH_OB_BORConfig                       0x08001d6d   Thumb Code    24  stm32f4xx_flash.o(.text)
    FLASH_OB_Launch                          0x08001d85   Thumb Code   144  stm32f4xx_flash.o(.text)
    FLASH_OB_GetUser                         0x08001e15   Thumb Code    16  stm32f4xx_flash.o(.text)
    FLASH_OB_GetWRP                          0x08001e25   Thumb Code    12  stm32f4xx_flash.o(.text)
    FLASH_OB_GetWRP1                         0x08001e31   Thumb Code    12  stm32f4xx_flash.o(.text)
    FLASH_OB_GetPCROP                        0x08001e3d   Thumb Code    12  stm32f4xx_flash.o(.text)
    FLASH_OB_GetPCROP1                       0x08001e49   Thumb Code    12  stm32f4xx_flash.o(.text)
    FLASH_OB_GetRDP                          0x08001e55   Thumb Code    18  stm32f4xx_flash.o(.text)
    FLASH_OB_GetBOR                          0x08001e69   Thumb Code    16  stm32f4xx_flash.o(.text)
    FLASH_ITConfig                           0x08001e79   Thumb Code    24  stm32f4xx_flash.o(.text)
    FLASH_GetFlagStatus                      0x08001e91   Thumb Code    18  stm32f4xx_flash.o(.text)
    FLASH_ClearFlag                          0x08001ea5   Thumb Code    12  stm32f4xx_flash.o(.text)
    FLASH_GetStatus                          0x08001eb1   Thumb Code    64  stm32f4xx_flash.o(.text)
    GPIO_DeInit                              0x08001ef1   Thumb Code    52  stm32f4xx_gpio.o(.text)
    GPIO_Init                                0x08001f25   Thumb Code   256  stm32f4xx_gpio.o(.text)
    GPIO_StructInit                          0x08002025   Thumb Code    12  stm32f4xx_gpio.o(.text)
    GPIO_PinLockConfig                       0x08002031   Thumb Code    36  stm32f4xx_gpio.o(.text)
    GPIO_ReadInputDataBit                    0x08002055   Thumb Code    10  stm32f4xx_gpio.o(.text)
    GPIO_ReadInputData                       0x08002061   Thumb Code     6  stm32f4xx_gpio.o(.text)
    GPIO_ReadOutputDataBit                   0x08002069   Thumb Code    10  stm32f4xx_gpio.o(.text)
    GPIO_ReadOutputData                      0x08002075   Thumb Code     6  stm32f4xx_gpio.o(.text)
    GPIO_SetBits                             0x0800207d   Thumb Code     4  stm32f4xx_gpio.o(.text)
    GPIO_ResetBits                           0x08002081   Thumb Code     4  stm32f4xx_gpio.o(.text)
    GPIO_WriteBit                            0x08002085   Thumb Code    10  stm32f4xx_gpio.o(.text)
    GPIO_Write                               0x08002091   Thumb Code     4  stm32f4xx_gpio.o(.text)
    GPIO_ToggleBits                          0x08002095   Thumb Code     8  stm32f4xx_gpio.o(.text)
    GPIO_PinAFConfig                         0x0800209d   Thumb Code    40  stm32f4xx_gpio.o(.text)
    IWDG_WriteAccessCmd                      0x080020c5   Thumb Code    12  stm32f4xx_iwdg.o(.text)
    IWDG_SetPrescaler                        0x080020d1   Thumb Code    12  stm32f4xx_iwdg.o(.text)
    IWDG_SetReload                           0x080020dd   Thumb Code    12  stm32f4xx_iwdg.o(.text)
    IWDG_ReloadCounter                       0x080020e9   Thumb Code    16  stm32f4xx_iwdg.o(.text)
    IWDG_Enable                              0x080020f9   Thumb Code    16  stm32f4xx_iwdg.o(.text)
    IWDG_GetFlagStatus                       0x08002109   Thumb Code    18  stm32f4xx_iwdg.o(.text)
    RCC_DeInit                               0x0800211d   Thumb Code    80  stm32f4xx_rcc.o(.text)
    RCC_HSEConfig                            0x0800216d   Thumb Code    16  stm32f4xx_rcc.o(.text)
    RCC_WaitForHSEStartUp                    0x0800217d   Thumb Code   114  stm32f4xx_rcc.o(.text)
    RCC_GetFlagStatus                        0x080021f1   Thumb Code    38  stm32f4xx_rcc.o(.text)
    RCC_AdjustHSICalibrationValue            0x08002219   Thumb Code    22  stm32f4xx_rcc.o(.text)
    RCC_HSICmd                               0x08002231   Thumb Code    10  stm32f4xx_rcc.o(.text)
    RCC_LSEConfig                            0x0800223d   Thumb Code    38  stm32f4xx_rcc.o(.text)
    RCC_LSICmd                               0x08002265   Thumb Code    12  stm32f4xx_rcc.o(.text)
    RCC_PLLConfig                            0x08002271   Thumb Code    46  stm32f4xx_rcc.o(.text)
    RCC_PLLCmd                               0x080022a1   Thumb Code    10  stm32f4xx_rcc.o(.text)
    RCC_PLLI2SConfig                         0x080022ad   Thumb Code    18  stm32f4xx_rcc.o(.text)
    RCC_PLLI2SCmd                            0x080022c1   Thumb Code    10  stm32f4xx_rcc.o(.text)
    RCC_PLLSAIConfig                         0x080022cd   Thumb Code    22  stm32f4xx_rcc.o(.text)
    RCC_PLLSAICmd                            0x080022e5   Thumb Code    10  stm32f4xx_rcc.o(.text)
    RCC_ClockSecuritySystemCmd               0x080022f1   Thumb Code    10  stm32f4xx_rcc.o(.text)
    RCC_MCO1Config                           0x080022fd   Thumb Code    22  stm32f4xx_rcc.o(.text)
    RCC_MCO2Config                           0x08002315   Thumb Code    22  stm32f4xx_rcc.o(.text)
    RCC_SYSCLKConfig                         0x0800232d   Thumb Code    20  stm32f4xx_rcc.o(.text)
    RCC_GetSYSCLKSource                      0x08002341   Thumb Code    16  stm32f4xx_rcc.o(.text)
    RCC_HCLKConfig                           0x08002351   Thumb Code    20  stm32f4xx_rcc.o(.text)
    RCC_PCLK1Config                          0x08002365   Thumb Code    20  stm32f4xx_rcc.o(.text)
    RCC_PCLK2Config                          0x08002379   Thumb Code    22  stm32f4xx_rcc.o(.text)
    RCC_GetClocksFreq                        0x08002391   Thumb Code   182  stm32f4xx_rcc.o(.text)
    RCC_RTCCLKConfig                         0x08002449   Thumb Code    50  stm32f4xx_rcc.o(.text)
    RCC_RTCCLKCmd                            0x0800247d   Thumb Code    12  stm32f4xx_rcc.o(.text)
    RCC_BackupResetCmd                       0x08002489   Thumb Code    12  stm32f4xx_rcc.o(.text)
    RCC_I2SCLKConfig                         0x08002495   Thumb Code    12  stm32f4xx_rcc.o(.text)
    RCC_SAIPLLI2SClkDivConfig                0x080024a1   Thumb Code    22  stm32f4xx_rcc.o(.text)
    RCC_SAIPLLSAIClkDivConfig                0x080024b9   Thumb Code    28  stm32f4xx_rcc.o(.text)
    RCC_SAIBlockACLKConfig                   0x080024d5   Thumb Code    20  stm32f4xx_rcc.o(.text)
    RCC_SAIBlockBCLKConfig                   0x080024e9   Thumb Code    20  stm32f4xx_rcc.o(.text)
    RCC_LTDCCLKDivConfig                     0x080024fd   Thumb Code    20  stm32f4xx_rcc.o(.text)
    RCC_TIMCLKPresConfig                     0x08002511   Thumb Code    12  stm32f4xx_rcc.o(.text)
    RCC_AHB1PeriphClockCmd                   0x0800251d   Thumb Code    24  stm32f4xx_rcc.o(.text)
    RCC_AHB2PeriphClockCmd                   0x08002535   Thumb Code    24  stm32f4xx_rcc.o(.text)
    RCC_AHB3PeriphClockCmd                   0x0800254d   Thumb Code    24  stm32f4xx_rcc.o(.text)
    RCC_APB1PeriphClockCmd                   0x08002565   Thumb Code    24  stm32f4xx_rcc.o(.text)
    RCC_APB2PeriphClockCmd                   0x0800257d   Thumb Code    24  stm32f4xx_rcc.o(.text)
    RCC_AHB1PeriphResetCmd                   0x08002595   Thumb Code    24  stm32f4xx_rcc.o(.text)
    RCC_AHB2PeriphResetCmd                   0x080025ad   Thumb Code    24  stm32f4xx_rcc.o(.text)
    RCC_AHB3PeriphResetCmd                   0x080025c5   Thumb Code    24  stm32f4xx_rcc.o(.text)
    RCC_APB1PeriphResetCmd                   0x080025dd   Thumb Code    24  stm32f4xx_rcc.o(.text)
    RCC_APB2PeriphResetCmd                   0x080025f5   Thumb Code    24  stm32f4xx_rcc.o(.text)
    RCC_AHB1PeriphClockLPModeCmd             0x0800260d   Thumb Code    24  stm32f4xx_rcc.o(.text)
    RCC_AHB2PeriphClockLPModeCmd             0x08002625   Thumb Code    24  stm32f4xx_rcc.o(.text)
    RCC_AHB3PeriphClockLPModeCmd             0x0800263d   Thumb Code    24  stm32f4xx_rcc.o(.text)
    RCC_APB1PeriphClockLPModeCmd             0x08002655   Thumb Code    24  stm32f4xx_rcc.o(.text)
    RCC_APB2PeriphClockLPModeCmd             0x0800266d   Thumb Code    24  stm32f4xx_rcc.o(.text)
    RCC_LSEModeConfig                        0x08002685   Thumb Code    24  stm32f4xx_rcc.o(.text)
    RCC_ITConfig                             0x0800269d   Thumb Code    24  stm32f4xx_rcc.o(.text)
    RCC_ClearFlag                            0x080026b5   Thumb Code    18  stm32f4xx_rcc.o(.text)
    RCC_GetITStatus                          0x080026c9   Thumb Code    18  stm32f4xx_rcc.o(.text)
    RCC_ClearITPendingBit                    0x080026dd   Thumb Code    12  stm32f4xx_rcc.o(.text)
    SPI_I2S_DeInit                           0x080026e9   Thumb Code   238  stm32f4xx_spi.o(.text)
    SPI_Init                                 0x080027d9   Thumb Code    70  stm32f4xx_spi.o(.text)
    I2S_Init                                 0x08002821   Thumb Code   216  stm32f4xx_spi.o(.text)
    SPI_StructInit                           0x080028f9   Thumb Code    16  stm32f4xx_spi.o(.text)
    I2S_StructInit                           0x08002909   Thumb Code    14  stm32f4xx_spi.o(.text)
    SPI_Cmd                                  0x08002919   Thumb Code    20  stm32f4xx_spi.o(.text)
    I2S_Cmd                                  0x0800292d   Thumb Code    20  stm32f4xx_spi.o(.text)
    SPI_DataSizeConfig                       0x08002941   Thumb Code    16  stm32f4xx_spi.o(.text)
    SPI_BiDirectionalLineConfig              0x08002951   Thumb Code    24  stm32f4xx_spi.o(.text)
    SPI_NSSInternalSoftwareConfig            0x08002969   Thumb Code    24  stm32f4xx_spi.o(.text)
    SPI_SSOutputCmd                          0x08002981   Thumb Code    20  stm32f4xx_spi.o(.text)
    SPI_TIModeCmd                            0x08002995   Thumb Code    20  stm32f4xx_spi.o(.text)
    I2S_FullDuplexConfig                     0x080029a9   Thumb Code    72  stm32f4xx_spi.o(.text)
    SPI_I2S_ReceiveData                      0x080029f1   Thumb Code     4  stm32f4xx_spi.o(.text)
    SPI_I2S_SendData                         0x080029f5   Thumb Code     4  stm32f4xx_spi.o(.text)
    SPI_CalculateCRC                         0x080029f9   Thumb Code    20  stm32f4xx_spi.o(.text)
    SPI_TransmitCRC                          0x08002a0d   Thumb Code    10  stm32f4xx_spi.o(.text)
    SPI_GetCRC                               0x08002a19   Thumb Code    12  stm32f4xx_spi.o(.text)
    SPI_GetCRCPolynomial                     0x08002a25   Thumb Code     4  stm32f4xx_spi.o(.text)
    SPI_I2S_DMACmd                           0x08002a29   Thumb Code    16  stm32f4xx_spi.o(.text)
    SPI_I2S_ITConfig                         0x08002a39   Thumb Code    24  stm32f4xx_spi.o(.text)
    SPI_I2S_GetFlagStatus                    0x08002a51   Thumb Code    10  stm32f4xx_spi.o(.text)
    SPI_I2S_ClearFlag                        0x08002a5d   Thumb Code     6  stm32f4xx_spi.o(.text)
    SPI_I2S_GetITStatus                      0x08002a65   Thumb Code    32  stm32f4xx_spi.o(.text)
    SPI_I2S_ClearITPendingBit                0x08002a85   Thumb Code    16  stm32f4xx_spi.o(.text)
    TIM_DeInit                               0x08002a95   Thumb Code   546  stm32f4xx_tim.o(.text)
    TIM_TimeBaseInit                         0x08002cb9   Thumb Code   148  stm32f4xx_tim.o(.text)
    TIM_TimeBaseStructInit                   0x08002d4d   Thumb Code    16  stm32f4xx_tim.o(.text)
    TIM_PrescalerConfig                      0x08002d5d   Thumb Code     6  stm32f4xx_tim.o(.text)
    TIM_CounterModeConfig                    0x08002d65   Thumb Code    12  stm32f4xx_tim.o(.text)
    TIM_SetCounter                           0x08002d71   Thumb Code     4  stm32f4xx_tim.o(.text)
    TIM_SetAutoreload                        0x08002d75   Thumb Code     4  stm32f4xx_tim.o(.text)
    TIM_GetCounter                           0x08002d79   Thumb Code     4  stm32f4xx_tim.o(.text)
    TIM_GetPrescaler                         0x08002d7d   Thumb Code     4  stm32f4xx_tim.o(.text)
    TIM_UpdateDisableConfig                  0x08002d81   Thumb Code    20  stm32f4xx_tim.o(.text)
    TIM_UpdateRequestConfig                  0x08002d95   Thumb Code    20  stm32f4xx_tim.o(.text)
    TIM_ARRPreloadConfig                     0x08002da9   Thumb Code    20  stm32f4xx_tim.o(.text)
    TIM_SelectOnePulseMode                   0x08002dbd   Thumb Code    16  stm32f4xx_tim.o(.text)
    TIM_SetClockDivision                     0x08002dcd   Thumb Code    16  stm32f4xx_tim.o(.text)
    TIM_Cmd                                  0x08002ddd   Thumb Code    18  stm32f4xx_tim.o(.text)
    TIM_OC1Init                              0x08002df1   Thumb Code   102  stm32f4xx_tim.o(.text)
    TIM_OC2Init                              0x08002e59   Thumb Code   110  stm32f4xx_tim.o(.text)
    TIM_OC3Init                              0x08002ec9   Thumb Code   110  stm32f4xx_tim.o(.text)
    TIM_OC4Init                              0x08002f39   Thumb Code    82  stm32f4xx_tim.o(.text)
    TIM_OCStructInit                         0x08002f8d   Thumb Code    14  stm32f4xx_tim.o(.text)
    TIM_SelectOCxM                           0x08002f9d   Thumb Code    90  stm32f4xx_tim.o(.text)
    TIM_SetCompare1                          0x08002ff9   Thumb Code     4  stm32f4xx_tim.o(.text)
    TIM_SetCompare2                          0x08002ffd   Thumb Code     4  stm32f4xx_tim.o(.text)
    TIM_SetCompare3                          0x08003001   Thumb Code     4  stm32f4xx_tim.o(.text)
    TIM_SetCompare4                          0x08003005   Thumb Code     4  stm32f4xx_tim.o(.text)
    TIM_ForcedOC1Config                      0x08003009   Thumb Code    12  stm32f4xx_tim.o(.text)
    TIM_ForcedOC2Config                      0x08003015   Thumb Code    14  stm32f4xx_tim.o(.text)
    TIM_ForcedOC3Config                      0x08003025   Thumb Code    12  stm32f4xx_tim.o(.text)
    TIM_ForcedOC4Config                      0x08003031   Thumb Code    14  stm32f4xx_tim.o(.text)
    TIM_OC1PreloadConfig                     0x08003041   Thumb Code    12  stm32f4xx_tim.o(.text)
    TIM_OC2PreloadConfig                     0x0800304d   Thumb Code    14  stm32f4xx_tim.o(.text)
    TIM_OC3PreloadConfig                     0x0800305d   Thumb Code    12  stm32f4xx_tim.o(.text)
    TIM_OC4PreloadConfig                     0x08003069   Thumb Code    14  stm32f4xx_tim.o(.text)
    TIM_OC1FastConfig                        0x08003079   Thumb Code    12  stm32f4xx_tim.o(.text)
    TIM_OC2FastConfig                        0x08003085   Thumb Code    14  stm32f4xx_tim.o(.text)
    TIM_OC3FastConfig                        0x08003095   Thumb Code    12  stm32f4xx_tim.o(.text)
    TIM_OC4FastConfig                        0x080030a1   Thumb Code    14  stm32f4xx_tim.o(.text)
    TIM_ClearOC1Ref                          0x080030b1   Thumb Code    12  stm32f4xx_tim.o(.text)
    TIM_ClearOC2Ref                          0x080030bd   Thumb Code    14  stm32f4xx_tim.o(.text)
    TIM_ClearOC3Ref                          0x080030cd   Thumb Code    12  stm32f4xx_tim.o(.text)
    TIM_ClearOC4Ref                          0x080030d9   Thumb Code    14  stm32f4xx_tim.o(.text)
    TIM_OC1PolarityConfig                    0x080030e9   Thumb Code    12  stm32f4xx_tim.o(.text)
    TIM_OC1NPolarityConfig                   0x080030f5   Thumb Code    12  stm32f4xx_tim.o(.text)
    TIM_OC2PolarityConfig                    0x08003101   Thumb Code    14  stm32f4xx_tim.o(.text)
    TIM_OC2NPolarityConfig                   0x08003111   Thumb Code    14  stm32f4xx_tim.o(.text)
    TIM_OC3PolarityConfig                    0x08003121   Thumb Code    14  stm32f4xx_tim.o(.text)
    TIM_OC3NPolarityConfig                   0x08003131   Thumb Code    14  stm32f4xx_tim.o(.text)
    TIM_OC4PolarityConfig                    0x08003141   Thumb Code    14  stm32f4xx_tim.o(.text)
    TIM_CCxCmd                               0x08003151   Thumb Code    32  stm32f4xx_tim.o(.text)
    TIM_CCxNCmd                              0x08003171   Thumb Code    32  stm32f4xx_tim.o(.text)
    TIM_ICInit                               0x08003191   Thumb Code   234  stm32f4xx_tim.o(.text)
    TIM_SetIC1Prescaler                      0x0800327d   Thumb Code    16  stm32f4xx_tim.o(.text)
    TIM_SetIC2Prescaler                      0x0800328d   Thumb Code    18  stm32f4xx_tim.o(.text)
    TIM_SetIC3Prescaler                      0x080032a1   Thumb Code    16  stm32f4xx_tim.o(.text)
    TIM_SetIC4Prescaler                      0x080032b1   Thumb Code    18  stm32f4xx_tim.o(.text)
    TIM_ICStructInit                         0x080032c5   Thumb Code    12  stm32f4xx_tim.o(.text)
    TIM_PWMIConfig                           0x080032d1   Thumb Code   258  stm32f4xx_tim.o(.text)
    TIM_GetCapture1                          0x080033d5   Thumb Code     4  stm32f4xx_tim.o(.text)
    TIM_GetCapture2                          0x080033d9   Thumb Code     4  stm32f4xx_tim.o(.text)
    TIM_GetCapture3                          0x080033dd   Thumb Code     4  stm32f4xx_tim.o(.text)
    TIM_GetCapture4                          0x080033e1   Thumb Code     4  stm32f4xx_tim.o(.text)
    TIM_BDTRConfig                           0x080033e5   Thumb Code    40  stm32f4xx_tim.o(.text)
    TIM_BDTRStructInit                       0x0800340d   Thumb Code    12  stm32f4xx_tim.o(.text)
    TIM_CtrlPWMOutputs                       0x08003419   Thumb Code    24  stm32f4xx_tim.o(.text)
    TIM_SelectCOM                            0x08003431   Thumb Code    20  stm32f4xx_tim.o(.text)
    TIM_CCPreloadControl                     0x08003445   Thumb Code    18  stm32f4xx_tim.o(.text)
    TIM_ITConfig                             0x08003459   Thumb Code    16  stm32f4xx_tim.o(.text)
    TIM_GenerateEvent                        0x08003469   Thumb Code     4  stm32f4xx_tim.o(.text)
    TIM_GetFlagStatus                        0x0800346d   Thumb Code    10  stm32f4xx_tim.o(.text)
    TIM_ClearFlag                            0x08003479   Thumb Code     6  stm32f4xx_tim.o(.text)
    TIM_GetITStatus                          0x08003481   Thumb Code    24  stm32f4xx_tim.o(.text)
    TIM_ClearITPendingBit                    0x08003499   Thumb Code     6  stm32f4xx_tim.o(.text)
    TIM_DMAConfig                            0x080034a1   Thumb Code     8  stm32f4xx_tim.o(.text)
    TIM_DMACmd                               0x080034a9   Thumb Code    16  stm32f4xx_tim.o(.text)
    TIM_SelectCCDMA                          0x080034b9   Thumb Code    20  stm32f4xx_tim.o(.text)
    TIM_InternalClockConfig                  0x080034cd   Thumb Code    10  stm32f4xx_tim.o(.text)
    TIM_ITRxExternalClockConfig              0x080034d9   Thumb Code    20  stm32f4xx_tim.o(.text)
    TIM_SelectInputTrigger                   0x080034ed   Thumb Code    12  stm32f4xx_tim.o(.text)
    TIM_TIxExternalClockConfig               0x080034f9   Thumb Code   114  stm32f4xx_tim.o(.text)
    TIM_ETRClockMode1Config                  0x0800356d   Thumb Code    30  stm32f4xx_tim.o(.text)
    TIM_ETRConfig                            0x0800358d   Thumb Code    22  stm32f4xx_tim.o(.text)
    TIM_ETRClockMode2Config                  0x080035a5   Thumb Code    30  stm32f4xx_tim.o(.text)
    TIM_SelectOutputTrigger                  0x080035c5   Thumb Code    16  stm32f4xx_tim.o(.text)
    TIM_SelectSlaveMode                      0x080035d5   Thumb Code    16  stm32f4xx_tim.o(.text)
    TIM_SelectMasterSlaveMode                0x080035e5   Thumb Code    16  stm32f4xx_tim.o(.text)
    TIM_EncoderInterfaceConfig               0x080035f5   Thumb Code    48  stm32f4xx_tim.o(.text)
    TIM_SelectHallSensor                     0x08003625   Thumb Code    20  stm32f4xx_tim.o(.text)
    TIM_RemapConfig                          0x08003639   Thumb Code     6  stm32f4xx_tim.o(.text)
    SPI3_Int                                 0x08003641   Thumb Code   212  hw_spi.o(.text)
    Adc1_Analog_Input_Init                   0x08003715   Thumb Code   360  hw_adc.o(.text)
    GPIO_Init_Func                           0x0800387d   Thumb Code   466  hw_gpio.o(.text)
    TIM2_init                                0x08003a51   Thumb Code   206  hw_tim.o(.text)
    AD7689InitFunc                           0x08003b21   Thumb Code   368  ad7689.o(.text)
    SPI_4WriteByte                           0x08003c91   Thumb Code   172  ad7689.o(.text)
    AD7689_NSS_H                             0x08003d3d   Thumb Code    18  ad7689.o(.text)
    AD7689_NSS_L                             0x08003d51   Thumb Code    18  ad7689.o(.text)
    SPI_ReadWriteByte                        0x08003d65   Thumb Code   132  ad7689.o(.text)
    SPI_ReadWriteMultiBytes                  0x08003de9   Thumb Code   240  ad7689.o(.text)
    SPI_BatchWrite                           0x08003ed9   Thumb Code   302  ad7689.o(.text)
    GetOriginalADCVal                        0x08004009   Thumb Code    36  analog_input.o(.text)
    Cal_MCU_AvgAdcVal_Fun                    0x0800402d   Thumb Code   222  analog_input.o(.text)
    LowPassFilterFunc                        0x0800410d   Thumb Code    30  analog_input.o(.text)
    Cal_AngFbkVal_Func                       0x0800412d   Thumb Code    68  analog_input.o(.text)
    Cal_PrsFbkVal_Func                       0x08004171   Thumb Code   100  analog_input.o(.text)
    Cal_AngFbkDiff_Func                      0x080041d5   Thumb Code    84  analog_input.o(.text)
    CalAngFbkDiff_InPrsLoop_Func             0x08004229   Thumb Code    96  analog_input.o(.text)
    Cal_PrsFbkDiff_Func                      0x08004289   Thumb Code    84  analog_input.o(.text)
    CalAD7689AvgAngPrsData                   0x080042dd   Thumb Code   296  analog_input.o(.text)
    Cur_A_B_RefFilterFunc                    0x08004405   Thumb Code    74  analog_input.o(.text)
    Test_LowPassFilterFunc                   0x08004451   Thumb Code    54  analog_input.o(.text)
    TransAD7689DataIntoFIFO                  0x08004489   Thumb Code   356  analog_input.o(.text)
    SensorModeChangeFunc                     0x080045ed   Thumb Code   110  application.o(.text)
    CurDetectionRangeChose                   0x0800465d   Thumb Code    48  application.o(.text)
    Cal_SolenoidCur                          0x0800468d   Thumb Code    90  application.o(.text)
    TimPeriodCnt_Func                        0x080046e9   Thumb Code    98  application.o(.text)
    FeedbackSignalPerUnitFunc                0x0800474d   Thumb Code   102  application.o(.text)
    FeedbackSignalPerUnitFunc_AngMID         0x080047b5   Thumb Code   102  application.o(.text)
    pwm_output_A_B_process                   0x0800481d   Thumb Code    58  application.o(.text)
    Solenoid_B_Set_PWM                       0x08004859   Thumb Code    10  application.o(.text)
    Solenoid_A_Set_PWM                       0x08004865   Thumb Code    10  application.o(.text)
    Update_PWM_PidPara                       0x08004871   Thumb Code   496  application.o(.text)
    TiltAng_A_FreqShakeFunc                  0x08004a61   Thumb Code   108  application.o(.text)
    TiltAng_B_FreqShakeFunc                  0x08004acd   Thumb Code   112  application.o(.text)
    TiltAngleLoop_Func                       0x08004b3d   Thumb Code   746  application.o(.text)
    LimitAngLoopOutput                       0x08004e29   Thumb Code   138  application.o(.text)
    UpdateAngleLoopMaxMinErrSum              0x08004eb5   Thumb Code   320  application.o(.text)
    UpdateMapCmdData                         0x08004ff5   Thumb Code   314  application.o(.text)
    Update_CtrlPara                          0x08005131   Thumb Code   238  application.o(.text)
    Flash_Read                               0x08005221   Thumb Code   104  flash.o(.text)
    STMFLASH_ReadWord                        0x08005289   Thumb Code     4  flash.o(.text)
    STMFLASH_Read_HalfWord                   0x0800528d   Thumb Code     6  flash.o(.text)
    STMFLASH_GetFlashSector                  0x08005295   Thumb Code   104  flash.o(.text)
    STMFLASH_Write                           0x080052fd   Thumb Code   262  flash.o(.text)
    Flash_Prepared                           0x08005405   Thumb Code   130  flash.o(.text)
    IAP_EraseSWFlash                         0x08005489   Thumb Code   138  flash.o(.text)
    STMFLASH_Write_Word                      0x08005515   Thumb Code   272  flash.o(.text)
    STMFLASH_Write_byteword                  0x08005625   Thumb Code    78  flash.o(.text)
    STMFLASH_Read                            0x08005675   Thumb Code   104  flash.o(.text)
    STMFLASH_Read_Word                       0x080056dd   Thumb Code   104  flash.o(.text)
    UpdateCmdArrayFunc                       0x08005745   Thumb Code   450  flash.o(.text)
    Save_Parameter_Process                   0x08005909   Thumb Code    68  flash.o(.text)
    InitUserParaProcess                      0x0800594d   Thumb Code   636  flash.o(.text)
    ota_flash_erase                          0x08005bc9   Thumb Code   136  flash.o(.text)
    ota_write_byteword                       0x08005c51   Thumb Code    74  flash.o(.text)
    UpdateSetCmdFunc                         0x08005c9d   Thumb Code   106  flash.o(.text)
    NMI_Handler                              0x08005d09   Thumb Code     2  stm32f4xx_it.o(.text)
    HardFault_Handler                        0x08005d0d   Thumb Code     2  stm32f4xx_it.o(.text)
    MemManage_Handler                        0x08005d11   Thumb Code     2  stm32f4xx_it.o(.text)
    BusFault_Handler                         0x08005d15   Thumb Code     2  stm32f4xx_it.o(.text)
    UsageFault_Handler                       0x08005d19   Thumb Code     2  stm32f4xx_it.o(.text)
    SVC_Handler                              0x08005d1d   Thumb Code     2  stm32f4xx_it.o(.text)
    DebugMon_Handler                         0x08005d21   Thumb Code     2  stm32f4xx_it.o(.text)
    PendSV_Handler                           0x08005d25   Thumb Code     2  stm32f4xx_it.o(.text)
    TIM1_UP_TIM10_IRQHandler                 0x08005d29   Thumb Code     2  stm32f4xx_it.o(.text)
    ADC_IRQHandler                           0x08005d2d   Thumb Code     2  stm32f4xx_it.o(.text)
    SysTick_Handler                          0x08005d31   Thumb Code    46  stm32f4xx_it.o(.text)
    TIM3_IRQHandler                          0x08005d61   Thumb Code     2  stm32f4xx_it.o(.text)
    TIM5_IRQHandler                          0x08005d65   Thumb Code     2  stm32f4xx_it.o(.text)
    TIM1_BRK_TIM9_IRQHandler                 0x08005d69   Thumb Code     2  stm32f4xx_it.o(.text)
    CAN1_RX0_IRQHandler                      0x08005d6d   Thumb Code     2  stm32f4xx_it.o(.text)
    CAN2_RX0_IRQHandler                      0x08005d71   Thumb Code     2  stm32f4xx_it.o(.text)
    Task1ms_v_g                              0x08005d75   Thumb Code     2  task.o(.text)
    Task5ms_v_g                              0x08005d79   Thumb Code    30  task.o(.text)
    Task10ms_v_g                             0x08005d99   Thumb Code     2  task.o(.text)
    Task100ms_v_g                            0x08005d9d   Thumb Code     2  task.o(.text)
    TaskParmInit                             0x08005da1   Thumb Code    46  task.o(.text)
    TaskProcess                              0x08005dd1   Thumb Code    56  task.o(.text)
    TaskRemarks                              0x08005e09   Thumb Code   126  task.o(.text)
    Limit_Q31                                0x08005e89   Thumb Code    44  limit.o(.text)
    Limit_f32                                0x08005eb5   Thumb Code    98  limit.o(.text)
    Limit_Q15                                0x08005f19   Thumb Code    52  limit.o(.text)
    Rate_Tracking_Q31                        0x08005f4d   Thumb Code    58  limit.o(.text)
    DeadZoneLimit_Q31                        0x08005f89   Thumb Code    36  limit.o(.text)
    Rate_Tracking_Q15                        0x08005fad   Thumb Code    62  limit.o(.text)
    DiagnoseCurFdbASensorErr                 0x08005fed   Thumb Code    72  diagnose.o(.text)
    GetPe12Status                            0x08006035   Thumb Code    16  diagnose.o(.text)
    SetErrorByte                             0x08006045   Thumb Code    16  diagnose.o(.text)
    ClearErrorByte                           0x08006055   Thumb Code    18  diagnose.o(.text)
    DiagnoseCurFdbBSensorErr                 0x08006069   Thumb Code    72  diagnose.o(.text)
    GetPd10Status                            0x080060b1   Thumb Code    16  diagnose.o(.text)
    DiagnosePressure01SensorErr              0x080060c1   Thumb Code    90  diagnose.o(.text)
    DiagnosePressure02SensorErr              0x0800611d   Thumb Code    90  diagnose.o(.text)
    DiagnoseAngleSensorErr                   0x08006179   Thumb Code    90  diagnose.o(.text)
    __aeabi_memset                           0x080061d3   Thumb Code    14  memseta.o(.text)
    __aeabi_memset4                          0x080061d3   Thumb Code     0  memseta.o(.text)
    __aeabi_memset8                          0x080061d3   Thumb Code     0  memseta.o(.text)
    __aeabi_memclr                           0x080061e1   Thumb Code     4  memseta.o(.text)
    __aeabi_memclr4                          0x080061e1   Thumb Code     0  memseta.o(.text)
    __aeabi_memclr8                          0x080061e1   Thumb Code     0  memseta.o(.text)
    _memset$wrapper                          0x080061e5   Thumb Code    18  memseta.o(.text)
    __I$use$fp                               0x080061f7   Thumb Code     0  iusefp.o(.text)
    _frnd                                    0x080061f7   Thumb Code    60  frnd.o(.text)
    _ffix_r                                  0x08006233   Thumb Code    76  ffixir.o(.text)
    __scatterload                            0x08006281   Thumb Code    38  init.o(.text)
    __scatterload_rt2                        0x08006281   Thumb Code     0  init.o(.text)
    _float_round                             0x080062b1   Thumb Code    18  fepilogue.o(.text)
    _float_epilogue                          0x080062c3   Thumb Code    92  fepilogue.o(.text)
    Angle_PID_Regulator                      0x08006321   Thumb Code   694  pid.o(i.Angle_PID_Regulator)
    Compute_Cur_B_Ref                        0x080065e1   Thumb Code   502  deadzone_current.o(i.Compute_Cur_B_Ref)
    PID_Regulator                            0x080067f5   Thumb Code   212  pid.o(i.PID_Regulator)
    Pressure_PID_Regulator                   0x080068c9   Thumb Code   950  pid.o(i.Pressure_PID_Regulator)
    __hardfp_lrintf                          0x08006c99   Thumb Code    72  lrintf.o(i.__hardfp_lrintf)
    __scatterload_copy                       0x08006ce1   Thumb Code    14  handlers.o(i.__scatterload_copy)
    __scatterload_null                       0x08006cef   Thumb Code     2  handlers.o(i.__scatterload_null)
    __scatterload_zeroinit                   0x08006cf1   Thumb Code    14  handlers.o(i.__scatterload_zeroinit)
    __set_errno                              0x08006d01   Thumb Code     6  errno.o(i.__set_errno)
    AHBPrescTable                            0x08006d64   Data          16  system_stm32f4xx.o(.rodata.AHBPrescTable)
    Region$$Table$$Base                      0x08006d8c   Number         0  anon$$obj.o(Region$$Table)
    Region$$Table$$Limit                     0x08006dac   Number         0  anon$$obj.o(Region$$Table)
    Application_Valid_Flag                   0x0803c000   Data           4  flash.o(.ARM.__at_0x0803C000)
    g_s32_Scope_P_Loop_Output                0x20000000   Data           4  pid.o(.data)
    g_s32_Scope_D_Loop_Output                0x20000004   Data           4  pid.o(.data)
    g_s32_Scope_V_Loop_Output                0x20000008   Data           4  pid.o(.data)
    g_s32_Scope_PD_Loop_Output               0x2000000c   Data           4  pid.o(.data)
    g_s32_PrsCompByAng_D_P                   0x20000010   Data           4  pid.o(.data)
    g_s32_PrsCompByAng_D_Div                 0x20000014   Data           4  pid.o(.data)
    READY                                    0x20000024   Data           1  application.o(.data..L_MergedGlobals)
    CurFdb_A_BREAK                           0x20000025   Data           1  application.o(.data..L_MergedGlobals)
    CurFdb_B_BREAK                           0x20000026   Data           1  application.o(.data..L_MergedGlobals)
    ANGSENSOR_BREAK                          0x20000027   Data           1  application.o(.data..L_MergedGlobals)
    PRSSENSOR_01_BREAK                       0x20000028   Data           1  application.o(.data..L_MergedGlobals)
    PRSSENSOR_02_BREAK                       0x20000029   Data           1  application.o(.data..L_MergedGlobals)
    CHKE_BREAK                               0x2000002a   Data           1  application.o(.data..L_MergedGlobals)
    E2PROM_BREAK                             0x2000002b   Data           1  application.o(.data..L_MergedGlobals)
    BUS_BREAK                                0x2000002c   Data           1  application.o(.data..L_MergedGlobals)
    g_u16_AngSwinging_Freq_Angle             0x2000002e   Data           2  application.o(.data..L_MergedGlobals)
    temple_min_cur_ref                       0x20000030   Data           2  application.o(.data..L_MergedGlobals)
    temple_max_cur_ref                       0x20000032   Data           2  application.o(.data..L_MergedGlobals)
    temple_t_u16_SolDeadCur_B                0x20000034   Data           2  application.o(.data..L_MergedGlobals)
    temple_t_u16_SolDeadCur_Fall_B           0x20000036   Data           2  application.o(.data..L_MergedGlobals)
    g_f32_AngSwinging_Amp_Angle              0x20000038   Data           4  application.o(.data..L_MergedGlobals)
    DeadZone                                 0x2000003c   Data           4  application.o(.data..L_MergedGlobals)
    InstructionSet                           0x20000040   Data          24  application.o(.data..L_MergedGlobals)
    User_Parameter                           0x20000058   Data          36  application.o(.data..L_MergedGlobals)
    AngSwinging                              0x2000008c   Data           8  application.o(.data.AngSwinging)
    FilterTimConstant                        0x20000094   Data          16  main.o(.data.FilterTimConstant)
    SysParameter                             0x200000a4   Data          30  application.o(.data.SysParameter)
    SystemCoreClock                          0x200000c4   Data           4  system_stm32f4xx.o(.data.SystemCoreClock)
    TimParametr                              0x200000c8   Data          14  main.o(.data.TimParametr)
    g_f32_CurFilterPara                      0x200000d8   Data           4  analog_input.o(.data.g_f32_CurFilterPara)
    g_u16_Ang_D_TimCnt_InPrsLoop             0x200000dc   Data           2  analog_input.o(.data.g_u16_Ang_D_TimCnt_InPrsLoop)
    s_u32_TestLowPassFilterPara              0x200000e0   Data           4  analog_input.o(.data.s_u32_TestLowPassFilterPara)
    Pwm_Output_A                             0x200000e8   Data          64  pid.o(.bss)
    Pwm_Output_B                             0x20000128   Data          64  pid.o(.bss)
    Angle_Loop                               0x20000168   Data          64  pid.o(.bss)
    Pressure_Loop                            0x200001a8   Data          64  pid.o(.bss)
    g_u16_Ang_D_Cnt_InPrsLoop                0x200001e8   Data           2  analog_input.o(.bss..L_MergedGlobals)
    s_u32_Pre_TestLowPassFilter              0x20000208   Data           4  analog_input.o(.bss..L_MergedGlobals)
    s_u32_TestLowPassFilter                  0x2000020c   Data           4  analog_input.o(.bss..L_MergedGlobals)
    DetectorFdbVal                           0x20000210   Data          28  analog_input.o(.bss..L_MergedGlobals)
    AnalogInput                              0x2000022c   Data          44  analog_input.o(.bss..L_MergedGlobals)
    g_u8_ErrorByte                           0x20000258   Data           1  diagnose.o(.bss..L_MergedGlobals)
    g_u8_ExchangeFlg                         0x20000270   Data           1  application.o(.bss..L_MergedGlobals.1)
    g_s16_PrsCompAngVal                      0x20000276   Data           2  application.o(.bss..L_MergedGlobals.1)
    s_u16_TiltAngRef_PwrLmt                  0x20000278   Data           2  application.o(.bss..L_MergedGlobals.1)
    s16_PrsOffset                            0x2000027a   Data           2  application.o(.bss..L_MergedGlobals.1)
    Prs_offset_b                             0x2000027c   Data           2  application.o(.bss..L_MergedGlobals.1)
    g_f32_CurA_Ratio                         0x20000290   Data           4  application.o(.bss..L_MergedGlobals.1)
    g_f32_CurB_Ratio                         0x20000294   Data           4  application.o(.bss..L_MergedGlobals.1)
    g_u32_PWMOutput_B                        0x20000298   Data           4  application.o(.bss..L_MergedGlobals.1)
    Prs_offset_a                             0x2000029c   Data           4  application.o(.bss..L_MergedGlobals.1)
    TimCnt                                   0x200002a4   Data          12  application.o(.bss..L_MergedGlobals.1)
    ScopeVal                                 0x200002b0   Data          16  application.o(.bss..L_MergedGlobals.1)
    PpqEnable                                0x200002d4   Data           5  application.o(.bss.PpqEnable)
    g_ADC_Original_Value                     0x200002dc   Data         320  analog_input.o(.bss.g_ADC_Original_Value)
    g_HLCmdMap                               0x2000041c   Data        1024  main.o(.bss.g_HLCmdMap)
    g_PCRdCmd                                0x2000081c   Data         192  main.o(.bss.g_PCRdCmd)
    g_PCSetCmd                               0x200008dc   Data          96  main.o(.bss.g_PCSetCmd)
    g_u8_SimulationMode                      0x2000093c   Data           1  main.o(.bss.g_u8_SimulationMode)
    __initial_sp                             0x20000d40   Data           0  startup_stm32f40_41xxx.o(STACK)



==============================================================================

Memory Map of the image

  Image Entry point : 0x08000189

  Load Region LR_IROM1 (Base: 0x08000000, Size: 0x0003c0f0, Max: 0x00040000, ABSOLUTE)

    Execution Region ER_IROM1 (Exec base: 0x08000000, Load base: 0x08000000, Size: 0x0003c004, Max: 0x00040000, ABSOLUTE)

    Exec Addr    Load Addr    Size         Type   Attr      Idx    E Section Name        Object

    0x08000000   0x08000000   0x00000188   Data   RO           21    RESET               startup_stm32f40_41xxx.o
    0x08000188   0x08000188   0x00000000   Code   RO          667  * .ARM.Collect$$$$00000000  mc_w.l(entry.o)
    0x08000188   0x08000188   0x00000004   Code   RO          676    .ARM.Collect$$$$00000001  mc_w.l(entry2.o)
    0x0800018c   0x0800018c   0x00000004   Code   RO          679    .ARM.Collect$$$$00000004  mc_w.l(entry5.o)
    0x08000190   0x08000190   0x00000000   Code   RO          681    .ARM.Collect$$$$00000008  mc_w.l(entry7b.o)
    0x08000190   0x08000190   0x00000000   Code   RO          683    .ARM.Collect$$$$0000000A  mc_w.l(entry8b.o)
    0x08000190   0x08000190   0x00000008   Code   RO          684    .ARM.Collect$$$$0000000B  mc_w.l(entry9a.o)
    0x08000198   0x08000198   0x00000000   Code   RO          686    .ARM.Collect$$$$0000000D  mc_w.l(entry10a.o)
    0x08000198   0x08000198   0x00000000   Code   RO          688    .ARM.Collect$$$$0000000F  mc_w.l(entry11a.o)
    0x08000198   0x08000198   0x00000004   Code   RO          677    .ARM.Collect$$$$00002712  mc_w.l(entry2.o)
    0x0800019c   0x0800019c   0x000000fe   Code   RO            1    .text               main.o
    0x0800029a   0x0800029a   0x00000002   PAD
    0x0800029c   0x0800029c   0x00000024   Code   RO           22    .text               startup_stm32f40_41xxx.o
    0x080002c0   0x080002c0   0x000001be   Code   RO           28    .text               system_stm32f4xx.o
    0x0800047e   0x0800047e   0x00000002   PAD
    0x08000480   0x08000480   0x000000c0   Code   RO           38    .text               misc.o
    0x08000540   0x08000540   0x0000039c   Code   RO           46    .text               stm32f4xx_adc.o
    0x080008dc   0x080008dc   0x000004c6   Code   RO          137    .text               stm32f4xx_dma.o
    0x08000da2   0x08000da2   0x00000002   PAD
    0x08000da4   0x08000da4   0x0000114c   Code   RO          153    .text               stm32f4xx_flash.o
    0x08001ef0   0x08001ef0   0x000001d4   Code   RO          187    .text               stm32f4xx_gpio.o
    0x080020c4   0x080020c4   0x00000056   Code   RO          220    .text               stm32f4xx_iwdg.o
    0x0800211a   0x0800211a   0x00000002   PAD
    0x0800211c   0x0800211c   0x000005cc   Code   RO          246    .text               stm32f4xx_rcc.o
    0x080026e8   0x080026e8   0x000003ac   Code   RO          289    .text               stm32f4xx_spi.o
    0x08002a94   0x08002a94   0x00000baa   Code   RO          306    .text               stm32f4xx_tim.o
    0x0800363e   0x0800363e   0x00000002   PAD
    0x08003640   0x08003640   0x000000d4   Code   RO          331    .text               hw_spi.o
    0x08003714   0x08003714   0x00000168   Code   RO          338    .text               hw_adc.o
    0x0800387c   0x0800387c   0x000001d2   Code   RO          345    .text               hw_gpio.o
    0x08003a4e   0x08003a4e   0x00000002   PAD
    0x08003a50   0x08003a50   0x000000ce   Code   RO          352    .text               hw_tim.o
    0x08003b1e   0x08003b1e   0x00000002   PAD
    0x08003b20   0x08003b20   0x000004e6   Code   RO          360    .text               ad7689.o
    0x08004006   0x08004006   0x00000002   PAD
    0x08004008   0x08004008   0x000005e4   Code   RO          377    .text               analog_input.o
    0x080045ec   0x080045ec   0x00000c32   Code   RO          392    .text               application.o
    0x0800521e   0x0800521e   0x00000002   PAD
    0x08005220   0x08005220   0x00000ae6   Code   RO          415    .text               flash.o
    0x08005d06   0x08005d06   0x00000002   PAD
    0x08005d08   0x08005d08   0x0000006a   Code   RO          425    .text               stm32f4xx_it.o
    0x08005d72   0x08005d72   0x00000002   PAD
    0x08005d74   0x08005d74   0x00000112   Code   RO          432    .text               task.o
    0x08005e86   0x08005e86   0x00000002   PAD
    0x08005e88   0x08005e88   0x00000162   Code   RO          454    .text               limit.o
    0x08005fea   0x08005fea   0x00000002   PAD
    0x08005fec   0x08005fec   0x000001e6   Code   RO          462    .text               diagnose.o
    0x080061d2   0x080061d2   0x00000024   Code   RO          672    .text               mc_w.l(memseta.o)
    0x080061f6   0x080061f6   0x00000000   Code   RO          697    .text               mc_w.l(iusefp.o)
    0x080061f6   0x080061f6   0x0000003c   Code   RO          698    .text               mf_w.l(frnd.o)
    0x08006232   0x08006232   0x0000004c   Code   RO          700    .text               mf_w.l(ffixir.o)
    0x0800627e   0x0800627e   0x00000002   PAD
    0x08006280   0x08006280   0x00000030   Code   RO          702    .text               mc_w.l(init.o)
    0x080062b0   0x080062b0   0x0000006e   Code   RO          704    .text               mf_w.l(fepilogue.o)
    0x0800631e   0x0800631e   0x00000002   PAD
    0x08006320   0x08006320   0x000002c0   Code   RO          508    i.Angle_PID_Regulator  PID_AREA.lib(pid.o)
    0x080065e0   0x080065e0   0x00000214   Code   RO          472    i.Compute_Cur_B_Ref  Deadzone_Current.lib(deadzone_current.o)
    0x080067f4   0x080067f4   0x000000d4   Code   RO          509    i.PID_Regulator     PID_AREA.lib(pid.o)
    0x080068c8   0x080068c8   0x000003d0   Code   RO          510    i.Pressure_PID_Regulator  PID_AREA.lib(pid.o)
    0x08006c98   0x08006c98   0x00000048   Code   RO          663    i.__hardfp_lrintf   m_wm.l(lrintf.o)
    0x08006ce0   0x08006ce0   0x0000000e   Code   RO          708    i.__scatterload_copy  mc_w.l(handlers.o)
    0x08006cee   0x08006cee   0x00000002   Code   RO          709    i.__scatterload_null  mc_w.l(handlers.o)
    0x08006cf0   0x08006cf0   0x0000000e   Code   RO          710    i.__scatterload_zeroinit  mc_w.l(handlers.o)
    0x08006cfe   0x08006cfe   0x00000002   PAD
    0x08006d00   0x08006d00   0x0000000c   Code   RO          692    i.__set_errno       mc_w.l(errno.o)
    0x08006d0c   0x08006d0c   0x0000002a   Code   RO          473    i.clampf            Deadzone_Current.lib(deadzone_current.o)
    0x08006d36   0x08006d36   0x00000002   PAD
    0x08006d38   0x08006d38   0x0000002c   Data   RO          189    .rodata..Lswitch.table.GPIO_DeInit  stm32f4xx_gpio.o
    0x08006d64   0x08006d64   0x00000010   Data   RO           31    .rodata.AHBPrescTable  system_stm32f4xx.o
    0x08006d74   0x08006d74   0x00000010   Data   RO          248    .rodata.APBAHBPrescTable  stm32f4xx_rcc.o
    0x08006d84   0x08006d84   0x00000008   Data   RO          291    .rodata.cst8        stm32f4xx_spi.o
    0x08006d8c   0x08006d8c   0x00000020   Data   RO          707    Region$$Table       anon$$obj.o
    0x08006dac   0x08006dac   0x00035254   PAD
    0x0803c000   0x0803c000   0x00000004   Data   RO          417    .ARM.__at_0x0803C000  flash.o


    Execution Region RW_IRAM1 (Exec base: 0x20000000, Load base: 0x0803c008, Size: 0x00000d40, Max: 0x00020000, ABSOLUTE)

    Exec Addr    Load Addr    Size         Type   Attr      Idx    E Section Name        Object

    0x20000000   0x0803c008   0x00000020   Data   RW          512    .data               PID_AREA.lib(pid.o)
    0x20000020   0x0803c028   0x00000004   Data   RW          693    .data               mc_w.l(errno.o)
    0x20000024   0x0803c02c   0x00000058   Data   RW          406    .data..L_MergedGlobals  application.o
    0x2000007c   0x0803c084   0x0000000e   Data   RW          438    .data..L_MergedGlobals  task.o
    0x2000008a   0x0803c092   0x00000002   PAD
    0x2000008c   0x0803c094   0x00000008   Data   RW          398    .data.AngSwinging   application.o
    0x20000094   0x0803c09c   0x00000010   Data   RW            7    .data.FilterTimConstant  main.o
    0x200000a4   0x0803c0ac   0x0000001e   Data   RW          397    .data.SysParameter  application.o
    0x200000c2   0x0803c0ca   0x00000002   PAD
    0x200000c4   0x0803c0cc   0x00000004   Data   RW           30    .data.SystemCoreClock  system_stm32f4xx.o
    0x200000c8   0x0803c0d0   0x0000000e   Data   RW            6    .data.TimParametr   main.o
    0x200000d6   0x0803c0de   0x00000002   PAD
    0x200000d8   0x0803c0e0   0x00000004   Data   RW          381    .data.g_f32_CurFilterPara  analog_input.o
    0x200000dc   0x0803c0e4   0x00000002   Data   RW          380    .data.g_u16_Ang_D_TimCnt_InPrsLoop  analog_input.o
    0x200000de   0x0803c0e6   0x00000002   PAD
    0x200000e0   0x0803c0e8   0x00000004   Data   RW          382    .data.s_u32_TestLowPassFilterPara  analog_input.o
    0x200000e4   0x0803c0ec   0x00000004   PAD
    0x200000e8        -       0x00000100   Zero   RW          511    .bss                PID_AREA.lib(pid.o)
    0x200001e8        -       0x00000070   Zero   RW          384    .bss..L_MergedGlobals  analog_input.o
    0x20000258        -       0x00000016   Zero   RW          464    .bss..L_MergedGlobals  diagnose.o
    0x2000026e   0x0803c0ec   0x00000002   PAD
    0x20000270        -       0x00000050   Zero   RW          407    .bss..L_MergedGlobals.1  application.o
    0x200002c0        -       0x0000000d   Zero   RW          439    .bss..L_MergedGlobals.1  task.o
    0x200002cd   0x0803c0ec   0x00000003   PAD
    0x200002d0        -       0x00000004   Zero   RW          383    .bss.Cur_A_B_RefFilterFunc.s_f32_Pre_Cur_B  analog_input.o
    0x200002d4        -       0x00000005   Zero   RW          399    .bss.PpqEnable      application.o
    0x200002d9   0x0803c0ec   0x00000001   PAD
    0x200002da        -       0x00000002   Zero   RW          400    .bss.TiltAng_A_FreqShakeFunc.u16CycleCnt  application.o
    0x200002dc        -       0x00000140   Zero   RW          379    .bss.g_ADC_Original_Value  analog_input.o
    0x2000041c        -       0x00000400   Zero   RW            3    .bss.g_HLCmdMap     main.o
    0x2000081c        -       0x000000c0   Zero   RW            5    .bss.g_PCRdCmd      main.o
    0x200008dc        -       0x00000060   Zero   RW            4    .bss.g_PCSetCmd     main.o
    0x2000093c        -       0x00000001   Zero   RW           10    .bss.g_u8_SimulationMode  main.o
    0x2000093d   0x0803c0ec   0x00000003   PAD
    0x20000940        -       0x00000400   Zero   RW           19    STACK               startup_stm32f40_41xxx.o


==============================================================================

Image component sizes


      Code (inc. data)   RO Data    RW Data    ZI Data      Debug   Object Name

      1254          0          0          0          0       6551   ad7689.o
      1508          0          0         10        436       9225   analog_input.o
      3122          0          0        126         87      13711   application.o
       486          0          0          0         22       4481   diagnose.o
      2790          0          4          0          0      11679   flash.o
       360          0          0          0          0       3549   hw_adc.o
       466          0          0          0          0       2096   hw_gpio.o
       212          0          0          0          0       2645   hw_spi.o
       206          0          0          0          0       3326   hw_tim.o
       354          0          0          0          0       1958   limit.o
       254          0          0         30       1313       5698   main.o
       192          0          0          0          0       3170   misc.o
        36          8        392          0       1024        928   startup_stm32f40_41xxx.o
       924          0          0          0          0       8835   stm32f4xx_adc.o
      1222          0          0          0          0       6147   stm32f4xx_dma.o
      4428          0          0          0          0      15205   stm32f4xx_flash.o
       468          0         44          0          0       4518   stm32f4xx_gpio.o
       106          0          0          0          0       1414   stm32f4xx_it.o
        86          0          0          0          0       1550   stm32f4xx_iwdg.o
      1484          0         16          0          0      12433   stm32f4xx_rcc.o
       940          0          8          0          0       7962   stm32f4xx_spi.o
      2986          0          0          0          0      23726   stm32f4xx_tim.o
       446          0         16          4          0       3344   system_stm32f4xx.o
       274          0          0         14         13       2140   task.o

    ----------------------------------------------------------------------
     24630          8     218196        192       2908     156291   Object Totals
         0          0         32          0          0          0   (incl. Generated)
        26          0     217684          8         13          0   (incl. Padding)

    ----------------------------------------------------------------------

      Code (inc. data)   RO Data    RW Data    ZI Data      Debug   Library Member Name

       574         30          0          0          0       7324   deadzone_current.o
      1892         36          0         32        256     296757   pid.o
        72          0          0          0          0        136   lrintf.o
         0          0          0          0          0          0   entry.o
         0          0          0          0          0          0   entry10a.o
         0          0          0          0          0          0   entry11a.o
         8          4          0          0          0          0   entry2.o
         4          0          0          0          0          0   entry5.o
         0          0          0          0          0          0   entry7b.o
         0          0          0          0          0          0   entry8b.o
         8          4          0          0          0          0   entry9a.o
        12          6          0          4          0         68   errno.o
        30          0          0          0          0          0   handlers.o
        48         10          0          0          0         68   init.o
         0          0          0          0          0          0   iusefp.o
        36          0          0          0          0        108   memseta.o
       110          0          0          0          0        168   fepilogue.o
        76          0          0          0          0         76   ffixir.o
        60          0          0          0          0         76   frnd.o

    ----------------------------------------------------------------------
      2938         90          0         36        256     304781   Library Totals
         8          0          0          0          0          0   (incl. Padding)

    ----------------------------------------------------------------------

      Code (inc. data)   RO Data    RW Data    ZI Data      Debug   Library Name

       574         30          0          0          0       7324   Deadzone_Current.lib
      1892         36          0         32        256     296757   PID_AREA.lib
        72          0          0          0          0        136   m_wm.l
       146         24          0          4          0        244   mc_w.l
       246          0          0          0          0        320   mf_w.l

    ----------------------------------------------------------------------
      2938         90          0         36        256     304781   Library Totals

    ----------------------------------------------------------------------

==============================================================================


      Code (inc. data)   RO Data    RW Data    ZI Data      Debug   

     27568         98     218196        228       3164     460280   Grand Totals
     27568         98     218196        228       3164     460280   ELF Image Totals
     27568         98     218196        228          0          0   ROM Totals

==============================================================================

    Total RO  Size (Code + RO Data)               245764 ( 240.00kB)
    Total RW  Size (RW Data + ZI Data)              3392 (   3.31kB)
    Total ROM Size (Code + RO Data + RW Data)     245992 ( 240.23kB)

==============================================================================

