<html>
<body>
<pre>
<h1>µVision Build Log</h1>
<h2>Tool Versions:</h2>
IDE-Version: µVision V5.43.1.0
Copyright (C) 2025 ARM Ltd and ARM Germany GmbH. All rights reserved.
License Information: Mit gandhi
Inline hydraulik GmbH
User-based license: Keil MDK Community (non-commercial free of charge)
Valid until: Jun 1 2033. Cached until: Jan 14 2026
 
Tool Versions:
Toolchain:       Keil MDK Community (non-commercial free of charge  Version: 5.43.0.0
Toolchain Path:  C:\Users\m.gandhi\AppData\Local\Keil_v5\ARM\ARMCLANG\Bin
C Compiler:      ArmClang.exe V6.24
Assembler:       Armasm.exe V6.24
Linker/Locator:  ArmLink.exe V6.24
Library Manager: ArmAr.exe V6.24
Hex Converter:   FromElf.exe V6.24
CPU DLL:         SARMCM3.DLL V5.43.0.0
Dialog DLL:      DCM.DLL V1.17.5.0
Target DLL:      STLink\ST-LINKIII-KEIL_SWO.dll V3.3.1.0
Dialog DLL:      TCM.DLL V1.56.6.0
 
<h2>Project:</h2>
H:\PumpBoard_Controller\PumpBoard_Car_PPQ1_Single_V0.0.0.2_2025.10.27\USER\PumpCtrl.uvprojx
Project File Date:  01/05/2026

<h2>Output:</h2>
*** Using Compiler 'V6.24', folder: 'C:\Users\m.gandhi\AppData\Local\Keil_v5\ARM\ARMCLANG\Bin'
Build target 'PPQ_Ctrl'
compiling main.c...
compiling flash.c...
linking...
Program Size: Code=27444 RO-data=218320 RW-data=228 ZI-data=3164  
FromELF: creating hex file...
After Build - User command #1: fromelf.exe --bin -o "PumpCtrl_V0.1.0.4.bin" "..\OBJ\Template.axf"
"..\OBJ\Template.axf" - 0 Error(s), 0 Warning(s).

<h2>Software Packages used:</h2>

Package Vendor: Keil
                https://www.keil.com/pack/Keil.STM32F4xx_DFP.3.1.1.pack
                Keil::STM32F4xx_DFP@3.1.1
                STMicroelectronics STM32F4 Series Device Support

<h2>Collection of Component include folders:</h2>

<h2>Collection of Component Files used:</h2>
Build Time Elapsed:  00:00:14
</pre>
</body>
</html>
