Component: Arm Compiler for Embedded 6.24 Tool: armlink [5f371500]

==============================================================================

Section Cross References

    main.o(.text) refers to stm32f4xx_iwdg.o(.text) for IWDG_WriteAccessCmd
    main.o(.text) refers to misc.o(.text) for NVIC_PriorityGroupConfig
    main.o(.text) refers to Hw_GPIO.o(.text) for GPIO_Init_Func
    main.o(.text) refers to flash.o(.text) for InitUserParaProcess
    main.o(.text) refers to system_stm32f4xx.o(.data.SystemCoreClock) for SystemCoreClock
    main.o(.text) refers to Hw_SPI.o(.text) for SPI3_Int
    main.o(.text) refers to Hw_TIM.o(.text) for TIM2_init
    main.o(.text) refers to Hw_ADC.o(.text) for Adc1_Analog_Input_Init
    main.o(.text) refers to AD7689.o(.text) for AD7689InitFunc
    main.o(.text) refers to application.o(.text) for SensorModeChangeFunc
    main.o(.text) refers to Task.o(.text) for TaskParmInit
    main.o(.ARM.exidx) refers to main.o(.text) for [Anonymous Symbol]
    startup_stm32f40_41xxx.o(RESET) refers to startup_stm32f40_41xxx.o(STACK) for __initial_sp
    startup_stm32f40_41xxx.o(RESET) refers to startup_stm32f40_41xxx.o(.text) for Reset_Handler
    startup_stm32f40_41xxx.o(RESET) refers to stm32f4xx_it.o(.text) for NMI_Handler
    startup_stm32f40_41xxx.o(.text) refers to system_stm32f4xx.o(.text) for SystemInit
    startup_stm32f40_41xxx.o(.text) refers to entry.o(.ARM.Collect$$$$00000000) for __main
    system_stm32f4xx.o(.text) refers to system_stm32f4xx.o(.data.SystemCoreClock) for SystemCoreClock
    system_stm32f4xx.o(.text) refers to system_stm32f4xx.o(.rodata.AHBPrescTable) for AHBPrescTable
    system_stm32f4xx.o(.ARM.exidx) refers to system_stm32f4xx.o(.text) for [Anonymous Symbol]
    misc.o(.ARM.exidx) refers to misc.o(.text) for [Anonymous Symbol]
    stm32f4xx_adc.o(.text) refers to stm32f4xx_rcc.o(.text) for RCC_APB2PeriphResetCmd
    stm32f4xx_adc.o(.ARM.exidx) refers to stm32f4xx_adc.o(.text) for [Anonymous Symbol]
    stm32f4xx_can.o(.text) refers to stm32f4xx_rcc.o(.text) for RCC_APB1PeriphResetCmd
    stm32f4xx_can.o(.ARM.exidx) refers to stm32f4xx_can.o(.text) for [Anonymous Symbol]
    stm32f4xx_crc.o(.ARM.exidx) refers to stm32f4xx_crc.o(.text) for [Anonymous Symbol]
    stm32f4xx_cryp.o(.text) refers to stm32f4xx_rcc.o(.text) for RCC_AHB2PeriphResetCmd
    stm32f4xx_cryp.o(.ARM.exidx) refers to stm32f4xx_cryp.o(.text) for [Anonymous Symbol]
    stm32f4xx_cryp_aes.o(.text) refers to stm32f4xx_cryp.o(.text) for CRYP_KeyStructInit
    stm32f4xx_cryp_aes.o(.text) refers to memseta.o(.text) for __aeabi_memclr
    stm32f4xx_cryp_aes.o(.text) refers to memcpya.o(.text) for __aeabi_memcpy
    stm32f4xx_cryp_aes.o(.ARM.exidx) refers to stm32f4xx_cryp_aes.o(.text) for [Anonymous Symbol]
    stm32f4xx_cryp_des.o(.text) refers to stm32f4xx_cryp.o(.text) for CRYP_KeyStructInit
    stm32f4xx_cryp_des.o(.ARM.exidx) refers to stm32f4xx_cryp_des.o(.text) for [Anonymous Symbol]
    stm32f4xx_cryp_tdes.o(.text) refers to stm32f4xx_cryp.o(.text) for CRYP_KeyStructInit
    stm32f4xx_cryp_tdes.o(.ARM.exidx) refers to stm32f4xx_cryp_tdes.o(.text) for [Anonymous Symbol]
    stm32f4xx_dac.o(.text) refers to stm32f4xx_rcc.o(.text) for RCC_APB1PeriphResetCmd
    stm32f4xx_dac.o(.ARM.exidx) refers to stm32f4xx_dac.o(.text) for [Anonymous Symbol]
    stm32f4xx_dbgmcu.o(.ARM.exidx) refers to stm32f4xx_dbgmcu.o(.text) for [Anonymous Symbol]
    stm32f4xx_dcmi.o(.ARM.exidx) refers to stm32f4xx_dcmi.o(.text) for [Anonymous Symbol]
    stm32f4xx_dma2d.o(.text) refers to stm32f4xx_rcc.o(.text) for RCC_AHB1PeriphResetCmd
    stm32f4xx_dma2d.o(.text) refers to memseta.o(.text) for __aeabi_memclr4
    stm32f4xx_dma2d.o(.ARM.exidx) refers to stm32f4xx_dma2d.o(.text) for [Anonymous Symbol]
    stm32f4xx_dma.o(.text) refers to memseta.o(.text) for __aeabi_memclr4
    stm32f4xx_dma.o(.ARM.exidx) refers to stm32f4xx_dma.o(.text) for [Anonymous Symbol]
    stm32f4xx_exti.o(.ARM.exidx) refers to stm32f4xx_exti.o(.text) for [Anonymous Symbol]
    stm32f4xx_flash.o(.ARM.exidx) refers to stm32f4xx_flash.o(.text) for [Anonymous Symbol]
    stm32f4xx_flash_ramfunc.o(.ARM.exidx.RamFunc) refers to stm32f4xx_flash_ramfunc.o(.RamFunc) for [Anonymous Symbol]
    stm32f4xx_fsmc.o(.text) refers to stm32f4xx_fsmc.o(.rodata.FSMC_DefaultTimingStruct) for FSMC_DefaultTimingStruct
    stm32f4xx_fsmc.o(.ARM.exidx) refers to stm32f4xx_fsmc.o(.text) for [Anonymous Symbol]
    stm32f4xx_hash_md5.o(.text) refers to stm32f4xx_hash.o(.text) for HASH_DeInit
    stm32f4xx_hash_md5.o(.ARM.exidx) refers to stm32f4xx_hash_md5.o(.text) for [Anonymous Symbol]
    stm32f4xx_gpio.o(.text) refers to stm32f4xx_gpio.o(.rodata..Lswitch.table.GPIO_DeInit.1) for .Lswitch.table.GPIO_DeInit.1
    stm32f4xx_gpio.o(.text) refers to stm32f4xx_rcc.o(.text) for RCC_AHB1PeriphResetCmd
    stm32f4xx_gpio.o(.ARM.exidx) refers to stm32f4xx_gpio.o(.text) for [Anonymous Symbol]
[...]
    .ARM.Collect$$$$00002712                 0x08000198   Section        4  entry2.o(.ARM.Collect$$$$00002712)
    [Anonymous Symbol]                       0x0800019c   Section        0  main.o(.text)
    $v0                                      0x0800024c   Number         0  startup_stm32f40_41xxx.o(.text)
    .text                                    0x0800024c   Section       36  startup_stm32f40_41xxx.o(.text)
    [Anonymous Symbol]                       0x08000270   Section        0  system_stm32f4xx.o(.text)
    [Anonymous Symbol]                       0x080003ec   Section        0  misc.o(.text)
    [Anonymous Symbol]                       0x080004ac   Section        0  stm32f4xx_adc.o(.text)
    [Anonymous Symbol]                       0x08000848   Section        0  stm32f4xx_dma.o(.text)
    [Anonymous Symbol]                       0x08000cdc   Section        0  stm32f4xx_flash.o(.text)
    [Anonymous Symbol]                       0x080012d0   Section        0  stm32f4xx_gpio.o(.text)
    [Anonymous Symbol]                       0x08001430   Section        0  stm32f4xx_iwdg.o(.text)
    [Anonymous Symbol]                       0x08001488   Section        0  stm32f4xx_rcc.o(.text)
    [Anonymous Symbol]                       0x080019f4   Section        0  stm32f4xx_spi.o(.text)
    [Anonymous Symbol]                       0x08001d88   Section        0  stm32f4xx_tim.o(.text)
    [Anonymous Symbol]                       0x080028b0   Section        0  Hw_SPI.o(.text)
    [Anonymous Symbol]                       0x08002984   Section        0  Hw_ADC.o(.text)
    [Anonymous Symbol]                       0x08002aec   Section        0  Hw_GPIO.o(.text)
    [Anonymous Symbol]                       0x08002cc0   Section        0  Hw_TIM.o(.text)
    [Anonymous Symbol]                       0x08002d90   Section        0  AD7689.o(.text)
    [Anonymous Symbol]                       0x08003148   Section        0  analog_input.o(.text)
    [Anonymous Symbol]                       0x0800370c   Section        0  application.o(.text)
    [Anonymous Symbol]                       0x0800445c   Section        0  flash.o(.text)
    [Anonymous Symbol]                       0x08004de0   Section        0  stm32f4xx_it.o(.text)
    [Anonymous Symbol]                       0x08004e4c   Section        0  Task.o(.text)
    [Anonymous Symbol]                       0x08004efc   Section        0  limit.o(.text)
    [Anonymous Symbol]                       0x08005050   Section        0  Diagnose.o(.text)
    .text                                    0x080052d6   Section        0  memseta.o(.text)
    .text                                    0x080052fa   Section        0  iusefp.o(.text)
    .text                                    0x080052fa   Section        0  frnd.o(.text)
    .text                                    0x08005336   Section        0  ffixir.o(.text)
    .text                                    0x08005384   Section       48  init.o(.text)
    .text                                    0x080053b4   Section        0  fepilogue.o(.text)
    i.Angle_PID_Regulator                    0x08005424   Section        0  pid.o(i.Angle_PID_Regulator)
    i.Compute_Cur_B_Ref                      0x080056e4   Section        0  deadzone_current.o(i.Compute_Cur_B_Ref)
    i.PID_Regulator                          0x080058f8   Section        0  pid.o(i.PID_Regulator)
    i.Pressure_PID_Regulator                 0x080059cc   Section        0  pid.o(i.Pressure_PID_Regulator)
    i.__hardfp_lrintf                        0x08005d9c   Section        0  lrintf.o(i.__hardfp_lrintf)
    i.__scatterload_copy                     0x08005de4   Section       14  handlers.o(i.__scatterload_copy)
    i.__scatterload_null                     0x08005df2   Section        2  handlers.o(i.__scatterload_null)
    i.__scatterload_zeroinit                 0x08005df4   Section       14  handlers.o(i.__scatterload_zeroinit)
    i.__set_errno                            0x08005e04   Section        0  errno.o(i.__set_errno)
    clampf                                   0x08005e11   Thumb Code    42  deadzone_current.o(i.clampf)
    i.clampf                                 0x08005e10   Section        0  deadzone_current.o(i.clampf)
    .Lswitch.table.GPIO_DeInit.1             0x08005e3c   Data          44  stm32f4xx_gpio.o(.rodata..Lswitch.table.GPIO_DeInit.1)
    APBAHBPrescTable                         0x08005e78   Data          16  stm32f4xx_rcc.o(.rodata.APBAHBPrescTable)
    [Anonymous Symbol]                       0x08005e78   Section        0  stm32f4xx_rcc.o(.rodata.APBAHBPrescTable)
    .data                                    0x20000000   Section       32  pid.o(.data)
    cnt                                      0x20000018   Data           2  pid.o(.data)
    s_s16_D_Error                            0x2000001a   Data           2  pid.o(.data)
    cnt                                      0x2000001c   Data           2  pid.o(.data)
    s_s16_D_Error                            0x2000001e   Data           2  pid.o(.data)
    _errno                                   0x20000020   Data           4  errno.o(.data)
    .data                                    0x20000020   Section        4  errno.o(.data)
    TaskComps                                0x2000008c   Data          48  Task.o(.data.TaskComps)
    [Anonymous Symbol]                       0x2000008c   Section        0  Task.o(.data.TaskComps)
    .bss                                     0x20000108   Section      256  pid.o(.bss)
    CalAD7689AvgAngPrsData.s_f32_Pre_Pressure_01 0x20000234   Data           4  analog_input.o(.bss.CalAD7689AvgAngPrsData.s_f32_Pre_Pressure_01)
    [Anonymous Symbol]                       0x20000234   Section        0  analog_input.o(.bss.CalAD7689AvgAngPrsData.s_f32_Pre_Pressure_01)
    CalAD7689AvgAngPrsData.s_f32_Pre_Pressure_02 0x20000238   Data           4  analog_input.o(.bss.CalAD7689AvgAngPrsData.s_f32_Pre_Pressure_02)
    [Anonymous Symbol]                       0x20000238   Section        0  analog_input.o(.bss.CalAD7689AvgAngPrsData.s_f32_Pre_Pressure_02)
    CalAD7689AvgAngPrsData.s_f32_Pre_SwivelAngle_01 0x2000023c   Data           4  analog_input.o(.bss.CalAD7689AvgAngPrsData.s_f32_Pre_SwivelAngle_01)
    [Anonymous Symbol]                       0x2000023c   Section        0  analog_input.o(.bss.CalAD7689AvgAngPrsData.s_f32_Pre_SwivelAngle_01)
    CalAD7689AvgAngPrsData.s_f32_Pre_SwivelAngle_02 0x20000240   Data           4  analog_input.o(.bss.CalAD7689AvgAngPrsData.s_f32_Pre_SwivelAngle_02)
    [Anonymous Symbol]                       0x20000240   Section        0  analog_input.o(.bss.CalAD7689AvgAngPrsData.s_f32_Pre_SwivelAngle_02)
    CalAngFbkDiff_InPrsLoop_Func.s_s32_Pre_AngFdb 0x20000244   Data           4  analog_input.o(.bss.CalAngFbkDiff_InPrsLoop_Func.s_s32_Pre_AngFdb)
    [Anonymous Symbol]                       0x20000244   Section        0  analog_input.o(.bss.CalAngFbkDiff_InPrsLoop_Func.s_s32_Pre_AngFdb)
    Cal_AngFbkDiff_Func.s_s32_Pre_AngFdb     0x20000248   Data           4  analog_input.o(.bss.Cal_AngFbkDiff_Func.s_s32_Pre_AngFdb)
    [Anonymous Symbol]                       0x20000248   Section        0  analog_input.o(.bss.Cal_AngFbkDiff_Func.s_s32_Pre_AngFdb)
    Cal_PrsFbkDiff_Func.s_s32_Pre_PressureFdb 0x2000024c   Data           4  analog_input.o(.bss.Cal_PrsFbkDiff_Func.s_s32_Pre_PressureFdb)
    [Anonymous Symbol]                       0x2000024c   Section        0  analog_input.o(.bss.Cal_PrsFbkDiff_Func.s_s32_Pre_PressureFdb)
    Cur_A_B_RefFilterFunc.s_f32_Pre_Cur_B    0x20000250   Data           4  analog_input.o(.bss.Cur_A_B_RefFilterFunc.s_f32_Pre_Cur_B)
    [Anonymous Symbol]                       0x20000250   Section        0  analog_input.o(.bss.Cur_A_B_RefFilterFunc.s_f32_Pre_Cur_B)
    DiagnoseAngleSensorErr.s_u16_ClrErrDlyCnt 0x20000270   Data           2  Diagnose.o(.bss.DiagnoseAngleSensorErr.s_u16_ClrErrDlyCnt)
    [Anonymous Symbol]                       0x20000270   Section        0  Diagnose.o(.bss.DiagnoseAngleSensorErr.s_u16_ClrErrDlyCnt)
    DiagnoseAngleSensorErr.s_u16_SetErrDlyCnt 0x20000272   Data           2  Diagnose.o(.bss.DiagnoseAngleSensorErr.s_u16_SetErrDlyCnt)
    [Anonymous Symbol]                       0x20000272   Section        0  Diagnose.o(.bss.DiagnoseAngleSensorErr.s_u16_SetErrDlyCnt)
    DiagnoseCurFdbASensorErr.s_u16_ClrErrDlyCnt 0x20000274   Data           2  Diagnose.o(.bss.DiagnoseCurFdbASensorErr.s_u16_ClrErrDlyCnt)
    [Anonymous Symbol]                       0x20000274   Section        0  Diagnose.o(.bss.DiagnoseCurFdbASensorErr.s_u16_ClrErrDlyCnt)
    DiagnoseCurFdbASensorErr.s_u16_SetErrDlyCnt 0x20000276   Data           2  Diagnose.o(.bss.DiagnoseCurFdbASensorErr.s_u16_SetErrDlyCnt)
    [Anonymous Symbol]                       0x20000276   Section        0  Diagnose.o(.bss.DiagnoseCurFdbASensorErr.s_u16_SetErrDlyCnt)
    DiagnoseCurFdbBSensorErr.s_u16_ClrErrDlyCnt 0x20000278   Data           2  Diagnose.o(.bss.DiagnoseCurFdbBSensorErr.s_u16_ClrErrDlyCnt)
    [Anonymous Symbol]                       0x20000278   Section        0  Diagnose.o(.bss.DiagnoseCurFdbBSensorErr.s_u16_ClrErrDlyCnt)
    DiagnoseCurFdbBSensorErr.s_u16_SetErrDlyCnt 0x2000027a   Data           2  Diagnose.o(.bss.DiagnoseCurFdbBSensorErr.s_u16_SetErrDlyCnt)
    [Anonymous Symbol]                       0x2000027a   Section        0  Diagnose.o(.bss.DiagnoseCurFdbBSensorErr.s_u16_SetErrDlyCnt)
    DiagnosePressure01SensorErr.s_u16_ClrErrDlyCnt 0x2000027c   Data           2  Diagnose.o(.bss.DiagnosePressure01SensorErr.s_u16_ClrErrDlyCnt)
    [Anonymous Symbol]                       0x2000027c   Section        0  Diagnose.o(.bss.DiagnosePressure01SensorErr.s_u16_ClrErrDlyCnt)
    DiagnosePressure01SensorErr.s_u16_SetErrDlyCnt 0x2000027e   Data           2  Diagnose.o(.bss.DiagnosePressure01SensorErr.s_u16_SetErrDlyCnt)
    [Anonymous Symbol]                       0x2000027e   Section        0  Diagnose.o(.bss.DiagnosePressure01SensorErr.s_u16_SetErrDlyCnt)
    DiagnosePressure02SensorErr.s_u16_ClrErrDlyCnt 0x20000280   Data           2  Diagnose.o(.bss.DiagnosePressure02SensorErr.s_u16_ClrErrDlyCnt)
    [Anonymous Symbol]                       0x20000280   Section        0  Diagnose.o(.bss.DiagnosePressure02SensorErr.s_u16_ClrErrDlyCnt)
    DiagnosePressure02SensorErr.s_u16_SetErrDlyCnt 0x20000282   Data           2  Diagnose.o(.bss.DiagnosePressure02SensorErr.s_u16_SetErrDlyCnt)
    [Anonymous Symbol]                       0x20000282   Section        0  Diagnose.o(.bss.DiagnosePressure02SensorErr.s_u16_SetErrDlyCnt)
    LimitAngLoopOutput.s_u16_500ms_DlyCnt    0x20000284   Data           2  application.o(.bss.LimitAngLoopOutput.s_u16_500ms_DlyCnt)
    [Anonymous Symbol]                       0x20000284   Section        0  application.o(.bss.LimitAngLoopOutput.s_u16_500ms_DlyCnt)
    LimitAngLoopOutput.s_u16_PreCurRef       0x20000286   Data           2  application.o(.bss.LimitAngLoopOutput.s_u16_PreCurRef)
    [Anonymous Symbol]                       0x20000286   Section        0  application.o(.bss.LimitAngLoopOutput.s_u16_PreCurRef)
    LimitAngLoopOutput.s_u16_PreTiltAngleRef 0x20000288   Data           2  application.o(.bss.LimitAngLoopOutput.s_u16_PreTiltAngleRef)
    [Anonymous Symbol]                       0x20000288   Section        0  application.o(.bss.LimitAngLoopOutput.s_u16_PreTiltAngleRef)
    LimitAngLoopOutput.s_u8_Flag             0x2000028a   Data           1  application.o(.bss.LimitAngLoopOutput.s_u8_Flag)
    [Anonymous Symbol]                       0x2000028a   Section        0  application.o(.bss.LimitAngLoopOutput.s_u8_Flag)
    TiltAng_A_FreqShakeFunc.u16CycleCnt      0x200002a8   Data           2  application.o(.bss.TiltAng_A_FreqShakeFunc.u16CycleCnt)
    [Anonymous Symbol]                       0x200002a8   Section        0  application.o(.bss.TiltAng_A_FreqShakeFunc.u16CycleCnt)
    TiltAng_B_FreqShakeFunc.u16CycleCnt      0x200002aa   Data           2  application.o(.bss.TiltAng_B_FreqShakeFunc.u16CycleCnt)
    [Anonymous Symbol]                       0x200002aa   Section        0  application.o(.bss.TiltAng_B_FreqShakeFunc.u16CycleCnt)
    TiltAngleLoop_Func.s_f32_AngRef          0x200002ac   Data           4  application.o(.bss.TiltAngleLoop_Func.s_f32_AngRef)
    [Anonymous Symbol]                       0x200002ac   Section        0  application.o(.bss.TiltAngleLoop_Func.s_f32_AngRef)
    TiltAngleLoop_Func.s_s16_AngLoopOutput_OffsetCur 0x200002b0   Data           2  application.o(.bss.TiltAngleLoop_Func.s_s16_AngLoopOutput_OffsetCur)
    [Anonymous Symbol]                       0x200002b0   Section        0  application.o(.bss.TiltAngleLoop_Func.s_s16_AngLoopOutput_OffsetCur)
    TiltAngleLoop_Func.s_s16_Cur_B_Ref       0x200002b2   Data           2  application.o(.bss.TiltAngleLoop_Func.s_s16_Cur_B_Ref)
    [Anonymous Symbol]                       0x200002b2   Section        0  application.o(.bss.TiltAngleLoop_Func.s_s16_Cur_B_Ref)
    TiltAngleLoop_Func.s_s16_PrsLoopOutput_OffsetCur 0x200002b4   Data           2  application.o(.bss.TiltAngleLoop_Func.s_s16_PrsLoopOutput_OffsetCur)
    [Anonymous Symbol]                       0x200002b4   Section        0  application.o(.bss.TiltAngleLoop_Func.s_s16_PrsLoopOutput_OffsetCur)
    UpdateAngleLoopMaxMinErrSum.s_u16_500ms_DlyCnt 0x200002c2   Data           2  application.o(.bss.UpdateAngleLoopMaxMinErrSum.s_u16_500ms_DlyCnt)
    [Anonymous Symbol]                       0x200002c2   Section        0  application.o(.bss.UpdateAngleLoopMaxMinErrSum.s_u16_500ms_DlyCnt)
    UpdateAngleLoopMaxMinErrSum.s_u16_PreTiltAngleRef 0x200002c4   Data           2  application.o(.bss.UpdateAngleLoopMaxMinErrSum.s_u16_PreTiltAngleRef)
    [Anonymous Symbol]                       0x200002c4   Section        0  application.o(.bss.UpdateAngleLoopMaxMinErrSum.s_u16_PreTiltAngleRef)
    UpdateAngleLoopMaxMinErrSum.s_u8_Flag    0x200002c6   Data           1  application.o(.bss.UpdateAngleLoopMaxMinErrSum.s_u8_Flag)
    [Anonymous Symbol]                       0x200002c6   Section        0  application.o(.bss.UpdateAngleLoopMaxMinErrSum.s_u8_Flag)
    STACK                                    0x20000948   Section     1024  startup_stm32f40_41xxx.o(STACK)

    Global Symbols

    Symbol Name                              Value     Ov Type        Size  Object(Section)

    BuildAttributes$$THM_ISAv4$E$P$D$K$B$S$7EM$VFPi3$EXTD16$VFPS$VFMA$PE$A:L22UL41UL21$X:L11$S22US41US21$IEEE1$IW$~IW$USESV6$~STKCKD$USESV7$~SHL$OTIME$ROPI$IEEEJ$EBA8$MICROLIB$REQ8$PRES8$EABIv2 0x00000000   Number         0  anon$$obj.o ABSOLUTE
    __cpp_initialize__aeabi_                  - Undefined Weak Reference
    __cxa_finalize                            - Undefined Weak Reference
    __decompress                              - Undefined Weak Reference
    _clock_init                               - Undefined Weak Reference
    _microlib_exit                            - Undefined Weak Reference
    __Vectors_Size                           0x00000188   Number         0  startup_stm32f40_41xxx.o ABSOLUTE
    __Vectors                                0x08000000   Data           4  startup_stm32f40_41xxx.o(RESET)
    __Vectors_End                            0x08000188   Data           0  startup_stm32f40_41xxx.o(RESET)
    __main                                   0x08000189   Thumb Code     0  entry.o(.ARM.Collect$$$$00000000)
    _main_stk                                0x08000189   Thumb Code     0  entry2.o(.ARM.Collect$$$$00000001)
    _main_scatterload                        0x0800018d   Thumb Code     0  entry5.o(.ARM.Collect$$$$00000004)
    __main_after_scatterload                 0x08000191   Thumb Code     0  entry5.o(.ARM.Collect$$$$00000004)
    _main_clock                              0x08000191   Thumb Code     0  entry7b.o(.ARM.Collect$$$$00000008)
    _main_cpp_init                           0x08000191   Thumb Code     0  entry8b.o(.ARM.Collect$$$$0000000A)
    _main_init                               0x08000191   Thumb Code     0  entry9a.o(.ARM.Collect$$$$0000000B)
    __rt_final_cpp                           0x08000199   Thumb Code     0  entry10a.o(.ARM.Collect$$$$0000000D)
    __rt_final_exit                          0x08000199   Thumb Code     0  entry11a.o(.ARM.Collect$$$$0000000F)
    IWDG_Init                                0x0800019d   Thumb Code    38  main.o(.text)
    IWDG_Feed                                0x080001c5   Thumb Code     4  main.o(.text)
    main                                     0x080001c9   Thumb Code   130  main.o(.text)
    Reset_Handler                            0x0800024d   Thumb Code     8  startup_stm32f40_41xxx.o(.text)
    CAN1_RX1_IRQHandler                      0x08000267   Thumb Code     0  startup_stm32f40_41xxx.o(.text)
    CAN1_SCE_IRQHandler                      0x08000267   Thumb Code     0  startup_stm32f40_41xxx.o(.text)
    CAN1_TX_IRQHandler                       0x08000267   Thumb Code     0  startup_stm32f40_41xxx.o(.text)
    CAN2_RX1_IRQHandler                      0x08000267   Thumb Code     0  startup_stm32f40_41xxx.o(.text)
    CAN2_SCE_IRQHandler                      0x08000267   Thumb Code     0  startup_stm32f40_41xxx.o(.text)
    CAN2_TX_IRQHandler                       0x08000267   Thumb Code     0  startup_stm32f40_41xxx.o(.text)
    CRYP_IRQHandler                          0x08000267   Thumb Code     0  startup_stm32f40_41xxx.o(.text)
    DCMI_IRQHandler                          0x08000267   Thumb Code     0  startup_stm32f40_41xxx.o(.text)
    DMA1_Stream0_IRQHandler                  0x08000267   Thumb Code     0  startup_stm32f40_41xxx.o(.text)
    DMA1_Stream1_IRQHandler                  0x08000267   Thumb Code     0  startup_stm32f40_41xxx.o(.text)
    DMA1_Stream2_IRQHandler                  0x08000267   Thumb Code     0  startup_stm32f40_41xxx.o(.text)
    DMA1_Stream3_IRQHandler                  0x08000267   Thumb Code     0  startup_stm32f40_41xxx.o(.text)
    DMA1_Stream4_IRQHandler                  0x08000267   Thumb Code     0  startup_stm32f40_41xxx.o(.text)
    DMA1_Stream5_IRQHandler                  0x08000267   Thumb Code     0  startup_stm32f40_41xxx.o(.text)
    DMA1_Stream6_IRQHandler                  0x08000267   Thumb Code     0  startup_stm32f40_41xxx.o(.text)
    DMA1_Stream7_IRQHandler                  0x08000267   Thumb Code     0  startup_stm32f40_41xxx.o(.text)
    DMA2_Stream0_IRQHandler                  0x08000267   Thumb Code     0  startup_stm32f40_41xxx.o(.text)
    DMA2_Stream1_IRQHandler                  0x08000267   Thumb Code     0  startup_stm32f40_41xxx.o(.text)
    DMA2_Stream2_IRQHandler                  0x08000267   Thumb Code     0  startup_stm32f40_41xxx.o(.text)
    DMA2_Stream3_IRQHandler                  0x08000267   Thumb Code     0  startup_stm32f40_41xxx.o(.text)
    DMA2_Stream4_IRQHandler                  0x08000267   Thumb Code     0  startup_stm32f40_41xxx.o(.text)
    DMA2_Stream5_IRQHandler                  0x08000267   Thumb Code     0  startup_stm32f40_41xxx.o(.text)
    DMA2_Stream6_IRQHandler                  0x08000267   Thumb Code     0  startup_stm32f40_41xxx.o(.text)
    DMA2_Stream7_IRQHandler                  0x08000267   Thumb Code     0  startup_stm32f40_41xxx.o(.text)
    ETH_IRQHandler                           0x08000267   Thumb Code     0  startup_stm32f40_41xxx.o(.text)
    ETH_WKUP_IRQHandler                      0x08000267   Thumb Code     0  startup_stm32f40_41xxx.o(.text)
    EXTI0_IRQHandler                         0x08000267   Thumb Code     0  startup_stm32f40_41xxx.o(.text)
    EXTI15_10_IRQHandler                     0x08000267   Thumb Code     0  startup_stm32f40_41xxx.o(.text)
    EXTI1_IRQHandler                         0x08000267   Thumb Code     0  startup_stm32f40_41xxx.o(.text)
    EXTI2_IRQHandler                         0x08000267   Thumb Code     0  startup_stm32f40_41xxx.o(.text)
    EXTI3_IRQHandler                         0x08000267   Thumb Code     0  startup_stm32f40_41xxx.o(.text)
    EXTI4_IRQHandler                         0x08000267   Thumb Code     0  startup_stm32f40_41xxx.o(.text)
    EXTI9_5_IRQHandler                       0x08000267   Thumb Code     0  startup_stm32f40_41xxx.o(.text)
    FLASH_IRQHandler                         0x08000267   Thumb Code     0  startup_stm32f40_41xxx.o(.text)
    FPU_IRQHandler                           0x08000267   Thumb Code     0  startup_stm32f40_41xxx.o(.text)
    FSMC_IRQHandler                          0x08000267   Thumb Code     0  startup_stm32f40_41xxx.o(.text)
    HASH_RNG_IRQHandler                      0x08000267   Thumb Code     0  startup_stm32f40_41xxx.o(.text)
    I2C1_ER_IRQHandler                       0x08000267   Thumb Code     0  startup_stm32f40_41xxx.o(.text)
    I2C1_EV_IRQHandler                       0x08000267   Thumb Code     0  startup_stm32f40_41xxx.o(.text)
    I2C2_ER_IRQHandler                       0x08000267   Thumb Code     0  startup_stm32f40_41xxx.o(.text)
    I2C2_EV_IRQHandler                       0x08000267   Thumb Code     0  startup_stm32f40_41xxx.o(.text)
    I2C3_ER_IRQHandler                       0x08000267   Thumb Code     0  startup_stm32f40_41xxx.o(.text)
    I2C3_EV_IRQHandler                       0x08000267   Thumb Code     0  startup_stm32f40_41xxx.o(.text)
    OTG_FS_IRQHandler                        0x08000267   Thumb Code     0  startup_stm32f40_41xxx.o(.text)
    OTG_FS_WKUP_IRQHandler                   0x08000267   Thumb Code     0  startup_stm32f40_41xxx.o(.text)
    OTG_HS_EP1_IN_IRQHandler                 0x08000267   Thumb Code     0  startup_stm32f40_41xxx.o(.text)
    OTG_HS_EP1_OUT_IRQHandler                0x08000267   Thumb Code     0  startup_stm32f40_41xxx.o(.text)
    OTG_HS_IRQHandler                        0x08000267   Thumb Code     0  startup_stm32f40_41xxx.o(.text)
    OTG_HS_WKUP_IRQHandler                   0x08000267   Thumb Code     0  startup_stm32f40_41xxx.o(.text)
    PVD_IRQHandler                           0x08000267   Thumb Code     0  startup_stm32f40_41xxx.o(.text)
    RCC_IRQHandler                           0x08000267   Thumb Code     0  startup_stm32f40_41xxx.o(.text)
    RTC_Alarm_IRQHandler                     0x08000267   Thumb Code     0  startup_stm32f40_41xxx.o(.text)
    RTC_WKUP_IRQHandler                      0x08000267   Thumb Code     0  startup_stm32f40_41xxx.o(.text)
    SDIO_IRQHandler                          0x08000267   Thumb Code     0  startup_stm32f40_41xxx.o(.text)
    SPI1_IRQHandler                          0x08000267   Thumb Code     0  startup_stm32f40_41xxx.o(.text)
    SPI2_IRQHandler                          0x08000267   Thumb Code     0  startup_stm32f40_41xxx.o(.text)
    SPI3_IRQHandler                          0x08000267   Thumb Code     0  startup_stm32f40_41xxx.o(.text)
    TAMP_STAMP_IRQHandler                    0x08000267   Thumb Code     0  startup_stm32f40_41xxx.o(.text)
    TIM1_CC_IRQHandler                       0x08000267   Thumb Code     0  startup_stm32f40_41xxx.o(.text)
    TIM1_TRG_COM_TIM11_IRQHandler            0x08000267   Thumb Code     0  startup_stm32f40_41xxx.o(.text)
    TIM2_IRQHandler                          0x08000267   Thumb Code     0  startup_stm32f40_41xxx.o(.text)
    TIM4_IRQHandler                          0x08000267   Thumb Code     0  startup_stm32f40_41xxx.o(.text)
    TIM6_DAC_IRQHandler                      0x08000267   Thumb Code     0  startup_stm32f40_41xxx.o(.text)
    TIM7_IRQHandler                          0x08000267   Thumb Code     0  startup_stm32f40_41xxx.o(.text)
    TIM8_BRK_TIM12_IRQHandler                0x08000267   Thumb Code     0  startup_stm32f40_41xxx.o(.text)
    TIM8_CC_IRQHandler                       0x08000267   Thumb Code     0  startup_stm32f40_41xxx.o(.text)
    TIM8_TRG_COM_TIM14_IRQHandler            0x08000267   Thumb Code     0  startup_stm32f40_41xxx.o(.text)
    TIM8_UP_TIM13_IRQHandler                 0x08000267   Thumb Code     0  startup_stm32f40_41xxx.o(.text)
    UART4_IRQHandler                         0x08000267   Thumb Code     0  startup_stm32f40_41xxx.o(.text)
    UART5_IRQHandler                         0x08000267   Thumb Code     0  startup_stm32f40_41xxx.o(.text)
    USART1_IRQHandler                        0x08000267   Thumb Code     0  startup_stm32f40_41xxx.o(.text)
    USART2_IRQHandler                        0x08000267   Thumb Code     0  startup_stm32f40_41xxx.o(.text)
    USART3_IRQHandler                        0x08000267   Thumb Code     0  startup_stm32f40_41xxx.o(.text)
    USART6_IRQHandler                        0x08000267   Thumb Code     0  startup_stm32f40_41xxx.o(.text)
    WWDG_IRQHandler                          0x08000267   Thumb Code     0  startup_stm32f40_41xxx.o(.text)
    SystemInit                               0x08000271   Thumb Code   242  system_stm32f4xx.o(.text)
    SystemCoreClockUpdate                    0x08000365   Thumb Code   134  system_stm32f4xx.o(.text)
    NVIC_PriorityGroupConfig                 0x080003ed   Thumb Code    20  misc.o(.text)
    NVIC_Init                                0x08000401   Thumb Code    98  misc.o(.text)
    NVIC_SetVectorTable                      0x08000465   Thumb Code    24  misc.o(.text)
    NVIC_SystemLPConfig                      0x0800047d   Thumb Code    24  misc.o(.text)
    SysTick_CLKSourceConfig                  0x08000495   Thumb Code    24  misc.o(.text)
    ADC_DeInit                               0x080004ad   Thumb Code    26  stm32f4xx_adc.o(.text)
    ADC_Init                                 0x080004c9   Thumb Code    88  stm32f4xx_adc.o(.text)
    ADC_StructInit                           0x08000521   Thumb Code    18  stm32f4xx_adc.o(.text)
    ADC_CommonInit                           0x08000535   Thumb Code    50  stm32f4xx_adc.o(.text)
    ADC_CommonStructInit                     0x08000569   Thumb Code    12  stm32f4xx_adc.o(.text)
    ADC_Cmd                                  0x08000575   Thumb Code    16  stm32f4xx_adc.o(.text)
    ADC_AnalogWatchdogCmd                    0x08000585   Thumb Code    18  stm32f4xx_adc.o(.text)
    ADC_AnalogWatchdogThresholdsConfig       0x08000599   Thumb Code     6  stm32f4xx_adc.o(.text)
    ADC_AnalogWatchdogSingleChannelConfig    0x080005a1   Thumb Code    12  stm32f4xx_adc.o(.text)
    ADC_TempSensorVrefintCmd                 0x080005ad   Thumb Code    26  stm32f4xx_adc.o(.text)
    ADC_VBATCmd                              0x080005c9   Thumb Code    26  stm32f4xx_adc.o(.text)
    ADC_RegularChannelConfig                 0x080005e5   Thumb Code    96  stm32f4xx_adc.o(.text)
    ADC_SoftwareStartConv                    0x08000645   Thumb Code    10  stm32f4xx_adc.o(.text)
    ADC_GetSoftwareStartConvStatus           0x08000651   Thumb Code     8  stm32f4xx_adc.o(.text)
    ADC_EOCOnEachRegularChannelCmd           0x08000659   Thumb Code    18  stm32f4xx_adc.o(.text)
    ADC_ContinuousModeCmd                    0x0800066d   Thumb Code    16  stm32f4xx_adc.o(.text)
    ADC_DiscModeChannelCountConfig           0x0800067d   Thumb Code    24  stm32f4xx_adc.o(.text)
    ADC_DiscModeCmd                          0x08000695   Thumb Code    18  stm32f4xx_adc.o(.text)
    ADC_GetConversionValue                   0x080006a9   Thumb Code     6  stm32f4xx_adc.o(.text)
    ADC_GetMultiModeConversionValue          0x080006b1   Thumb Code    12  stm32f4xx_adc.o(.text)
    ADC_DMACmd                               0x080006bd   Thumb Code    18  stm32f4xx_adc.o(.text)
    ADC_DMARequestAfterLastTransferCmd       0x080006d1   Thumb Code    18  stm32f4xx_adc.o(.text)
    ADC_MultiModeDMARequestAfterLastTransferCmd 0x080006e5   Thumb Code    26  stm32f4xx_adc.o(.text)
    ADC_InjectedChannelConfig                0x08000701   Thumb Code    80  stm32f4xx_adc.o(.text)
    ADC_InjectedSequencerLengthConfig        0x08000751   Thumb Code    22  stm32f4xx_adc.o(.text)
    ADC_SetInjectedOffset                    0x08000769   Thumb Code    22  stm32f4xx_adc.o(.text)
    ADC_ExternalTrigInjectedConvConfig       0x08000781   Thumb Code    12  stm32f4xx_adc.o(.text)
    ADC_ExternalTrigInjectedConvEdgeConfig   0x0800078d   Thumb Code    12  stm32f4xx_adc.o(.text)
    ADC_SoftwareStartInjectedConv            0x08000799   Thumb Code    10  stm32f4xx_adc.o(.text)
    ADC_GetSoftwareStartInjectedConvCmdStatus 0x080007a5   Thumb Code     8  stm32f4xx_adc.o(.text)
    ADC_AutoInjectedConvCmd                  0x080007ad   Thumb Code    18  stm32f4xx_adc.o(.text)
    ADC_InjectedDiscModeCmd                  0x080007c1   Thumb Code    18  stm32f4xx_adc.o(.text)
    ADC_GetInjectedConversionValue           0x080007d5   Thumb Code    26  stm32f4xx_adc.o(.text)
    ADC_ITConfig                             0x080007f1   Thumb Code    24  stm32f4xx_adc.o(.text)
    ADC_GetFlagStatus                        0x08000809   Thumb Code    10  stm32f4xx_adc.o(.text)
    ADC_ClearFlag                            0x08000815   Thumb Code     6  stm32f4xx_adc.o(.text)
    ADC_GetITStatus                          0x0800081d   Thumb Code    34  stm32f4xx_adc.o(.text)
    ADC_ClearITPendingBit                    0x08000841   Thumb Code     8  stm32f4xx_adc.o(.text)
    DMA_DeInit                               0x08000849   Thumb Code   578  stm32f4xx_dma.o(.text)
    DMA_Init                                 0x08000a8d   Thumb Code   102  stm32f4xx_dma.o(.text)
    DMA_StructInit                           0x08000af5   Thumb Code    10  stm32f4xx_dma.o(.text)
    DMA_Cmd                                  0x08000b01   Thumb Code    16  stm32f4xx_dma.o(.text)
    DMA_PeriphIncOffsetSizeConfig            0x08000b11   Thumb Code    18  stm32f4xx_dma.o(.text)
    DMA_FlowControllerConfig                 0x08000b25   Thumb Code    16  stm32f4xx_dma.o(.text)
    DMA_SetCurrDataCounter                   0x08000b35   Thumb Code     4  stm32f4xx_dma.o(.text)
    DMA_GetCurrDataCounter                   0x08000b39   Thumb Code     6  stm32f4xx_dma.o(.text)
    DMA_DoubleBufferModeConfig               0x08000b41   Thumb Code    20  stm32f4xx_dma.o(.text)
    DMA_DoubleBufferModeCmd                  0x08000b55   Thumb Code    18  stm32f4xx_dma.o(.text)
    DMA_MemoryTargetConfig                   0x08000b69   Thumb Code    12  stm32f4xx_dma.o(.text)
    DMA_GetCurrentMemoryTarget               0x08000b75   Thumb Code     8  stm32f4xx_dma.o(.text)
    DMA_GetCmdStatus                         0x08000b7d   Thumb Code     8  stm32f4xx_dma.o(.text)
    DMA_GetFIFOStatus                        0x08000b85   Thumb Code     8  stm32f4xx_dma.o(.text)
    DMA_GetFlagStatus                        0x08000b8d   Thumb Code    68  stm32f4xx_dma.o(.text)
    DMA_ClearFlag                            0x08000bd1   Thumb Code    60  stm32f4xx_dma.o(.text)
    DMA_ITConfig                             0x08000c0d   Thumb Code    44  stm32f4xx_dma.o(.text)
    DMA_GetITStatus                          0x08000c39   Thumb Code   102  stm32f4xx_dma.o(.text)
    DMA_ClearITPendingBit                    0x08000ca1   Thumb Code    60  stm32f4xx_dma.o(.text)
    FLASH_SetLatency                         0x08000cdd   Thumb Code    12  stm32f4xx_flash.o(.text)
    FLASH_PrefetchBufferCmd                  0x08000ce9   Thumb Code    26  stm32f4xx_flash.o(.text)
    FLASH_InstructionCacheCmd                0x08000d05   Thumb Code    26  stm32f4xx_flash.o(.text)
    FLASH_DataCacheCmd                       0x08000d21   Thumb Code    26  stm32f4xx_flash.o(.text)
    FLASH_InstructionCacheReset              0x08000d3d   Thumb Code    18  stm32f4xx_flash.o(.text)
    FLASH_DataCacheReset                     0x08000d51   Thumb Code    18  stm32f4xx_flash.o(.text)
    FLASH_Unlock                             0x08000d65   Thumb Code    40  stm32f4xx_flash.o(.text)
    FLASH_Lock                               0x08000d8d   Thumb Code    18  stm32f4xx_flash.o(.text)
    FLASH_EraseSector                        0x08000da1   Thumb Code    96  stm32f4xx_flash.o(.text)
    FLASH_WaitForLastOperation               0x08000e01   Thumb Code   132  stm32f4xx_flash.o(.text)
    FLASH_EraseAllSectors                    0x08000e85   Thumb Code    76  stm32f4xx_flash.o(.text)
    FLASH_EraseAllBank1Sectors               0x08000ed1   Thumb Code    76  stm32f4xx_flash.o(.text)
    FLASH_EraseAllBank2Sectors               0x08000f1d   Thumb Code    76  stm32f4xx_flash.o(.text)
    FLASH_ProgramDoubleWord                  0x08000f69   Thumb Code    70  stm32f4xx_flash.o(.text)
    FLASH_ProgramWord                        0x08000fb1   Thumb Code    64  stm32f4xx_flash.o(.text)
    FLASH_ProgramHalfWord                    0x08000ff1   Thumb Code    64  stm32f4xx_flash.o(.text)
    FLASH_ProgramByte                        0x08001031   Thumb Code    60  stm32f4xx_flash.o(.text)
    FLASH_OB_Unlock                          0x0800106d   Thumb Code    38  stm32f4xx_flash.o(.text)
    FLASH_OB_Lock                            0x08001095   Thumb Code    18  stm32f4xx_flash.o(.text)
    FLASH_OB_WRPConfig                       0x080010a9   Thumb Code    42  stm32f4xx_flash.o(.text)
    FLASH_OB_WRP1Config                      0x080010d5   Thumb Code    42  stm32f4xx_flash.o(.text)
    FLASH_OB_PCROPSelectionConfig            0x08001101   Thumb Code    20  stm32f4xx_flash.o(.text)
    FLASH_OB_PCROPConfig                     0x08001115   Thumb Code    42  stm32f4xx_flash.o(.text)
    FLASH_OB_PCROP1Config                    0x08001141   Thumb Code    42  stm32f4xx_flash.o(.text)
    FLASH_OB_RDPConfig                       0x0800116d   Thumb Code    24  stm32f4xx_flash.o(.text)
    FLASH_OB_UserConfig                      0x08001185   Thumb Code    44  stm32f4xx_flash.o(.text)
    FLASH_OB_BootConfig                      0x080011b1   Thumb Code    24  stm32f4xx_flash.o(.text)
    FLASH_OB_BORConfig                       0x080011c9   Thumb Code    24  stm32f4xx_flash.o(.text)
    FLASH_OB_Launch                          0x080011e1   Thumb Code    20  stm32f4xx_flash.o(.text)
    FLASH_OB_GetUser                         0x080011f5   Thumb Code    16  stm32f4xx_flash.o(.text)
    FLASH_OB_GetWRP                          0x08001205   Thumb Code    12  stm32f4xx_flash.o(.text)
    FLASH_OB_GetWRP1                         0x08001211   Thumb Code    12  stm32f4xx_flash.o(.text)
    FLASH_OB_GetPCROP                        0x0800121d   Thumb Code    12  stm32f4xx_flash.o(.text)
    FLASH_OB_GetPCROP1                       0x08001229   Thumb Code    12  stm32f4xx_flash.o(.text)
    FLASH_OB_GetRDP                          0x08001235   Thumb Code    18  stm32f4xx_flash.o(.text)
    FLASH_OB_GetBOR                          0x08001249   Thumb Code    16  stm32f4xx_flash.o(.text)
    FLASH_ITConfig                           0x08001259   Thumb Code    24  stm32f4xx_flash.o(.text)
    FLASH_GetFlagStatus                      0x08001271   Thumb Code    18  stm32f4xx_flash.o(.text)
    FLASH_ClearFlag                          0x08001285   Thumb Code    12  stm32f4xx_flash.o(.text)
    FLASH_GetStatus                          0x08001291   Thumb Code    64  stm32f4xx_flash.o(.text)
    GPIO_DeInit                              0x080012d1   Thumb Code    52  stm32f4xx_gpio.o(.text)
    GPIO_Init                                0x08001305   Thumb Code   138  stm32f4xx_gpio.o(.text)
    GPIO_StructInit                          0x08001391   Thumb Code    12  stm32f4xx_gpio.o(.text)
    GPIO_PinLockConfig                       0x0800139d   Thumb Code    36  stm32f4xx_gpio.o(.text)
    GPIO_ReadInputDataBit                    0x080013c1   Thumb Code    10  stm32f4xx_gpio.o(.text)
    GPIO_ReadInputData                       0x080013cd   Thumb Code     6  stm32f4xx_gpio.o(.text)
    GPIO_ReadOutputDataBit                   0x080013d5   Thumb Code    10  stm32f4xx_gpio.o(.text)
    GPIO_ReadOutputData                      0x080013e1   Thumb Code     6  stm32f4xx_gpio.o(.text)
    GPIO_SetBits                             0x080013e9   Thumb Code     4  stm32f4xx_gpio.o(.text)
    GPIO_ResetBits                           0x080013ed   Thumb Code     4  stm32f4xx_gpio.o(.text)
    GPIO_WriteBit                            0x080013f1   Thumb Code    10  stm32f4xx_gpio.o(.text)
    GPIO_Write                               0x080013fd   Thumb Code     4  stm32f4xx_gpio.o(.text)
    GPIO_ToggleBits                          0x08001401   Thumb Code     8  stm32f4xx_gpio.o(.text)
    GPIO_PinAFConfig                         0x08001409   Thumb Code    40  stm32f4xx_gpio.o(.text)
    IWDG_WriteAccessCmd                      0x08001431   Thumb Code    12  stm32f4xx_iwdg.o(.text)
    IWDG_SetPrescaler                        0x0800143d   Thumb Code    12  stm32f4xx_iwdg.o(.text)
    IWDG_SetReload                           0x08001449   Thumb Code    12  stm32f4xx_iwdg.o(.text)
    IWDG_ReloadCounter                       0x08001455   Thumb Code    16  stm32f4xx_iwdg.o(.text)
    IWDG_Enable                              0x08001465   Thumb Code    16  stm32f4xx_iwdg.o(.text)
    IWDG_GetFlagStatus                       0x08001475   Thumb Code    18  stm32f4xx_iwdg.o(.text)
    RCC_DeInit                               0x08001489   Thumb Code    80  stm32f4xx_rcc.o(.text)
    RCC_HSEConfig                            0x080014d9   Thumb Code    16  stm32f4xx_rcc.o(.text)
    RCC_WaitForHSEStartUp                    0x080014e9   Thumb Code    48  stm32f4xx_rcc.o(.text)
    RCC_GetFlagStatus                        0x08001519   Thumb Code    38  stm32f4xx_rcc.o(.text)
    RCC_AdjustHSICalibrationValue            0x08001541   Thumb Code    22  stm32f4xx_rcc.o(.text)
    RCC_HSICmd                               0x08001559   Thumb Code    10  stm32f4xx_rcc.o(.text)
    RCC_LSEConfig                            0x08001565   Thumb Code    30  stm32f4xx_rcc.o(.text)
    RCC_LSICmd                               0x08001585   Thumb Code    12  stm32f4xx_rcc.o(.text)
    RCC_PLLConfig                            0x08001591   Thumb Code    46  stm32f4xx_rcc.o(.text)
    RCC_PLLCmd                               0x080015c1   Thumb Code    10  stm32f4xx_rcc.o(.text)
    RCC_PLLI2SConfig                         0x080015cd   Thumb Code    18  stm32f4xx_rcc.o(.text)
    RCC_PLLI2SCmd                            0x080015e1   Thumb Code    10  stm32f4xx_rcc.o(.text)
    RCC_PLLSAIConfig                         0x080015ed   Thumb Code    22  stm32f4xx_rcc.o(.text)
    RCC_PLLSAICmd                            0x08001605   Thumb Code    10  stm32f4xx_rcc.o(.text)
    RCC_ClockSecuritySystemCmd               0x08001611   Thumb Code    10  stm32f4xx_rcc.o(.text)
    RCC_MCO1Config                           0x0800161d   Thumb Code    22  stm32f4xx_rcc.o(.text)
    RCC_MCO2Config                           0x08001635   Thumb Code    22  stm32f4xx_rcc.o(.text)
    RCC_SYSCLKConfig                         0x0800164d   Thumb Code    20  stm32f4xx_rcc.o(.text)
    RCC_GetSYSCLKSource                      0x08001661   Thumb Code    16  stm32f4xx_rcc.o(.text)
    RCC_HCLKConfig                           0x08001671   Thumb Code    20  stm32f4xx_rcc.o(.text)
    RCC_PCLK1Config                          0x08001685   Thumb Code    20  stm32f4xx_rcc.o(.text)
    RCC_PCLK2Config                          0x08001699   Thumb Code    22  stm32f4xx_rcc.o(.text)
    RCC_GetClocksFreq                        0x080016b1   Thumb Code   164  stm32f4xx_rcc.o(.text)
    RCC_RTCCLKConfig                         0x08001755   Thumb Code    50  stm32f4xx_rcc.o(.text)
    RCC_RTCCLKCmd                            0x08001789   Thumb Code    12  stm32f4xx_rcc.o(.text)
    RCC_BackupResetCmd                       0x08001795   Thumb Code    12  stm32f4xx_rcc.o(.text)
    RCC_I2SCLKConfig                         0x080017a1   Thumb Code    12  stm32f4xx_rcc.o(.text)
    RCC_SAIPLLI2SClkDivConfig                0x080017ad   Thumb Code    22  stm32f4xx_rcc.o(.text)
    RCC_SAIPLLSAIClkDivConfig                0x080017c5   Thumb Code    28  stm32f4xx_rcc.o(.text)
    RCC_SAIBlockACLKConfig                   0x080017e1   Thumb Code    20  stm32f4xx_rcc.o(.text)
    RCC_SAIBlockBCLKConfig                   0x080017f5   Thumb Code    20  stm32f4xx_rcc.o(.text)
    RCC_LTDCCLKDivConfig                     0x08001809   Thumb Code    20  stm32f4xx_rcc.o(.text)
    RCC_TIMCLKPresConfig                     0x0800181d   Thumb Code    12  stm32f4xx_rcc.o(.text)
    RCC_AHB1PeriphClockCmd                   0x08001829   Thumb Code    24  stm32f4xx_rcc.o(.text)
    RCC_AHB2PeriphClockCmd                   0x08001841   Thumb Code    24  stm32f4xx_rcc.o(.text)
    RCC_AHB3PeriphClockCmd                   0x08001859   Thumb Code    24  stm32f4xx_rcc.o(.text)
    RCC_APB1PeriphClockCmd                   0x08001871   Thumb Code    24  stm32f4xx_rcc.o(.text)
    RCC_APB2PeriphClockCmd                   0x08001889   Thumb Code    24  stm32f4xx_rcc.o(.text)
    RCC_AHB1PeriphResetCmd                   0x080018a1   Thumb Code    24  stm32f4xx_rcc.o(.text)
    RCC_AHB2PeriphResetCmd                   0x080018b9   Thumb Code    24  stm32f4xx_rcc.o(.text)
    RCC_AHB3PeriphResetCmd                   0x080018d1   Thumb Code    24  stm32f4xx_rcc.o(.text)
    RCC_APB1PeriphResetCmd                   0x080018e9   Thumb Code    24  stm32f4xx_rcc.o(.text)
    RCC_APB2PeriphResetCmd                   0x08001901   Thumb Code    24  stm32f4xx_rcc.o(.text)
    RCC_AHB1PeriphClockLPModeCmd             0x08001919   Thumb Code    24  stm32f4xx_rcc.o(.text)
    RCC_AHB2PeriphClockLPModeCmd             0x08001931   Thumb Code    24  stm32f4xx_rcc.o(.text)
    RCC_AHB3PeriphClockLPModeCmd             0x08001949   Thumb Code    24  stm32f4xx_rcc.o(.text)
    RCC_APB1PeriphClockLPModeCmd             0x08001961   Thumb Code    24  stm32f4xx_rcc.o(.text)
    RCC_APB2PeriphClockLPModeCmd             0x08001979   Thumb Code    24  stm32f4xx_rcc.o(.text)
    RCC_LSEModeConfig                        0x08001991   Thumb Code    24  stm32f4xx_rcc.o(.text)
    RCC_ITConfig                             0x080019a9   Thumb Code    24  stm32f4xx_rcc.o(.text)
    RCC_ClearFlag                            0x080019c1   Thumb Code    18  stm32f4xx_rcc.o(.text)
    RCC_GetITStatus                          0x080019d5   Thumb Code    18  stm32f4xx_rcc.o(.text)
    RCC_ClearITPendingBit                    0x080019e9   Thumb Code    12  stm32f4xx_rcc.o(.text)
    SPI_I2S_DeInit                           0x080019f5   Thumb Code   202  stm32f4xx_spi.o(.text)
    SPI_Init                                 0x08001ac1   Thumb Code    70  stm32f4xx_spi.o(.text)
    I2S_Init                                 0x08001b09   Thumb Code   228  stm32f4xx_spi.o(.text)
    SPI_StructInit                           0x08001bed   Thumb Code    16  stm32f4xx_spi.o(.text)
    I2S_StructInit                           0x08001bfd   Thumb Code    14  stm32f4xx_spi.o(.text)
    SPI_Cmd                                  0x08001c0d   Thumb Code    20  stm32f4xx_spi.o(.text)
    I2S_Cmd                                  0x08001c21   Thumb Code    20  stm32f4xx_spi.o(.text)
    SPI_DataSizeConfig                       0x08001c35   Thumb Code    16  stm32f4xx_spi.o(.text)
    SPI_BiDirectionalLineConfig              0x08001c45   Thumb Code    24  stm32f4xx_spi.o(.text)
    SPI_NSSInternalSoftwareConfig            0x08001c5d   Thumb Code    24  stm32f4xx_spi.o(.text)
    SPI_SSOutputCmd                          0x08001c75   Thumb Code    20  stm32f4xx_spi.o(.text)
    SPI_TIModeCmd                            0x08001c89   Thumb Code    20  stm32f4xx_spi.o(.text)
    I2S_FullDuplexConfig                     0x08001c9d   Thumb Code    64  stm32f4xx_spi.o(.text)
    SPI_I2S_ReceiveData                      0x08001ce5   Thumb Code     4  stm32f4xx_spi.o(.text)
    SPI_I2S_SendData                         0x08001ce9   Thumb Code     4  stm32f4xx_spi.o(.text)
    SPI_CalculateCRC                         0x08001ced   Thumb Code    20  stm32f4xx_spi.o(.text)
    SPI_TransmitCRC                          0x08001d01   Thumb Code    10  stm32f4xx_spi.o(.text)
    SPI_GetCRC                               0x08001d0d   Thumb Code    12  stm32f4xx_spi.o(.text)
    SPI_GetCRCPolynomial                     0x08001d19   Thumb Code     4  stm32f4xx_spi.o(.text)
    SPI_I2S_DMACmd                           0x08001d1d   Thumb Code    16  stm32f4xx_spi.o(.text)
    SPI_I2S_ITConfig                         0x08001d2d   Thumb Code    24  stm32f4xx_spi.o(.text)
    SPI_I2S_GetFlagStatus                    0x08001d45   Thumb Code    10  stm32f4xx_spi.o(.text)
    SPI_I2S_ClearFlag                        0x08001d51   Thumb Code     6  stm32f4xx_spi.o(.text)
    SPI_I2S_GetITStatus                      0x08001d59   Thumb Code    32  stm32f4xx_spi.o(.text)
    SPI_I2S_ClearITPendingBit                0x08001d79   Thumb Code    16  stm32f4xx_spi.o(.text)
    TIM_DeInit                               0x08001d89   Thumb Code   434  stm32f4xx_tim.o(.text)
    TIM_TimeBaseInit                         0x08001f3d   Thumb Code   146  stm32f4xx_tim.o(.text)
    TIM_TimeBaseStructInit                   0x08001fd1   Thumb Code    16  stm32f4xx_tim.o(.text)
    TIM_PrescalerConfig                      0x08001fe1   Thumb Code     6  stm32f4xx_tim.o(.text)
    TIM_CounterModeConfig                    0x08001fe9   Thumb Code    12  stm32f4xx_tim.o(.text)
    TIM_SetCounter                           0x08001ff5   Thumb Code     4  stm32f4xx_tim.o(.text)
    TIM_SetAutoreload                        0x08001ff9   Thumb Code     4  stm32f4xx_tim.o(.text)
    TIM_GetCounter                           0x08001ffd   Thumb Code     4  stm32f4xx_tim.o(.text)
    TIM_GetPrescaler                         0x08002001   Thumb Code     4  stm32f4xx_tim.o(.text)
    TIM_UpdateDisableConfig                  0x08002005   Thumb Code    20  stm32f4xx_tim.o(.text)
    TIM_UpdateRequestConfig                  0x08002019   Thumb Code    20  stm32f4xx_tim.o(.text)
    TIM_ARRPreloadConfig                     0x0800202d   Thumb Code    20  stm32f4xx_tim.o(.text)
    TIM_SelectOnePulseMode                   0x08002041   Thumb Code    16  stm32f4xx_tim.o(.text)
    TIM_SetClockDivision                     0x08002051   Thumb Code    16  stm32f4xx_tim.o(.text)
    TIM_Cmd                                  0x08002061   Thumb Code    18  stm32f4xx_tim.o(.text)
    TIM_OC1Init                              0x08002075   Thumb Code   102  stm32f4xx_tim.o(.text)
    TIM_OC2Init                              0x080020dd   Thumb Code   110  stm32f4xx_tim.o(.text)
    TIM_OC3Init                              0x0800214d   Thumb Code   110  stm32f4xx_tim.o(.text)
    TIM_OC4Init                              0x080021bd   Thumb Code    82  stm32f4xx_tim.o(.text)
    TIM_OCStructInit                         0x08002211   Thumb Code    14  stm32f4xx_tim.o(.text)
    TIM_SelectOCxM                           0x08002221   Thumb Code    88  stm32f4xx_tim.o(.text)
    TIM_SetCompare1                          0x08002279   Thumb Code     4  stm32f4xx_tim.o(.text)
    TIM_SetCompare2                          0x0800227d   Thumb Code     4  stm32f4xx_tim.o(.text)
    TIM_SetCompare3                          0x08002281   Thumb Code     4  stm32f4xx_tim.o(.text)
    TIM_SetCompare4                          0x08002285   Thumb Code     4  stm32f4xx_tim.o(.text)
    TIM_ForcedOC1Config                      0x08002289   Thumb Code    12  stm32f4xx_tim.o(.text)
    TIM_ForcedOC2Config                      0x08002295   Thumb Code    14  stm32f4xx_tim.o(.text)
    TIM_ForcedOC3Config                      0x080022a5   Thumb Code    12  stm32f4xx_tim.o(.text)
    TIM_ForcedOC4Config                      0x080022b1   Thumb Code    14  stm32f4xx_tim.o(.text)
    TIM_OC1PreloadConfig                     0x080022c1   Thumb Code    12  stm32f4xx_tim.o(.text)
    TIM_OC2PreloadConfig                     0x080022cd   Thumb Code    14  stm32f4xx_tim.o(.text)
    TIM_OC3PreloadConfig                     0x080022dd   Thumb Code    12  stm32f4xx_tim.o(.text)
    TIM_OC4PreloadConfig                     0x080022e9   Thumb Code    14  stm32f4xx_tim.o(.text)
    TIM_OC1FastConfig                        0x080022f9   Thumb Code    12  stm32f4xx_tim.o(.text)
    TIM_OC2FastConfig                        0x08002305   Thumb Code    14  stm32f4xx_tim.o(.text)
    TIM_OC3FastConfig                        0x08002315   Thumb Code    12  stm32f4xx_tim.o(.text)
    TIM_OC4FastConfig                        0x08002321   Thumb Code    14  stm32f4xx_tim.o(.text)
    TIM_ClearOC1Ref                          0x08002331   Thumb Code    12  stm32f4xx_tim.o(.text)
    TIM_ClearOC2Ref                          0x0800233d   Thumb Code    14  stm32f4xx_tim.o(.text)
    TIM_ClearOC3Ref                          0x0800234d   Thumb Code    12  stm32f4xx_tim.o(.text)
    TIM_ClearOC4Ref                          0x08002359   Thumb Code    14  stm32f4xx_tim.o(.text)
    TIM_OC1PolarityConfig                    0x08002369   Thumb Code    12  stm32f4xx_tim.o(.text)
    TIM_OC1NPolarityConfig                   0x08002375   Thumb Code    12  stm32f4xx_tim.o(.text)
    TIM_OC2PolarityConfig                    0x08002381   Thumb Code    14  stm32f4xx_tim.o(.text)
    TIM_OC2NPolarityConfig                   0x08002391   Thumb Code    14  stm32f4xx_tim.o(.text)
    TIM_OC3PolarityConfig                    0x080023a1   Thumb Code    14  stm32f4xx_tim.o(.text)
    TIM_OC3NPolarityConfig                   0x080023b1   Thumb Code    14  stm32f4xx_tim.o(.text)
    TIM_OC4PolarityConfig                    0x080023c1   Thumb Code    14  stm32f4xx_tim.o(.text)
    TIM_CCxCmd                               0x080023d1   Thumb Code    32  stm32f4xx_tim.o(.text)
    TIM_CCxNCmd                              0x080023f1   Thumb Code    32  stm32f4xx_tim.o(.text)
    TIM_ICInit                               0x08002411   Thumb Code   232  stm32f4xx_tim.o(.text)
    TIM_SetIC1Prescaler                      0x080024f9   Thumb Code    16  stm32f4xx_tim.o(.text)
    TIM_SetIC2Prescaler                      0x08002509   Thumb Code    18  stm32f4xx_tim.o(.text)
    TIM_SetIC3Prescaler                      0x0800251d   Thumb Code    16  stm32f4xx_tim.o(.text)
    TIM_SetIC4Prescaler                      0x0800252d   Thumb Code    18  stm32f4xx_tim.o(.text)
    TIM_ICStructInit                         0x08002541   Thumb Code    12  stm32f4xx_tim.o(.text)
    TIM_PWMIConfig                           0x0800254d   Thumb Code   248  stm32f4xx_tim.o(.text)
    TIM_GetCapture1                          0x08002645   Thumb Code     4  stm32f4xx_tim.o(.text)
    TIM_GetCapture2                          0x08002649   Thumb Code     4  stm32f4xx_tim.o(.text)
    TIM_GetCapture3                          0x0800264d   Thumb Code     4  stm32f4xx_tim.o(.text)
    TIM_GetCapture4                          0x08002651   Thumb Code     4  stm32f4xx_tim.o(.text)
    TIM_BDTRConfig                           0x08002655   Thumb Code    40  stm32f4xx_tim.o(.text)
    TIM_BDTRStructInit                       0x0800267d   Thumb Code    12  stm32f4xx_tim.o(.text)
    TIM_CtrlPWMOutputs                       0x08002689   Thumb Code    24  stm32f4xx_tim.o(.text)
    TIM_SelectCOM                            0x080026a1   Thumb Code    20  stm32f4xx_tim.o(.text)
    TIM_CCPreloadControl                     0x080026b5   Thumb Code    18  stm32f4xx_tim.o(.text)
    TIM_ITConfig                             0x080026c9   Thumb Code    16  stm32f4xx_tim.o(.text)
    TIM_GenerateEvent                        0x080026d9   Thumb Code     4  stm32f4xx_tim.o(.text)
    TIM_GetFlagStatus                        0x080026dd   Thumb Code    10  stm32f4xx_tim.o(.text)
    TIM_ClearFlag                            0x080026e9   Thumb Code     6  stm32f4xx_tim.o(.text)
    TIM_GetITStatus                          0x080026f1   Thumb Code    24  stm32f4xx_tim.o(.text)
    TIM_ClearITPendingBit                    0x08002709   Thumb Code     6  stm32f4xx_tim.o(.text)
    TIM_DMAConfig                            0x08002711   Thumb Code     8  stm32f4xx_tim.o(.text)
    TIM_DMACmd                               0x08002719   Thumb Code    16  stm32f4xx_tim.o(.text)
    TIM_SelectCCDMA                          0x08002729   Thumb Code    20  stm32f4xx_tim.o(.text)
    TIM_InternalClockConfig                  0x0800273d   Thumb Code    10  stm32f4xx_tim.o(.text)
    TIM_ITRxExternalClockConfig              0x08002749   Thumb Code    20  stm32f4xx_tim.o(.text)
    TIM_SelectInputTrigger                   0x0800275d   Thumb Code    12  stm32f4xx_tim.o(.text)
    TIM_TIxExternalClockConfig               0x08002769   Thumb Code   114  stm32f4xx_tim.o(.text)
    TIM_ETRClockMode1Config                  0x080027dd   Thumb Code    30  stm32f4xx_tim.o(.text)
    TIM_ETRConfig                            0x080027fd   Thumb Code    22  stm32f4xx_tim.o(.text)
    TIM_ETRClockMode2Config                  0x08002815   Thumb Code    30  stm32f4xx_tim.o(.text)
    TIM_SelectOutputTrigger                  0x08002835   Thumb Code    16  stm32f4xx_tim.o(.text)
    TIM_SelectSlaveMode                      0x08002845   Thumb Code    16  stm32f4xx_tim.o(.text)
    TIM_SelectMasterSlaveMode                0x08002855   Thumb Code    16  stm32f4xx_tim.o(.text)
    TIM_EncoderInterfaceConfig               0x08002865   Thumb Code    48  stm32f4xx_tim.o(.text)
    TIM_SelectHallSensor                     0x08002895   Thumb Code    20  stm32f4xx_tim.o(.text)
    TIM_RemapConfig                          0x080028a9   Thumb Code     6  stm32f4xx_tim.o(.text)
    SPI3_Int                                 0x080028b1   Thumb Code   212  Hw_SPI.o(.text)
    Adc1_Analog_Input_Init                   0x08002985   Thumb Code   360  Hw_ADC.o(.text)
    GPIO_Init_Func                           0x08002aed   Thumb Code   466  Hw_GPIO.o(.text)
    TIM2_init                                0x08002cc1   Thumb Code   206  Hw_TIM.o(.text)
    AD7689InitFunc                           0x08002d91   Thumb Code   392  AD7689.o(.text)
    SPI_4WriteByte                           0x08002f19   Thumb Code   162  AD7689.o(.text)
    AD7689_NSS_H                             0x08002fbd   Thumb Code    18  AD7689.o(.text)
    AD7689_NSS_L                             0x08002fd1   Thumb Code    18  AD7689.o(.text)
    SPI_ReadWriteByte                        0x08002fe5   Thumb Code   112  AD7689.o(.text)
    SPI_ReadWriteMultiBytes                  0x08003055   Thumb Code   200  AD7689.o(.text)
    SPI_BatchWrite                           0x0800311d   Thumb Code    44  AD7689.o(.text)
    GetOriginalADCVal                        0x08003149   Thumb Code    36  analog_input.o(.text)
    Cal_MCU_AvgAdcVal_Fun                    0x0800316d   Thumb Code   162  analog_input.o(.text)
    LowPassFilterFunc                        0x08003211   Thumb Code    30  analog_input.o(.text)
    Cal_AngFbkVal_Func                       0x08003231   Thumb Code    48  analog_input.o(.text)
    Cal_PrsFbkVal_Func                       0x08003261   Thumb Code    88  analog_input.o(.text)
    Cal_AngFbkDiff_Func                      0x080032c1   Thumb Code   104  analog_input.o(.text)
    CalAngFbkDiff_InPrsLoop_Func             0x08003329   Thumb Code   126  analog_input.o(.text)
    Cal_PrsFbkDiff_Func                      0x080033a9   Thumb Code   104  analog_input.o(.text)
    CalAD7689AvgAngPrsData                   0x08003411   Thumb Code   312  analog_input.o(.text)
    Cur_A_B_RefFilterFunc                    0x08003551   Thumb Code    74  analog_input.o(.text)
    Test_LowPassFilterFunc                   0x0800359d   Thumb Code    62  analog_input.o(.text)
    TransAD7689DataIntoFIFO                  0x080035dd   Thumb Code   304  analog_input.o(.text)
    SensorModeChangeFunc                     0x0800370d   Thumb Code   110  application.o(.text)
    CurDetectionRangeChose                   0x0800377d   Thumb Code    56  application.o(.text)
    Cal_SolenoidCur                          0x080037b5   Thumb Code    82  application.o(.text)
    TimPeriodCnt_Func                        0x08003809   Thumb Code   110  application.o(.text)
    FeedbackSignalPerUnitFunc                0x08003879   Thumb Code   102  application.o(.text)
    FeedbackSignalPerUnitFunc_AngMID         0x080038e1   Thumb Code   102  application.o(.text)
    pwm_output_A_B_process                   0x08003949   Thumb Code    58  application.o(.text)
    Solenoid_B_Set_PWM                       0x08003985   Thumb Code    10  application.o(.text)
    Solenoid_A_Set_PWM                       0x08003991   Thumb Code    10  application.o(.text)
    Update_PWM_PidPara                       0x0800399d   Thumb Code   494  application.o(.text)
    TiltAng_A_FreqShakeFunc                  0x08003b8d   Thumb Code   118  application.o(.text)
    TiltAng_B_FreqShakeFunc                  0x08003c05   Thumb Code   110  application.o(.text)
    TiltAngleLoop_Func                       0x08003c75   Thumb Code   956  application.o(.text)
    LimitAngLoopOutput                       0x08004031   Thumb Code   180  application.o(.text)
    UpdateAngleLoopMaxMinErrSum              0x080040e5   Thumb Code   272  application.o(.text)
    UpdateMapCmdData                         0x080041fd   Thumb Code   370  application.o(.text)
    Update_CtrlPara                          0x08004371   Thumb Code   232  application.o(.text)
    Flash_Read                               0x0800445d   Thumb Code    26  flash.o(.text)
    STMFLASH_ReadWord                        0x08004479   Thumb Code     4  flash.o(.text)
    STMFLASH_Read_HalfWord                   0x0800447d   Thumb Code     6  flash.o(.text)
    STMFLASH_GetFlashSector                  0x08004485   Thumb Code   104  flash.o(.text)
    STMFLASH_Write                           0x080044ed   Thumb Code   262  flash.o(.text)
    Flash_Prepared                           0x080045f5   Thumb Code   130  flash.o(.text)
    IAP_EraseSWFlash                         0x08004679   Thumb Code   138  flash.o(.text)
    STMFLASH_Write_Word                      0x08004705   Thumb Code   288  flash.o(.text)
    STMFLASH_Write_byteword                  0x08004825   Thumb Code    78  flash.o(.text)
    STMFLASH_Read                            0x08004875   Thumb Code    22  flash.o(.text)
    STMFLASH_Read_Word                       0x0800488d   Thumb Code    22  flash.o(.text)
    UpdateCmdArrayFunc                       0x080048a5   Thumb Code   440  flash.o(.text)
    Save_Parameter_Process                   0x08004a61   Thumb Code    62  flash.o(.text)
    InitUserParaProcess                      0x08004aa1   Thumb Code   512  flash.o(.text)
    ota_flash_erase                          0x08004ca5   Thumb Code   136  flash.o(.text)
    ota_write_byteword                       0x08004d2d   Thumb Code    72  flash.o(.text)
    UpdateSetCmdFunc                         0x08004d75   Thumb Code   106  flash.o(.text)
    NMI_Handler                              0x08004de1   Thumb Code     2  stm32f4xx_it.o(.text)
    HardFault_Handler                        0x08004de5   Thumb Code     2  stm32f4xx_it.o(.text)
    MemManage_Handler                        0x08004de9   Thumb Code     2  stm32f4xx_it.o(.text)
    BusFault_Handler                         0x08004ded   Thumb Code     2  stm32f4xx_it.o(.text)
    UsageFault_Handler                       0x08004df1   Thumb Code     2  stm32f4xx_it.o(.text)
    SVC_Handler                              0x08004df5   Thumb Code     2  stm32f4xx_it.o(.text)
    DebugMon_Handler                         0x08004df9   Thumb Code     2  stm32f4xx_it.o(.text)
    PendSV_Handler                           0x08004dfd   Thumb Code     2  stm32f4xx_it.o(.text)
    TIM1_UP_TIM10_IRQHandler                 0x08004e01   Thumb Code     2  stm32f4xx_it.o(.text)
    ADC_IRQHandler                           0x08004e05   Thumb Code     2  stm32f4xx_it.o(.text)
    SysTick_Handler                          0x08004e09   Thumb Code    46  stm32f4xx_it.o(.text)
    TIM3_IRQHandler                          0x08004e39   Thumb Code     2  stm32f4xx_it.o(.text)
    TIM5_IRQHandler                          0x08004e3d   Thumb Code     2  stm32f4xx_it.o(.text)
    TIM1_BRK_TIM9_IRQHandler                 0x08004e41   Thumb Code     2  stm32f4xx_it.o(.text)
    CAN1_RX0_IRQHandler                      0x08004e45   Thumb Code     2  stm32f4xx_it.o(.text)
    CAN2_RX0_IRQHandler                      0x08004e49   Thumb Code     2  stm32f4xx_it.o(.text)
    Task1ms_v_g                              0x08004e4d   Thumb Code     2  Task.o(.text)
    Task5ms_v_g                              0x08004e51   Thumb Code    30  Task.o(.text)
    Task10ms_v_g                             0x08004e71   Thumb Code     2  Task.o(.text)
    Task100ms_v_g                            0x08004e75   Thumb Code     2  Task.o(.text)
    TaskParmInit                             0x08004e79   Thumb Code    34  Task.o(.text)
    TaskProcess                              0x08004e9d   Thumb Code    40  Task.o(.text)
    TaskRemarks                              0x08004ec5   Thumb Code    56  Task.o(.text)
    Limit_Q31                                0x08004efd   Thumb Code    44  limit.o(.text)
    Limit_f32                                0x08004f29   Thumb Code    96  limit.o(.text)
    Limit_Q15                                0x08004f89   Thumb Code    48  limit.o(.text)
    Rate_Tracking_Q31                        0x08004fb9   Thumb Code    56  limit.o(.text)
    DeadZoneLimit_Q31                        0x08004ff1   Thumb Code    34  limit.o(.text)
    Rate_Tracking_Q15                        0x08005015   Thumb Code    58  limit.o(.text)
    DiagnoseCurFdbASensorErr                 0x08005051   Thumb Code   104  Diagnose.o(.text)
    GetPe12Status                            0x080050b9   Thumb Code    16  Diagnose.o(.text)
    SetErrorByte                             0x080050c9   Thumb Code    16  Diagnose.o(.text)
    ClearErrorByte                           0x080050d9   Thumb Code    18  Diagnose.o(.text)
    DiagnoseCurFdbBSensorErr                 0x080050ed   Thumb Code   104  Diagnose.o(.text)
    GetPd10Status                            0x08005155   Thumb Code    16  Diagnose.o(.text)
    DiagnosePressure01SensorErr              0x08005165   Thumb Code   122  Diagnose.o(.text)
    DiagnosePressure02SensorErr              0x080051e1   Thumb Code   122  Diagnose.o(.text)
    DiagnoseAngleSensorErr                   0x0800525d   Thumb Code   122  Diagnose.o(.text)
    __aeabi_memset                           0x080052d7   Thumb Code    14  memseta.o(.text)
    __aeabi_memset4                          0x080052d7   Thumb Code     0  memseta.o(.text)
    __aeabi_memset8                          0x080052d7   Thumb Code     0  memseta.o(.text)
    __aeabi_memclr                           0x080052e5   Thumb Code     4  memseta.o(.text)
    __aeabi_memclr4                          0x080052e5   Thumb Code     0  memseta.o(.text)
    __aeabi_memclr8                          0x080052e5   Thumb Code     0  memseta.o(.text)
    _memset$wrapper                          0x080052e9   Thumb Code    18  memseta.o(.text)
    __I$use$fp                               0x080052fb   Thumb Code     0  iusefp.o(.text)
    _frnd                                    0x080052fb   Thumb Code    60  frnd.o(.text)
    _ffix_r                                  0x08005337   Thumb Code    76  ffixir.o(.text)
    __scatterload                            0x08005385   Thumb Code    38  init.o(.text)
    __scatterload_rt2                        0x08005385   Thumb Code     0  init.o(.text)
    _float_round                             0x080053b5   Thumb Code    18  fepilogue.o(.text)
    _float_epilogue                          0x080053c7   Thumb Code    92  fepilogue.o(.text)
    Angle_PID_Regulator                      0x08005425   Thumb Code   694  pid.o(i.Angle_PID_Regulator)
    Compute_Cur_B_Ref                        0x080056e5   Thumb Code   502  deadzone_current.o(i.Compute_Cur_B_Ref)
    PID_Regulator                            0x080058f9   Thumb Code   212  pid.o(i.PID_Regulator)
    Pressure_PID_Regulator                   0x080059cd   Thumb Code   950  pid.o(i.Pressure_PID_Regulator)
    __hardfp_lrintf                          0x08005d9d   Thumb Code    72  lrintf.o(i.__hardfp_lrintf)
    __scatterload_copy                       0x08005de5   Thumb Code    14  handlers.o(i.__scatterload_copy)
    __scatterload_null                       0x08005df3   Thumb Code     2  handlers.o(i.__scatterload_null)
    __scatterload_zeroinit                   0x08005df5   Thumb Code    14  handlers.o(i.__scatterload_zeroinit)
    __set_errno                              0x08005e05   Thumb Code     6  errno.o(i.__set_errno)
    AHBPrescTable                            0x08005e68   Data          16  system_stm32f4xx.o(.rodata.AHBPrescTable)
    Region$$Table$$Base                      0x08005e88   Number         0  anon$$obj.o(Region$$Table)
    Region$$Table$$Limit                     0x08005ea8   Number         0  anon$$obj.o(Region$$Table)
    Application_Valid_Flag                   0x0803c000   Data           4  flash.o(.ARM.__at_0x0803C000)
    g_s32_Scope_P_Loop_Output                0x20000000   Data           4  pid.o(.data)
    g_s32_Scope_D_Loop_Output                0x20000004   Data           4  pid.o(.data)
    g_s32_Scope_V_Loop_Output                0x20000008   Data           4  pid.o(.data)
    g_s32_Scope_PD_Loop_Output               0x2000000c   Data           4  pid.o(.data)
    g_s32_PrsCompByAng_D_P                   0x20000010   Data           4  pid.o(.data)
    g_s32_PrsCompByAng_D_Div                 0x20000014   Data           4  pid.o(.data)
    ANGSENSOR_BREAK                          0x20000024   Data           1  application.o(.data.ANGSENSOR_BREAK)
    AngSwinging                              0x20000028   Data           8  application.o(.data.AngSwinging)
    BUS_BREAK                                0x20000030   Data           1  application.o(.data.BUS_BREAK)
    CHKE_BREAK                               0x20000031   Data           1  application.o(.data.CHKE_BREAK)
    CurFdb_A_BREAK                           0x20000032   Data           1  application.o(.data.CurFdb_A_BREAK)
    CurFdb_B_BREAK                           0x20000033   Data           1  application.o(.data.CurFdb_B_BREAK)
    DeadZone                                 0x20000034   Data           4  application.o(.data.DeadZone)
    E2PROM_BREAK                             0x20000038   Data           1  application.o(.data.E2PROM_BREAK)
    FilterTimConstant                        0x2000003c   Data          16  main.o(.data.FilterTimConstant)
    InstructionSet                           0x2000004c   Data          24  application.o(.data.InstructionSet)
    PRSSENSOR_01_BREAK                       0x20000064   Data           1  application.o(.data.PRSSENSOR_01_BREAK)
    PRSSENSOR_02_BREAK                       0x20000065   Data           1  application.o(.data.PRSSENSOR_02_BREAK)
    READY                                    0x20000066   Data           1  application.o(.data.READY)
    SysParameter                             0x20000068   Data          30  application.o(.data.SysParameter)
    SystemCoreClock                          0x20000088   Data           4  system_stm32f4xx.o(.data.SystemCoreClock)
    TimParametr                              0x200000bc   Data          14  main.o(.data.TimParametr)
    User_Parameter                           0x200000cc   Data          36  application.o(.data.User_Parameter)
    g_f32_AngSwinging_Amp_Angle              0x200000f0   Data           4  application.o(.data.g_f32_AngSwinging_Amp_Angle)
    g_f32_CurFilterPara                      0x200000f4   Data           4  analog_input.o(.data.g_f32_CurFilterPara)
    g_u16_AngSwinging_Freq_Angle             0x200000f8   Data           2  application.o(.data.g_u16_AngSwinging_Freq_Angle)
    g_u16_Ang_D_TimCnt_InPrsLoop             0x200000fa   Data           2  analog_input.o(.data.g_u16_Ang_D_TimCnt_InPrsLoop)
    s_u32_TestLowPassFilterPara              0x200000fc   Data           4  analog_input.o(.data.s_u32_TestLowPassFilterPara)
    temple_max_cur_ref                       0x20000100   Data           2  application.o(.data.temple_max_cur_ref)
    temple_min_cur_ref                       0x20000102   Data           2  application.o(.data.temple_min_cur_ref)
    temple_t_u16_SolDeadCur_B                0x20000104   Data           2  application.o(.data.temple_t_u16_SolDeadCur_B)
    temple_t_u16_SolDeadCur_Fall_B           0x20000106   Data           2  application.o(.data.temple_t_u16_SolDeadCur_Fall_B)
    Pwm_Output_A                             0x20000108   Data          64  pid.o(.bss)
    Pwm_Output_B                             0x20000148   Data          64  pid.o(.bss)
    Angle_Loop                               0x20000188   Data          64  pid.o(.bss)
    Pressure_Loop                            0x200001c8   Data          64  pid.o(.bss)
    AnalogInput                              0x20000208   Data          44  analog_input.o(.bss.AnalogInput)
    DetectorFdbVal                           0x20000254   Data          28  analog_input.o(.bss.DetectorFdbVal)
    PpqEnable                                0x2000028b   Data           5  application.o(.bss.PpqEnable)
    Prs_offset_a                             0x20000290   Data           4  application.o(.bss.Prs_offset_a)
    Prs_offset_b                             0x20000294   Data           2  application.o(.bss.Prs_offset_b)
    ScopeVal                                 0x20000298   Data          16  application.o(.bss.ScopeVal)
    TimCnt                                   0x200002b6   Data          12  application.o(.bss.TimCnt)
    g_ADC_Original_Value                     0x200002c8   Data         320  analog_input.o(.bss.g_ADC_Original_Value)
    g_HLCmdMap                               0x20000408   Data        1024  main.o(.bss.g_HLCmdMap)
    g_PCRdCmd                                0x20000808   Data         192  main.o(.bss.g_PCRdCmd)
    g_PCSetCmd                               0x200008c8   Data          96  main.o(.bss.g_PCSetCmd)
    g_f32_CurA_Ratio                         0x20000928   Data           4  application.o(.bss.g_f32_CurA_Ratio)
    g_f32_CurB_Ratio                         0x2000092c   Data           4  application.o(.bss.g_f32_CurB_Ratio)
    g_s16_PrsCompAngVal                      0x20000930   Data           2  application.o(.bss.g_s16_PrsCompAngVal)
    g_u16_Ang_D_Cnt_InPrsLoop                0x20000932   Data           2  analog_input.o(.bss.g_u16_Ang_D_Cnt_InPrsLoop)
    g_u32_PWMOutput_B                        0x20000934   Data           4  application.o(.bss.g_u32_PWMOutput_B)
    g_u8_ErrorByte                           0x20000938   Data           1  Diagnose.o(.bss.g_u8_ErrorByte)
    g_u8_ExchangeFlg                         0x20000939   Data           1  application.o(.bss.g_u8_ExchangeFlg)
    s16_PrsOffset                            0x2000093a   Data           2  application.o(.bss.s16_PrsOffset)
    s_u16_TiltAngRef_PwrLmt                  0x2000093c   Data           2  application.o(.bss.s_u16_TiltAngRef_PwrLmt)
    s_u32_Pre_TestLowPassFilter              0x20000940   Data           4  analog_input.o(.bss.s_u32_Pre_TestLowPassFilter)
    s_u32_TestLowPassFilter                  0x20000944   Data           4  analog_input.o(.bss.s_u32_TestLowPassFilter)
    __initial_sp                             0x20000d48   Data           0  startup_stm32f40_41xxx.o(STACK)



==============================================================================

Memory Map of the image

  Image Entry point : 0x08000189

  Load Region LR_IROM1 (Base: 0x08000000, Size: 0x0003c110, Max: 0x00040000, ABSOLUTE)

    Execution Region ER_IROM1 (Exec base: 0x08000000, Load base: 0x08000000, Size: 0x0003c004, Max: 0x00040000, ABSOLUTE)

    Exec Addr    Load Addr    Size         Type   Attr      Idx    E Section Name        Object

    0x08000000   0x08000000   0x00000188   Data   RO           21    RESET               startup_stm32f40_41xxx.o
    0x08000188   0x08000188   0x00000000   Code   RO          740  * .ARM.Collect$$$$00000000  mc_w.l(entry.o)
    0x08000188   0x08000188   0x00000004   Code   RO          749    .ARM.Collect$$$$00000001  mc_w.l(entry2.o)
    0x0800018c   0x0800018c   0x00000004   Code   RO          752    .ARM.Collect$$$$00000004  mc_w.l(entry5.o)
    0x08000190   0x08000190   0x00000000   Code   RO          754    .ARM.Collect$$$$00000008  mc_w.l(entry7b.o)
    0x08000190   0x08000190   0x00000000   Code   RO          756    .ARM.Collect$$$$0000000A  mc_w.l(entry8b.o)
    0x08000190   0x08000190   0x00000008   Code   RO          757    .ARM.Collect$$$$0000000B  mc_w.l(entry9a.o)
    0x08000198   0x08000198   0x00000000   Code   RO          759    .ARM.Collect$$$$0000000D  mc_w.l(entry10a.o)
    0x08000198   0x08000198   0x00000000   Code   RO          761    .ARM.Collect$$$$0000000F  mc_w.l(entry11a.o)
    0x08000198   0x08000198   0x00000004   Code   RO          750    .ARM.Collect$$$$00002712  mc_w.l(entry2.o)
    0x0800019c   0x0800019c   0x000000ae   Code   RO            1    .text               main.o
    0x0800024a   0x0800024a   0x00000002   PAD
    0x0800024c   0x0800024c   0x00000024   Code   RO           22    .text               startup_stm32f40_41xxx.o
    0x08000270   0x08000270   0x0000017a   Code   RO           28    .text               system_stm32f4xx.o
    0x080003ea   0x080003ea   0x00000002   PAD
    0x080003ec   0x080003ec   0x000000c0   Code   RO           38    .text               misc.o
    0x080004ac   0x080004ac   0x0000039c   Code   RO           46    .text               stm32f4xx_adc.o
    0x08000848   0x08000848   0x00000494   Code   RO          134    .text               stm32f4xx_dma.o
    0x08000cdc   0x08000cdc   0x000005f4   Code   RO          150    .text               stm32f4xx_flash.o
    0x080012d0   0x080012d0   0x00000160   Code   RO          184    .text               stm32f4xx_gpio.o
    0x08001430   0x08001430   0x00000056   Code   RO          217    .text               stm32f4xx_iwdg.o
    0x08001486   0x08001486   0x00000002   PAD
    0x08001488   0x08001488   0x0000056c   Code   RO          242    .text               stm32f4xx_rcc.o
    0x080019f4   0x080019f4   0x00000394   Code   RO          284    .text               stm32f4xx_spi.o
    0x08001d88   0x08001d88   0x00000b26   Code   RO          300    .text               stm32f4xx_tim.o
    0x080028ae   0x080028ae   0x00000002   PAD
    0x080028b0   0x080028b0   0x000000d4   Code   RO          325    .text               Hw_SPI.o
    0x08002984   0x08002984   0x00000168   Code   RO          332    .text               Hw_ADC.o
    0x08002aec   0x08002aec   0x000001d2   Code   RO          339    .text               Hw_GPIO.o
    0x08002cbe   0x08002cbe   0x00000002   PAD
    0x08002cc0   0x08002cc0   0x000000ce   Code   RO          346    .text               Hw_TIM.o
    0x08002d8e   0x08002d8e   0x00000002   PAD
    0x08002d90   0x08002d90   0x000003b8   Code   RO          354    .text               AD7689.o
    0x08003148   0x08003148   0x000005c4   Code   RO          379    .text               analog_input.o
    0x0800370c   0x0800370c   0x00000d50   Code   RO          405    .text               application.o
    0x0800445c   0x0800445c   0x00000982   Code   RO          467    .text               flash.o
    0x08004dde   0x08004dde   0x00000002   PAD
    0x08004de0   0x08004de0   0x0000006a   Code   RO          476    .text               stm32f4xx_it.o
    0x08004e4a   0x08004e4a   0x00000002   PAD
    0x08004e4c   0x08004e4c   0x000000b0   Code   RO          483    .text               Task.o
    0x08004efc   0x08004efc   0x00000152   Code   RO          504    .text               limit.o
    0x0800504e   0x0800504e   0x00000002   PAD
    0x08005050   0x08005050   0x00000286   Code   RO          512    .text               Diagnose.o
    0x080052d6   0x080052d6   0x00000024   Code   RO          745    .text               mc_w.l(memseta.o)
    0x080052fa   0x080052fa   0x00000000   Code   RO          770    .text               mc_w.l(iusefp.o)
    0x080052fa   0x080052fa   0x0000003c   Code   RO          771    .text               mf_w.l(frnd.o)
    0x08005336   0x08005336   0x0000004c   Code   RO          773    .text               mf_w.l(ffixir.o)
    0x08005382   0x08005382   0x00000002   PAD
    0x08005384   0x08005384   0x00000030   Code   RO          775    .text               mc_w.l(init.o)
    0x080053b4   0x080053b4   0x0000006e   Code   RO          777    .text               mf_w.l(fepilogue.o)
    0x08005422   0x08005422   0x00000002   PAD
    0x08005424   0x08005424   0x000002c0   Code   RO          581    i.Angle_PID_Regulator  PID_AREA.lib(pid.o)
    0x080056e4   0x080056e4   0x00000214   Code   RO          545    i.Compute_Cur_B_Ref  Deadzone_Current.lib(deadzone_current.o)
    0x080058f8   0x080058f8   0x000000d4   Code   RO          582    i.PID_Regulator     PID_AREA.lib(pid.o)
    0x080059cc   0x080059cc   0x000003d0   Code   RO          583    i.Pressure_PID_Regulator  PID_AREA.lib(pid.o)
    0x08005d9c   0x08005d9c   0x00000048   Code   RO          736    i.__hardfp_lrintf   m_wm.l(lrintf.o)
    0x08005de4   0x08005de4   0x0000000e   Code   RO          781    i.__scatterload_copy  mc_w.l(handlers.o)
    0x08005df2   0x08005df2   0x00000002   Code   RO          782    i.__scatterload_null  mc_w.l(handlers.o)
    0x08005df4   0x08005df4   0x0000000e   Code   RO          783    i.__scatterload_zeroinit  mc_w.l(handlers.o)
    0x08005e02   0x08005e02   0x00000002   PAD
    0x08005e04   0x08005e04   0x0000000c   Code   RO          765    i.__set_errno       mc_w.l(errno.o)
    0x08005e10   0x08005e10   0x0000002a   Code   RO          546    i.clampf            Deadzone_Current.lib(deadzone_current.o)
    0x08005e3a   0x08005e3a   0x00000002   PAD
    0x08005e3c   0x08005e3c   0x0000002c   Data   RO          186    .rodata..Lswitch.table.GPIO_DeInit.1  stm32f4xx_gpio.o
    0x08005e68   0x08005e68   0x00000010   Data   RO           31    .rodata.AHBPrescTable  system_stm32f4xx.o
    0x08005e78   0x08005e78   0x00000010   Data   RO          244    .rodata.APBAHBPrescTable  stm32f4xx_rcc.o
    0x08005e88   0x08005e88   0x00000020   Data   RO          780    Region$$Table       anon$$obj.o
    0x08005ea8   0x08005ea8   0x00036158   PAD
    0x0803c000   0x0803c000   0x00000004   Data   RO          469    .ARM.__at_0x0803C000  flash.o


    Execution Region RW_IRAM1 (Exec base: 0x20000000, Load base: 0x0803c008, Size: 0x00000d48, Max: 0x00020000, ABSOLUTE)

    Exec Addr    Load Addr    Size         Type   Attr      Idx    E Section Name        Object

    0x20000000   0x0803c008   0x00000020   Data   RW          585    .data               PID_AREA.lib(pid.o)
    0x20000020   0x0803c028   0x00000004   Data   RW          766    .data               mc_w.l(errno.o)
    0x20000024   0x0803c02c   0x00000001   Data   RW          454    .data.ANGSENSOR_BREAK  application.o
    0x20000025   0x0803c02d   0x00000003   PAD
    0x20000028   0x0803c030   0x00000008   Data   RW          415    .data.AngSwinging   application.o
    0x20000030   0x0803c038   0x00000001   Data   RW          459    .data.BUS_BREAK     application.o
    0x20000031   0x0803c039   0x00000001   Data   RW          457    .data.CHKE_BREAK    application.o
    0x20000032   0x0803c03a   0x00000001   Data   RW          452    .data.CurFdb_A_BREAK  application.o
    0x20000033   0x0803c03b   0x00000001   Data   RW          453    .data.CurFdb_B_BREAK  application.o
    0x20000034   0x0803c03c   0x00000004   Data   RW          428    .data.DeadZone      application.o
    0x20000038   0x0803c040   0x00000001   Data   RW          458    .data.E2PROM_BREAK  application.o
    0x20000039   0x0803c041   0x00000003   PAD
    0x2000003c   0x0803c044   0x00000010   Data   RW            7    .data.FilterTimConstant  main.o
    0x2000004c   0x0803c054   0x00000018   Data   RW          413    .data.InstructionSet  application.o
    0x20000064   0x0803c06c   0x00000001   Data   RW          455    .data.PRSSENSOR_01_BREAK  application.o
    0x20000065   0x0803c06d   0x00000001   Data   RW          456    .data.PRSSENSOR_02_BREAK  application.o
    0x20000066   0x0803c06e   0x00000001   Data   RW          451    .data.READY         application.o
    0x20000067   0x0803c06f   0x00000001   PAD
    0x20000068   0x0803c070   0x0000001e   Data   RW          414    .data.SysParameter  application.o
    0x20000086   0x0803c08e   0x00000002   PAD
    0x20000088   0x0803c090   0x00000004   Data   RW           30    .data.SystemCoreClock  system_stm32f4xx.o
    0x2000008c   0x0803c094   0x00000030   Data   RW          489    .data.TaskComps     Task.o
    0x200000bc   0x0803c0c4   0x0000000e   Data   RW            6    .data.TimParametr   main.o
    0x200000ca   0x0803c0d2   0x00000002   PAD
    0x200000cc   0x0803c0d4   0x00000024   Data   RW          417    .data.User_Parameter  application.o
    0x200000f0   0x0803c0f8   0x00000004   Data   RW          420    .data.g_f32_AngSwinging_Amp_Angle  application.o
    0x200000f4   0x0803c0fc   0x00000004   Data   RW          393    .data.g_f32_CurFilterPara  analog_input.o
    0x200000f8   0x0803c100   0x00000002   Data   RW          419    .data.g_u16_AngSwinging_Freq_Angle  application.o
    0x200000fa   0x0803c102   0x00000002   Data   RW          386    .data.g_u16_Ang_D_TimCnt_InPrsLoop  analog_input.o
    0x200000fc   0x0803c104   0x00000004   Data   RW          396    .data.s_u32_TestLowPassFilterPara  analog_input.o
    0x20000100   0x0803c108   0x00000002   Data   RW          425    .data.temple_max_cur_ref  application.o
    0x20000102   0x0803c10a   0x00000002   Data   RW          424    .data.temple_min_cur_ref  application.o
    0x20000104   0x0803c10c   0x00000002   Data   RW          426    .data.temple_t_u16_SolDeadCur_B  application.o
    0x20000106   0x0803c10e   0x00000002   Data   RW          427    .data.temple_t_u16_SolDeadCur_Fall_B  application.o
    0x20000108        -       0x00000100   Zero   RW          584    .bss                PID_AREA.lib(pid.o)
    0x20000208        -       0x0000002c   Zero   RW          381    .bss.AnalogInput    analog_input.o
    0x20000234        -       0x00000004   Zero   RW          389    .bss.CalAD7689AvgAngPrsData.s_f32_Pre_Pressure_01  analog_input.o
    0x20000238        -       0x00000004   Zero   RW          390    .bss.CalAD7689AvgAngPrsData.s_f32_Pre_Pressure_02  analog_input.o
    0x2000023c        -       0x00000004   Zero   RW          391    .bss.CalAD7689AvgAngPrsData.s_f32_Pre_SwivelAngle_01  analog_input.o
    0x20000240        -       0x00000004   Zero   RW          392    .bss.CalAD7689AvgAngPrsData.s_f32_Pre_SwivelAngle_02  analog_input.o
    0x20000244        -       0x00000004   Zero   RW          387    .bss.CalAngFbkDiff_InPrsLoop_Func.s_s32_Pre_AngFdb  analog_input.o
    0x20000248        -       0x00000004   Zero   RW          384    .bss.Cal_AngFbkDiff_Func.s_s32_Pre_AngFdb  analog_input.o
    0x2000024c        -       0x00000004   Zero   RW          388    .bss.Cal_PrsFbkDiff_Func.s_s32_Pre_PressureFdb  analog_input.o
    0x20000250        -       0x00000004   Zero   RW          397    .bss.Cur_A_B_RefFilterFunc.s_f32_Pre_Cur_B  analog_input.o
    0x20000254        -       0x0000001c   Zero   RW          382    .bss.DetectorFdbVal  analog_input.o
    0x20000270        -       0x00000002   Zero   RW          524    .bss.DiagnoseAngleSensorErr.s_u16_ClrErrDlyCnt  Diagnose.o
    0x20000272        -       0x00000002   Zero   RW          523    .bss.DiagnoseAngleSensorErr.s_u16_SetErrDlyCnt  Diagnose.o
    0x20000274        -       0x00000002   Zero   RW          516    .bss.DiagnoseCurFdbASensorErr.s_u16_ClrErrDlyCnt  Diagnose.o
    0x20000276        -       0x00000002   Zero   RW          515    .bss.DiagnoseCurFdbASensorErr.s_u16_SetErrDlyCnt  Diagnose.o
    0x20000278        -       0x00000002   Zero   RW          518    .bss.DiagnoseCurFdbBSensorErr.s_u16_ClrErrDlyCnt  Diagnose.o
    0x2000027a        -       0x00000002   Zero   RW          517    .bss.DiagnoseCurFdbBSensorErr.s_u16_SetErrDlyCnt  Diagnose.o
    0x2000027c        -       0x00000002   Zero   RW          520    .bss.DiagnosePressure01SensorErr.s_u16_ClrErrDlyCnt  Diagnose.o
    0x2000027e        -       0x00000002   Zero   RW          519    .bss.DiagnosePressure01SensorErr.s_u16_SetErrDlyCnt  Diagnose.o
    0x20000280        -       0x00000002   Zero   RW          522    .bss.DiagnosePressure02SensorErr.s_u16_ClrErrDlyCnt  Diagnose.o
    0x20000282        -       0x00000002   Zero   RW          521    .bss.DiagnosePressure02SensorErr.s_u16_SetErrDlyCnt  Diagnose.o
    0x20000284        -       0x00000002   Zero   RW          444    .bss.LimitAngLoopOutput.s_u16_500ms_DlyCnt  application.o
    0x20000286        -       0x00000002   Zero   RW          446    .bss.LimitAngLoopOutput.s_u16_PreCurRef  application.o
    0x20000288        -       0x00000002   Zero   RW          445    .bss.LimitAngLoopOutput.s_u16_PreTiltAngleRef  application.o
    0x2000028a        -       0x00000001   Zero   RW          447    .bss.LimitAngLoopOutput.s_u8_Flag  application.o
    0x2000028b        -       0x00000005   Zero   RW          416    .bss.PpqEnable      application.o
    0x20000290        -       0x00000004   Zero   RW          437    .bss.Prs_offset_a   application.o
    0x20000294        -       0x00000002   Zero   RW          438    .bss.Prs_offset_b   application.o
    0x20000296   0x0803c110   0x00000002   PAD
    0x20000298        -       0x00000010   Zero   RW          443    .bss.ScopeVal       application.o
    0x200002a8        -       0x00000002   Zero   RW          421    .bss.TiltAng_A_FreqShakeFunc.u16CycleCnt  application.o
    0x200002aa        -       0x00000002   Zero   RW          422    .bss.TiltAng_B_FreqShakeFunc.u16CycleCnt  application.o
    0x200002ac        -       0x00000004   Zero   RW          442    .bss.TiltAngleLoop_Func.s_f32_AngRef  application.o
    0x200002b0        -       0x00000002   Zero   RW          440    .bss.TiltAngleLoop_Func.s_s16_AngLoopOutput_OffsetCur  application.o
    0x200002b2        -       0x00000002   Zero   RW          439    .bss.TiltAngleLoop_Func.s_s16_Cur_B_Ref  application.o
    0x200002b4        -       0x00000002   Zero   RW          441    .bss.TiltAngleLoop_Func.s_s16_PrsLoopOutput_OffsetCur  application.o
    0x200002b6        -       0x0000000c   Zero   RW          418    .bss.TimCnt         application.o
    0x200002c2        -       0x00000002   Zero   RW          448    .bss.UpdateAngleLoopMaxMinErrSum.s_u16_500ms_DlyCnt  application.o
    0x200002c4        -       0x00000002   Zero   RW          449    .bss.UpdateAngleLoopMaxMinErrSum.s_u16_PreTiltAngleRef  application.o
    0x200002c6        -       0x00000001   Zero   RW          450    .bss.UpdateAngleLoopMaxMinErrSum.s_u8_Flag  application.o
    0x200002c7   0x0803c110   0x00000001   PAD
    0x200002c8        -       0x00000140   Zero   RW          383    .bss.g_ADC_Original_Value  analog_input.o
    0x20000408        -       0x00000400   Zero   RW            3    .bss.g_HLCmdMap     main.o
    0x20000808        -       0x000000c0   Zero   RW            5    .bss.g_PCRdCmd      main.o
    0x200008c8        -       0x00000060   Zero   RW            4    .bss.g_PCSetCmd     main.o
    0x20000928        -       0x00000004   Zero   RW          407    .bss.g_f32_CurA_Ratio  application.o
    0x2000092c        -       0x00000004   Zero   RW          408    .bss.g_f32_CurB_Ratio  application.o
    0x20000930        -       0x00000002   Zero   RW          430    .bss.g_s16_PrsCompAngVal  application.o
    0x20000932        -       0x00000002   Zero   RW          385    .bss.g_u16_Ang_D_Cnt_InPrsLoop  analog_input.o
    0x20000934        -       0x00000004   Zero   RW          410    .bss.g_u32_PWMOutput_B  application.o
    0x20000938        -       0x00000001   Zero   RW          514    .bss.g_u8_ErrorByte  Diagnose.o
    0x20000939        -       0x00000001   Zero   RW          423    .bss.g_u8_ExchangeFlg  application.o
    0x2000093a        -       0x00000002   Zero   RW          436    .bss.s16_PrsOffset  application.o
    0x2000093c        -       0x00000002   Zero   RW          433    .bss.s_u16_TiltAngRef_PwrLmt  application.o
    0x2000093e   0x0803c110   0x00000002   PAD
    0x20000940        -       0x00000004   Zero   RW          394    .bss.s_u32_Pre_TestLowPassFilter  analog_input.o
    0x20000944        -       0x00000004   Zero   RW          395    .bss.s_u32_TestLowPassFilter  analog_input.o
    0x20000948        -       0x00000400   Zero   RW           19    STACK               startup_stm32f40_41xxx.o


==============================================================================

Image component sizes


      Code (inc. data)   RO Data    RW Data    ZI Data      Debug   Object Name

       952          0          0          0          0       5836   AD7689.o
       646          0          0          0         21       4627   Diagnose.o
       360          0          0          0          0       3807   Hw_ADC.o
       466          0          0          0          0       2354   Hw_GPIO.o
       212          0          0          0          0       2903   Hw_SPI.o
       206          0          0          0          0       3584   Hw_TIM.o
       176          0          0         48          0       2015   Task.o
      1476         30          0         10        434       8585   analog_input.o
      3408         12          0        125         84      14044   application.o
      2434          8          4          0          0       9485   flash.o
       338          0          0          0          0       2020   limit.o
       174          0          0         30       1312       6012   main.o
       192          0          0          0          0       3428   misc.o
        36          8        392          0       1024       1024   startup_stm32f40_41xxx.o
       924          0          0          0          0       9070   stm32f4xx_adc.o
      1172          0          0          0          0       6309   stm32f4xx_dma.o
      1524          0          0          0          0       8743   stm32f4xx_flash.o
       352          0         44          0          0       4623   stm32f4xx_gpio.o
       106          0          0          0          0       1508   stm32f4xx_it.o
        86          0          0          0          0       1733   stm32f4xx_iwdg.o
      1388          4         16          0          0      12148   stm32f4xx_rcc.o
       916          8          0          0          0       8202   stm32f4xx_spi.o
      2854          0          0          0          0      23732   stm32f4xx_tim.o
       378          4         16          4          0       3405   system_stm32f4xx.o

    ----------------------------------------------------------------------
     20794         74     222032        228       2880     149197   Object Totals
         0          0         32          0          0          0   (incl. Generated)
        18          0     221528         11          5          0   (incl. Padding)

    ----------------------------------------------------------------------

      Code (inc. data)   RO Data    RW Data    ZI Data      Debug   Library Member Name

       574         30          0          0          0       7324   deadzone_current.o
      1892         36          0         32        256     296757   pid.o
        72          0          0          0          0        136   lrintf.o
         0          0          0          0          0          0   entry.o
         0          0          0          0          0          0   entry10a.o
         0          0          0          0          0          0   entry11a.o
         8          4          0          0          0          0   entry2.o
         4          0          0          0          0          0   entry5.o
         0          0          0          0          0          0   entry7b.o
         0          0          0          0          0          0   entry8b.o
         8          4          0          0          0          0   entry9a.o
        12          6          0          4          0         68   errno.o
        30          0          0          0          0          0   handlers.o
        48         10          0          0          0         68   init.o
         0          0          0          0          0          0   iusefp.o
        36          0          0          0          0        108   memseta.o
       110          0          0          0          0        168   fepilogue.o
        76          0          0          0          0         76   ffixir.o
        60          0          0          0          0         76   frnd.o

    ----------------------------------------------------------------------
      2938         90          0         36        256     304781   Library Totals
         8          0          0          0          0          0   (incl. Padding)

    ----------------------------------------------------------------------

      Code (inc. data)   RO Data    RW Data    ZI Data      Debug   Library Name

       574         30          0          0          0       7324   Deadzone_Current.lib
      1892         36          0         32        256     296757   PID_AREA.lib
        72          0          0          0          0        136   m_wm.l
       146         24          0          4          0        244   mc_w.l
       246          0          0          0          0        320   mf_w.l

    ----------------------------------------------------------------------
      2938         90          0         36        256     304781   Library Totals

    ----------------------------------------------------------------------

==============================================================================


      Code (inc. data)   RO Data    RW Data    ZI Data      Debug   

     23732        164     222032        264       3136     453186   Grand Totals
     23732        164     222032        264       3136     453186   ELF Image Totals
     23732        164     222032        264          0          0   ROM Totals

==============================================================================

    Total RO  Size (Code + RO Data)               245764 ( 240.00kB)
    Total RW  Size (RW Data + ZI Data)              3400 (   3.32kB)
    Total ROM Size (Code + RO Data + RW Data)     246028 ( 240.26kB)

==============================================================================

